06-21 23:13:49.056  1487  2097 D TelephonyRegistry: notifyServiceStateForSubscriber: r={callingPackage=android binder=android.telephony.PhoneStateListener$IPhoneStateListenerStub@a68c404 callback=android.telephony.PhoneStateListener$IPhoneStateListenerStub@a68c404 onSubscriptionsChangedListenererCallback=null callerUserId=0 subId=2147483647 phoneId=-1 events=20 canReadPhoneState=true} subId=2147483643 phoneId=0 state={mVoiceRegState=1(OUT_OF_SERVICE), mDataRegState=1(OUT_OF_SERVICE), mVoiceRoamingType=home, mDataRoamingType=home, mVoiceOperatorAlphaLong=, mVoiceOperatorAlphaShort=, mDataOperatorAlphaLong=, mDataOperatorAlphaShort=, isManualNetworkSelection=false(automatic), mRilVoiceRadioTechnology=0(Unknown), mRilDataRadioTechnology=0(Unknown), mCssIndicator=unsupported, mNetworkId=-1, mSystemId=-1, mCdmaRoamingIndicator=-1, mCdmaDefaultRoamingIndicator=-1, mIsEmergencyOnly=false, mIsDataRoamingFromRegistration=false, mIsUsingCarrierAggregation=false, mLteEarfcnRsrpBoost=0}
06-21 23:13:49.056  1487  2097 D TelephonyRegistry: notifyServiceStateForSubscriber: r={callingPackage=android binder=android.telephony.PhoneStateListener$IPhoneStateListenerStub@1f50d3d callback=android.telephony.PhoneStateListener$IPhoneStateListenerStub@1f50d3d onSubscriptionsChangedListenererCallback=null callerUserId=0 subId=2147483647 phoneId=-1 events=20 canReadPhoneState=true} subId=2147483643 phoneId=0 state={mVoiceRegState=1(OUT_OF_SERVICE), mDataRegState=1(OUT_OF_SERVICE), mVoiceRoamingType=home, mDataRoamingType=home, mVoiceOperatorAlphaLong=, mVoiceOperatorAlphaShort=, mDataOperatorAlphaLong=, mDataOperatorAlphaShort=, isManualNetworkSelection=false(automatic), mRilVoiceRadioTechnology=0(Unknown), mRilDataRadioTechnology=0(Unknown), mCssIndicator=unsupported, mNetworkId=-1, mSystemId=-1, mCdmaRoamingIndicator=-1, mCdmaDefaultRoamingIndicator=-1, mIsEmergencyOnly=false, mIsDataRoamingFromRegistration=false, mIsUsingCarrierAggregation=false, mLteEarfcnRsrpBoost=0}
06-21 23:13:49.056  1487  2097 D TelephonyRegistry: notifyServiceStateForSubscriber: r={callingPackage=android binder=android.telephony.PhoneStateListener$IPhoneStateListenerStub@de1ab84 callback=android.telephony.PhoneStateListener$IPhoneStateListenerStub@de1ab84 onSubscriptionsChangedListenererCallback=null callerUserId=0 subId=2147483647 phoneId=-1 events=410 canReadPhoneState=false} subId=2147483643 phoneId=0 state={mVoiceRegState=1(OUT_OF_SERVICE), mDataRegState=1(OUT_OF_SERVICE), mVoiceRoamingType=home, mDataRoamingType=home, mVoiceOperatorAlphaLong=, mVoiceOperatorAlphaShort=, mDataOperatorAlphaLong=, mDataOperatorAlphaShort=, isManualNetworkSelection=false(automatic), mRilVoiceRadioTechnology=0(Unknown), mRilDataRadioTechnology=0(Unknown), mCssIndicator=unsupported, mNetworkId=-1, mSystemId=-1, mCdmaRoamingIndicator=-1, mCdmaDefaultRoamingIndicator=-1, mIsEmergencyOnly=false, mIsDataRoamingFromRegistration=false, mIsUsingCarrierAggregation=false, mLteEarfcnRsrpBoost=0}
06-21 23:13:49.056  2142  2614 D QtiSubscriptionController: getPhoneId, received dummy subId 2147483643
06-21 23:13:49.056  1487  2097 D TelephonyRegistry: notifyServiceStateForSubscriber: r={callingPackage=android binder=android.telephony.SubscriptionManager$OnSubscriptionsChangedListener$2@eb19569 callback=null onSubscriptionsChangedListenererCallback=android.telephony.SubscriptionManager$OnSubscriptionsChangedListener$2@eb19569 callerUserId=0 subId=-1 phoneId=-1 events=0 canReadPhoneState=true} subId=2147483643 phoneId=0 state={mVoiceRegState=1(OUT_OF_SERVICE), mDataRegState=1(OUT_OF_SERVICE), mVoiceRoamingType=home, mDataRoamingType=home, mVoiceOperatorAlphaLong=, mVoiceOperatorAlphaShort=, mDataOperatorAlphaLong=, mDataOperatorAlphaShort=, isManualNetworkSelection=false(automatic), mRilVoiceRadioTechnology=0(Unknown), mRilDataRadioTechnology=0(Unknown), mCssIndicator=unsupported, mNetworkId=-1, mSystemId=-1, mCdmaRoamingIndicator=-1, mCdmaDefaultRoamingIndicator=-1, mIsEmergencyOnly=false, mIsDataRoamingFromRegistration=false, mIsUsingCarrierAggregation=false, mLteEarfcnRsrpBoost=0}
06-21 23:13:49.056  1487  2097 D TelephonyRegistry: notifyServiceStateForSubscriber: r={callingPackage=android binder=android.telephony.PhoneStateListener$IPhoneStateListenerStub@606089b callback=android.telephony.PhoneStateListener$IPhoneStateListenerStub@606089b onSubscriptionsChangedListenererCallback=null callerUserId=0 subId=2147483647 phoneId=-1 events=20 canReadPhoneState=true} subId=2147483643 phoneId=0 state={mVoiceRegState=1(OUT_OF_SERVICE), mDataRegState=1(OUT_OF_SERVICE), mVoiceRoamingType=home, mDataRoamingType=home, mVoiceOperatorAlphaLong=, mVoiceOperatorAlphaShort=, mDataOperatorAlphaLong=, mDataOperatorAlphaShort=, isManualNetworkSelection=false(automatic), mRilVoiceRadioTechnology=0(Unknown), mRilDataRadioTechnology=0(Unknown), mCssIndicator=unsupported, mNetworkId=-1, mSystemId=-1, mCdmaRoamingIndicator=-1, mCdmaDefaultRoamingIndicator=-1, mIsEmergencyOnly=false, mIsDataRoamingFromRegistration=false, mIsUsingCarrierAggregation=false, mLteEarfcnRsrpBoost=0}
06-21 23:13:49.056  1487  2097 D TelephonyRegistry: notifyServiceStateForSubscriber: r={callingPackage=android binder=android.telephony.SubscriptionManager$OnSubscriptionsChangedListener$2@2013be4 callback=null onSubscriptionsChangedListenererCallback=android.telephony.SubscriptionManager$OnSubscriptionsChangedListener$2@2013be4 callerUserId=0 subId=-1 phoneId=-1 events=0 canReadPhoneState=true} subId=2147483643 phoneId=0 state={mVoiceRegState=1(OUT_OF_SERVICE), mDataRegState=1(OUT_OF_SERVICE), mVoiceRoamingType=home, mDataRoamingType=home, mVoiceOperatorAlphaLong=, mVoiceOperatorAlphaShort=, mDataOperatorAlphaLong=, mDataOperatorAlphaShort=, isManualNetworkSelection=false(automatic), mRilVoiceRadioTechnology=0(Unknown), mRilDataRadioTechnology=0(Unknown), mCssIndicator=unsupported, mNetworkId=-1, mSystemId=-1, mCdmaRoamingIndicator=-1, mCdmaDefaultRoamingIndicator=-1, mIsEmergencyOnly=false, mIsDataRoamingFromRegistration=false, mIsUsingCarrierAggregation=false, mLteEarfcnRsrpBoost=0}
06-21 23:13:49.056  1487  2097 D TelephonyRegistry: notifyServiceStateForSubscriber: r={callingPackage=com.android.systemui binder=android.os.BinderProxy@5c0875 callback=null onSubscriptionsChangedListenererCallback=com.android.internal.telephony.IOnSubscriptionsChangedListener$Stub$Proxy@f1763ac callerUserId=0 subId=-1 phoneId=-1 events=0 canReadPhoneState=true} subId=2147483643 phoneId=0 state={mVoiceRegState=1(OUT_OF_SERVICE), mDataRegState=1(OUT_OF_SERVICE), mVoiceRoamingType=home, mDataRoamingType=home, mVoiceOperatorAlphaLong=, mVoiceOperatorAlphaShort=, mDataOperatorAlphaLong=, mDataOperatorAlphaShort=, isManualNetworkSelection=false(automatic), mRilVoiceRadioTechnology=0(Unknown), mRilDataRadioTechnology=0(Unknown), mCssIndicator=unsupported, mNetworkId=-1, mSystemId=-1, mCdmaRoamingIndicator=-1, mCdmaDefaultRoamingIndicator=-1, mIsEmergencyOnly=false, mIsDataRoamingFromRegistration=false, mIsUsingCarrierAggregation=false, mLteEarfcnRsrpBoost=0}
06-21 23:13:49.056  1487  2097 D TelephonyRegistry: notifyServiceStateForSubscriber: r={callingPackage=com.quicinc.cne.CNEService binder=android.os.BinderProxy@67b198e callback=null onSubscriptionsChangedListenererCallback=com.android.internal.telephony.IOnSubscriptionsChangedListener$Stub$Proxy@71c1589 callerUserId=0 subId=-1 phoneId=-1 events=0 canReadPhoneState=true} subId=2147483643 phoneId=0 state={mVoiceRegState=1(OUT_OF_SERVICE), mDataRegState=1(OUT_OF_SERVICE), mVoiceRoamingType=home, mDataRoamingType=home, mVoiceOperatorAlphaLong=, mVoiceOperatorAlphaShort=, mDataOperatorAlphaLong=, mDataOperatorAlphaShort=, isManualNetworkSelection=false(automatic), mRilVoiceRadioTechnology=0(Unknown), mRilDataRadioTechnology=0(Unknown), mCssIndicator=unsupported, mNetworkId=-1, mSystemId=-1, mCdmaRoamingIndicator=-1, mCdmaDefaultRoamingIndicator=-1, mIsEmergencyOnly=false, mIsDataRoamingFromRegistration=false, mIsUsingCarrierAggregation=false, mLteEarfcnRsrpBoost=0}
06-21 23:13:49.056  1487  2097 D TelephonyRegistry: notifyServiceStateForSubscriber: r={callingPackage=com.android.phone binder=android.os.BinderProxy@9a254b6 callback=null onSubscriptionsChangedListenererCallback=com.android.internal.telephony.IOnSubscriptionsChangedListener$Stub$Proxy@8cc2451 callerUserId=0 subId=-1 phoneId=-1 events=0 canReadPhoneState=true} subId=2147483643 phoneId=0 state={mVoiceRegState=1(OUT_OF_SERVICE), mDataRegState=1(OUT_OF_SERVICE), mVoiceRoamingType=home, mDataRoamingType=home, mVoiceOperatorAlphaLong=, mVoiceOperatorAlphaShort=, mDataOperatorAlphaLong=, mDataOperatorAlphaShort=, isManualNetworkSelection=false(automatic), mRilVoiceRadioTechnology=0(Unknown), mRilDataRadioTechnology=0(Unknown), mCssIndicator=unsupported, mNetworkId=-1, mSystemId=-1, mCdmaRoamingIndicator=-1, mCdmaDefaultRoamingIndicator=-1, mIsEmergencyOnly=false, mIsDataRoamingFromRegistration=false, mIsUsingCarrierAggregation=false, mLteEarfcnRsrpBoost=0}
06-21 23:13:49.056  1487  2097 D TelephonyRegistry: notifyServiceStateForSubscriber: r={callingPackage=com.android.phone binder=android.os.BinderProxy@3c680c6 callback=null onSubscriptionsChangedListenererCallback=com.android.internal.telephony.IOnSubscriptionsChangedListener$Stub$Proxy@51436a1 callerUserId=0 subId=-1 phoneId=-1 events=0 canReadPhoneState=true} subId=2147483643 phoneId=0 state={mVoiceRegState=1(OUT_OF_SERVICE), mDataRegState=1(OUT_OF_SERVICE), mVoiceRoamingType=home, mDataRoamingType=home, mVoiceOperatorAlphaLong=, mVoiceOperatorAlphaShort=, mDataOperatorAlphaLong=, mDataOperatorAlphaShort=, isManualNetworkSelection=false(automatic), mRilVoiceRadioTechnology=0(Unknown), mRilDataRadioTechnology=0(Unknown), mCssIndicator=unsupported, mNetworkId=-1, mSystemId=-1, mCdmaRoamingIndicator=-1, mCdmaDefaultRoamingIndicator=-1, mIsEmergencyOnly=false, mIsDataRoamingFromRegistration=false, mIsUsingCarrierAggregation=false, mLteEarfcnRsrpBoost=0}
06-21 23:13:49.056  1487  2097 D TelephonyRegistry: notifyServiceStateForSubscriber: r={callingPackage=com.android.phone binder=android.os.BinderProxy@30a03b4 callback=com.android.internal.telephony.IPhoneStateListener$Stub$Proxy@99c9bdd onSubscriptionsChangedListenererCallback=null callerUserId=0 subId=2147483647 phoneId=0 events=10000 canReadPhoneState=false} subId=2147483643 phoneId=0 state={mVoiceRegState=1(OUT_OF_SERVICE), mDataRegState=1(OUT_OF_SERVICE), mVoiceRoamingType=home, mDataRoamingType=home, mVoiceOperatorAlphaLong=, mVoiceOperatorAlphaShort=, mDataOperatorAlphaLong=, mDataOperatorAlphaShort=, isManualNetworkSelection=false(automatic), mRilVoiceRadioTechnology=0(Unknown), mRilDataRadioTechnology=0(Unknown), mCssIndicator=unsupported, mNetworkId=-1, mSystemId=-1, mCdmaRoamingIndicator=-1, mCdmaDefaultRoamingIndicator=-1, mIsEmergencyOnly=false, mIsDataRoamingFromRegistration=false, mIsUsingCarrierAggregation=false, mLteEarfcnRsrpBoost=0}
06-21 23:13:49.056  1487  2097 D TelephonyRegistry: notifyServiceStateForSubscriber: r={callingPackage=com.android.phone binder=android.os.BinderProxy@6b92f41 callback=null onSubscriptionsChangedListenererCallback=com.android.internal.telephony.IOnSubscriptionsChangedListener$Stub$Proxy@5e0f628 callerUserId=0 subId=-1 phoneId=-1 events=0 canReadPhoneState=true} subId=2147483643 phoneId=0 state={mVoiceRegState=1(OUT_OF_SERVICE), mDataRegState=1(OUT_OF_SERVICE), mVoiceRoamingType=home, mDataRoamingType=home, mVoiceOperatorAlphaLong=, mVoiceOperatorAlphaShort=, mDataOperatorAlphaLong=, mDataOperatorAlphaShort=, isManualNetworkSelection=false(automatic), mRilVoiceRadioTechnology=0(Unknown), mRilDataRadioTechnology=0(Unknown), mCssIndicator=unsupported, mNetworkId=-1, mSystemId=-1, mCdmaRoamingIndicator=-1, mCdmaDefaultRoamingIndicator=-1, mIsEmergencyOnly=false, mIsDataRoamingFromRegistration=false, mIsUsingCarrierAggregation=false, mLteEarfcnRsrpBoost=0}
06-21 23:13:49.056  1487  2097 D TelephonyRegistry: notifyServiceStateForSubscriber: r={callingPackage=com.android.phone binder=android.os.BinderProxy@3bb00ed callback=null onSubscriptionsChangedListenererCallback=com.android.internal.telephony.IOnSubscriptionsChangedListener$Stub$Proxy@5d9304 callerUserId=0 subId=-1 phoneId=-1 events=0 canReadPhoneState=true} subId=2147483643 phoneId=0 state={mVoiceRegState=1(OUT_OF_SERVICE), mDataRegState=1(OUT_OF_SERVICE), mVoiceRoamingType=home, mDataRoamingType=home, mVoiceOperatorAlphaLong=, mVoiceOperatorAlphaShort=, mDataOperatorAlphaLong=, mDataOperatorAlphaShort=, isManualNetworkSelection=false(automatic), mRilVoiceRadioTechnology=0(Unknown), mRilDataRadioTechnology=0(Unknown), mCssIndicator=unsupported, mNetworkId=-1, mSystemId=-1, mCdmaRoamingIndicator=-1, mCdmaDefaultRoamingIndicator=-1, mIsEmergencyOnly=false, mIsDataRoamingFromRegistration=false, mIsUsingCarrierAggregation=false, mLteEarfcnRsrpBoost=0}
06-21 23:13:49.056  1487  2097 D TelephonyRegistry: notifyServiceStateForSubscriber: r={callingPackage=com.android.phone binder=android.os.BinderProxy@2a2db70 callback=com.android.internal.telephony.IPhoneStateListener$Stub$Proxy@6d3bee9 onSubscriptionsChangedListenererCallback=null callerUserId=0 subId=2147483647 phoneId=0 events=10000 canReadPhoneState=false} subId=2147483643 phoneId=0 state={mVoiceRegState=1(OUT_OF_SERVICE), mDataRegState=1(OUT_OF_SERVICE), mVoiceRoamingType=home, mDataRoamingType=home, mVoiceOperatorAlphaLong=, mVoiceOperatorAlphaShort=, mDataOperatorAlphaLong=, mDataOperatorAlphaShort=, isManualNetworkSelection=false(automatic), mRilVoiceRadioTechnology=0(Unknown), mRilDataRadioTechnology=0(Unknown), mCssIndicator=unsupported, mNetworkId=-1, mSystemId=-1, mCdmaRoamingIndicator=-1, mCdmaDefaultRoamingIndicator=-1, mIsEmergencyOnly=false, mIsDataRoamingFromRegistration=false, mIsUsingCarrierAggregation=false, mLteEarfcnRsrpBoost=0}
06-21 23:13:49.056  1487  2097 D TelephonyRegistry: notifyServiceStateForSubscriber: r={callingPackage=SubscriptionMonitor binder=android.os.BinderProxy@265c5f4 callback=null onSubscriptionsChangedListenererCallback=com.android.internal.telephony.IOnSubscriptionsChangedListener$Stub$Proxy@a9bbc7 callerUserId=0 subId=-1 phoneId=-1 events=0 canReadPhoneState=true} subId=2147483643 phoneId=0 state={mVoiceRegState=1(OUT_OF_SERVICE), mDataRegState=1(OUT_OF_SERVICE), mVoiceRoamingType=home, mDataRoamingType=home, mVoiceOperatorAlphaLong=, mVoiceOperatorAlphaShort=, mDataOperatorAlphaLong=, mDataOperatorAlphaShort=, isManualNetworkSelection=false(automatic), mRilVoiceRadioTechnology=0(Unknown), mRilDataRadioTechnology=0(Unknown), mCssIndicator=unsupported, mNetworkId=-1, mSystemId=-1, mCdmaRoamingIndicator=-1, mCdmaDefaultRoamingIndicator=-1, mIsEmergencyOnly=false, mIsDataRoamingFromRegistration=false, mIsUsingCarrierAggregation=false, mLteEarfcnRsrpBoost=0}
06-21 23:13:49.056  1487  2097 D TelephonyRegistry: notifyServiceStateForSubscriber: r={callingPackage=PhoneSwitcher binder=android.os.BinderProxy@71292de callback=null onSubscriptionsChangedListenererCallback=com.android.internal.telephony.IOnSubscriptionsChangedListener$Stub$Proxy@a0b6219 callerUserId=0 subId=-1 phoneId=-1 events=0 canReadPhoneState=true} subId=2147483643 phoneId=0 state={mVoiceRegState=1(OUT_OF_SERVICE), mDataRegState=1(OUT_OF_SERVICE), mVoiceRoamingType=home, mDataRoamingType=home, mVoiceOperatorAlphaLong=, mVoiceOperatorAlphaShort=, mDataOperatorAlphaLong=, mDataOperatorAlphaShort=, isManualNetworkSelection=false(automatic), mRilVoiceRadioTechnology=0(Unknown), mRilDataRadioTechnology=0(Unknown), mCssIndicator=unsupported, mNetworkId=-1, mSystemId=-1, mCdmaRoamingIndicator=-1, mCdmaDefaultRoamingIndicator=-1, mIsEmergencyOnly=false, mIsDataRoamingFromRegistration=false, mIsUsingCarrierAggregation=false, mLteEarfcnRsrpBoost=0}
06-21 23:13:49.056  1487  2097 D TelephonyRegistry: notifyServiceStateForSubscriber: r={callingPackage=com.android.phone binder=android.os.BinderProxy@f282111 callback=null onSubscriptionsChangedListenererCallback=com.android.internal.telephony.IOnSubscriptionsChangedListener$Stub$Proxy@f04d38 callerUserId=0 subId=-1 phoneId=-1 events=0 canReadPhoneState=true} subId=2147483643 phoneId=0 state={mVoiceRegState=1(OUT_OF_SERVICE), mDataRegState=1(OUT_OF_SERVICE), mVoiceRoamingType=home, mDataRoamingType=home, mVoiceOperatorAlphaLong=, mVoiceOperatorAlphaShort=, mDataOperatorAlphaLong=, mDataOperatorAlphaShort=, isManualNetworkSelection=false(automatic), mRilVoiceRadioTechnology=0(Unknown), mRilDataRadioTechnology=0(Unknown), mCssIndicator=unsupported, mNetworkId=-1, mSystemId=-1, mCdmaRoamingIndicator=-1, mCdmaDefaultRoamingIndicator=-1, mIsEmergencyOnly=false, mIsDataRoamingFromRegistration=false, mIsUsingCarrierAggregation=false, mLteEarfcnRsrpBoost=0}
06-21 23:13:49.056  1487  2097 D TelephonyRegistry: notifyServiceStateForSubscriber: r={callingPackage=com.android.phone binder=android.os.BinderProxy@670410a callback=null onSubscriptionsChangedListenererCallback=com.android.internal.telephony.IOnSubscriptionsChangedListener$Stub$Proxy@eaf7d75 callerUserId=0 subId=-1 phoneId=-1 events=0 canReadPhoneState=true} subId=2147483643 phoneId=0 state={mVoiceRegState=1(OUT_OF_SERVICE), mDataRegState=1(OUT_OF_SERVICE), mVoiceRoamingType=home, mDataRoamingType=home, mVoiceOperatorAlphaLong=, mVoiceOperatorAlphaShort=, mDataOperatorAlphaLong=, mDataOperatorAlphaShort=, isManualNetworkSelection=false(automatic), mRilVoiceRadioTechnology=0(Unknown), mRilDataRadioTechnology=0(Unknown), mCssIndicator=unsupported, mNetworkId=-1, mSystemId=-1, mCdmaRoamingIndicator=-1, mCdmaDefaultRoamingIndicator=-1, mIsEmergencyOnly=false, mIsDataRoamingFromRegistration=false, mIsUsingCarrierAggregation=false, mLteEarfcnRsrpBoost=0}
06-21 23:13:49.056  1487  2097 D TelephonyRegistry: notifyServiceStateForSubscriber: r={callingPackage=com.android.phone binder=android.os.BinderProxy@958ed7b callback=com.android.internal.telephony.IPhoneStateListener$Stub$Proxy@b5ac798 onSubscriptionsChangedListenererCallback=null callerUserId=0 subId=2147483647 phoneId=0 events=1 canReadPhoneState=false} subId=2147483643 phoneId=0 state={mVoiceRegState=1(OUT_OF_SERVICE), mDataRegState=1(OUT_OF_SERVICE), mVoiceRoamingType=home, mDataRoamingType=home, mVoiceOperatorAlphaLong=, mVoiceOperatorAlphaShort=, mDataOperatorAlphaLong=, mDataOperatorAlphaShort=, isManualNetworkSelection=false(automatic), mRilVoiceRadioTechnology=0(Unknown), mRilDataRadioTechnology=0(Unknown), mCssIndicator=unsupported, mNetworkId=-1, mSystemId=-1, mCdmaRoamingIndicator=-1, mCdmaDefaultRoamingIndicator=-1, mIsEmergencyOnly=false, mIsDataRoamingFromRegistration=false, mIsUsingCarrierAggregation=false, mLteEarfcnRsrpBoost=0}
06-21 23:13:49.057  1487  2097 D TelephonyRegistry: notifyServiceStateForSubscriber: r={callingPackage=com.android.systemui binder=android.os.BinderProxy@e66d19a callback=null onSubscriptionsChangedListenererCallback=com.android.internal.telephony.IOnSubscriptionsChangedListener$Stub$Proxy@1bab645 callerUserId=0 subId=-1 phoneId=-1 events=0 canReadPhoneState=true} subId=2147483643 phoneId=0 state={mVoiceRegState=1(OUT_OF_SERVICE), mDataRegState=1(OUT_OF_SERVICE), mVoiceRoamingType=home, mDataRoamingType=home, mVoiceOperatorAlphaLong=, mVoiceOperatorAlphaShort=, mDataOperatorAlphaLong=, mDataOperatorAlphaShort=, isManualNetworkSelection=false(automatic), mRilVoiceRadioTechnology=0(Unknown), mRilDataRadioTechnology=0(Unknown), mCssIndicator=unsupported, mNetworkId=-1, mSystemId=-1, mCdmaRoamingIndicator=-1, mCdmaDefaultRoamingIndicator=-1, mIsEmergencyOnly=false, mIsDataRoamingFromRegistration=false, mIsUsingCarrierAggregation=false, mLteEarfcnRsrpBoost=0}
06-21 23:13:49.057  1487  2097 D TelephonyRegistry: notifyServiceStateForSubscriber: r={callingPackage=com.android.systemui binder=android.os.BinderProxy@528af7c callback=com.android.internal.telephony.IPhoneStateListener$Stub$Proxy@db2b005 onSubscriptionsChangedListenererCallback=null callerUserId=0 subId=2147483647 phoneId=0 events=20 canReadPhoneState=true} subId=2147483643 phoneId=0 state={mVoiceRegState=1(OUT_OF_SERVICE), mDataRegState=1(OUT_OF_SERVICE), mVoiceRoamingType=home, mDataRoamingType=home, mVoiceOperatorAlphaLong=, mVoiceOperatorAlphaShort=, mDataOperatorAlphaLong=, mDataOperatorAlphaShort=, isManualNetworkSelection=false(automatic), mRilVoiceRadioTechnology=0(Unknown), mRilDataRadioTechnology=0(Unknown), mCssIndicator=unsupported, mNetworkId=-1, mSystemId=-1, mCdmaRoamingIndicator=-1, mCdmaDefaultRoamingIndicator=-1, mIsEmergencyOnly=false, mIsDataRoamingFromRegistration=false, mIsUsingCarrierAggregation=false, mLteEarfcnRsrpBoost=0}
06-21 23:13:49.057  1487  2097 D TelephonyRegistry: notifyServiceStateForSubscriber: r={callingPackage=org.codeaurora.ims binder=android.os.BinderProxy@617dc0a callback=null onSubscriptionsChangedListenererCallback=com.android.internal.telephony.IOnSubscriptionsChangedListener$Stub$Proxy@a18a475 callerUserId=0 subId=-1 phoneId=-1 events=0 canReadPhoneState=true} subId=2147483643 phoneId=0 state={mVoiceRegState=1(OUT_OF_SERVICE), mDataRegState=1(OUT_OF_SERVICE), mVoiceRoamingType=home, mDataRoamingType=home, mVoiceOperatorAlphaLong=, mVoiceOperatorAlphaShort=, mDataOperatorAlphaLong=, mDataOperatorAlphaShort=, isManualNetworkSelection=false(automatic), mRilVoiceRadioTechnology=0(Unknown), mRilDataRadioTechnology=0(Unknown), mCssIndicator=unsupported, mNetworkId=-1, mSystemId=-1, mCdmaRoamingIndicator=-1, mCdmaDefaultRoamingIndicator=-1, mIsEmergencyOnly=false, mIsDataRoamingFromRegistration=false, mIsUsingCarrierAggregation=false, mLteEarfcnRsrpBoost=0}
06-21 23:13:49.057  1487  2097 D TelephonyRegistry: handleRemoveListLocked: mRemoveList.size()=0
06-21 23:13:49.057  2142  2142 D QtiSubscriptionController: getPhoneId, received dummy subId 2147483643
06-21 23:13:49.061  2142  2436 D SubscriptionController: [getActiveSubInfoList] Sub Controller not ready
06-21 23:13:49.065  2142  2436 D QtiSubscriptionController: getPhoneId, received dummy subId 2147483643
06-21 23:13:49.065  2142  2142 D use-Rlog/RLOG-QC_RIL_OEM_HOOK: Received Broadcast Intent ACTION_UNSOL_RESPONSE_OEM_HOOK_RAW
06-21 23:13:49.065  2142  2142 D use-Rlog/RLOG-QC_RIL_OEM_HOOK: Oem ID in QCRILHOOK UNSOL RESP is QOEMHOOK
06-21 23:13:49.065  2142  2142 D GsmCdmaCallTracker: Event EVENT_POLL_CALLS_RESULT Received
06-21 23:13:49.065  2142  2142 D GsmCdmaCallTracker: [GsmCdmaCallTracker] update phone state, old=IDLE new=IDLE
06-21 23:13:49.065  2142  2142 D SST     : [GsmSST1] Oos smooth mMzLastCsState = 0 current state = 2 mIsPengdingNotifyOos = false, getPhoneId = 1
06-21 23:13:49.065  2142  2142 D SST     : [GsmSST1] handlPollVoiceRegResultMessage: regState=2 radioTechnology=0
06-21 23:13:49.065  2142  2142 E RIL_ImsSms: IMS State query failed with exp com.android.internal.telephony.CommandException: INVALID_MODEM_STATE
06-21 23:13:49.066  2142  2142 D SST     : [GsmSST1] EVENT_POLL_STATE_NETWORK_SELECTION_MODE
06-21 23:13:49.066  2142  2436 D SubscriptionController: [getActiveSubInfoList] Sub Controller not ready
06-21 23:13:49.067  2142  2436 I chatty  : uid=1001(radio) Binder:2142_4 identical 1 line
06-21 23:13:49.070  2142  2436 D SubscriptionController: [getActiveSubInfoList] Sub Controller not ready
06-21 23:13:49.071  2142  2142 D QtiSubscriptionController: getPhoneId, received dummy subId 2147483644
06-21 23:13:49.071  2142  2142 D SST     : [GsmSST1] Poll ServiceState done:  oldSS=[{mVoiceRegState=1(OUT_OF_SERVICE), mDataRegState=1(OUT_OF_SERVICE), mVoiceRoamingType=home, mDataRoamingType=home, mVoiceOperatorAlphaLong=null, mVoiceOperatorAlphaShort=null, mDataOperatorAlphaLong=null, mDataOperatorAlphaShort=null, isManualNetworkSelection=false(automatic), mRilVoiceRadioTechnology=0(Unknown), mRilDataRadioTechnology=0(Unknown), mCssIndicator=unsupported, mNetworkId=-1, mSystemId=-1, mCdmaRoamingIndicator=-1, mCdmaDefaultRoamingIndicator=-1, mIsEmergencyOnly=false, mIsDataRoamingFromRegistration=false, mIsUsingCarrierAggregation=false, mLteEarfcnRsrpBoost=0}] newSS=[{mVoiceRegState=1(OUT_OF_SERVICE), mDataRegState=1(OUT_OF_SERVICE), mVoiceRoamingType=home, mDataRoamingType=home, mVoiceOperatorAlphaLong=, mVoiceOperatorAlphaShort=, mDataOperatorAlphaLong=, mDataOperatorAlphaShort=, isManualNetworkSelection=false(automatic), mRilVoiceRadioTechnology=0(Unknown), mRilDataRadioTechnology=0(Unknown), mCssIndicator=unsupported, mNetworkId=-1, mSystemId=-1, mCdmaRoamingIndicator=-1, mCdmaDefaultRoamingIndicator=-1, mIsEmergencyOnly=false, mIsDataRoamingFromRegistration=false, mIsUsingCarrierAggregation=false, mLteEarfcnRsrpBoost=0}] oldMaxDataCalls=1 mNewMaxDataCalls=20 oldReasonDataDenied=-1 mNewReasonDataDenied=0
06-21 23:13:49.071  2142  2142 D SST     : [GsmSST1] pollStateDone: hasRegistered=false hasDeregistered=false hasDataAttached=false hasDataDetached=false hasDataRegStateChanged=false hasRilVoiceRadioTechnologyChanged= false hasRilDataRadioTechnologyChanged=false hasChanged=true hasVoiceRoamingOn=false hasVoiceRoamingOff=false hasDataRoamingOn=false hasDataRoamingOff=false hasLocationChanged=false has4gHandoff = false hasMultiApnSupport=false hasLostMultiApnSupport=false
06-21 23:13:49.071  2142  2142 D SST     : [GsmSST1] updateSpnDisplay: radio is on but out of service, set plmn=''
06-21 23:13:49.072  2142  2142 D SST     : [GsmSST1] updateSpnDisplay: changed sending intent rule=0 showPlmn='true' plmn='' showSpn='false' spn='' dataSpn='' subId='2147483644'
06-21 23:13:49.072  2142  2142 D SST     : [GsmSST1] updateSpnDisplay: changed sending intent rule=0 showPlmn='true' plmn='' showSpn='false' spn=''
06-21 23:13:49.074  2142  2142 D SubscriptionController: [setCarrierText]+ text: subId:2147483644
06-21 23:13:49.075  2142  2436 D SubscriptionController: [getActiveSubInfoList] Sub Controller not ready
06-21 23:13:49.076  2142  2142 D SubscriptionController: notifySubscriptionInfoChanged:
06-21 23:13:49.077  1487  2153 D TelephonyRegistry: notifySubscriptionInfoChanged:
06-21 23:13:49.077  1487  2153 D TelephonyRegistry: notifySubscriptionInfoChanged: call osc to r={callingPackage=android binder=android.telephony.SubscriptionManager$OnSubscriptionsChangedListener$2@eb19569 callback=null onSubscriptionsChangedListenererCallback=android.telephony.SubscriptionManager$OnSubscriptionsChangedListener$2@eb19569 callerUserId=0 subId=-1 phoneId=-1 events=0 canReadPhoneState=true}
06-21 23:13:49.077  1487  2153 D TelephonyRegistry: notifySubscriptionInfoChanged: done osc to r={callingPackage=android binder=android.telephony.SubscriptionManager$OnSubscriptionsChangedListener$2@eb19569 callback=null onSubscriptionsChangedListenererCallback=android.telephony.SubscriptionManager$OnSubscriptionsChangedListener$2@eb19569 callerUserId=0 subId=-1 phoneId=-1 events=0 canReadPhoneState=true}
06-21 23:13:49.077  1487  2153 D TelephonyRegistry: notifySubscriptionInfoChanged: call osc to r={callingPackage=android binder=android.telephony.SubscriptionManager$OnSubscriptionsChangedListener$2@2013be4 callback=null onSubscriptionsChangedListenererCallback=android.telephony.SubscriptionManager$OnSubscriptionsChangedListener$2@2013be4 callerUserId=0 subId=-1 phoneId=-1 events=0 canReadPhoneState=true}
06-21 23:13:49.077  1487  2153 D TelephonyRegistry: notifySubscriptionInfoChanged: done osc to r={callingPackage=android binder=android.telephony.SubscriptionManager$OnSubscriptionsChangedListener$2@2013be4 callback=null onSubscriptionsChangedListenererCallback=android.telephony.SubscriptionManager$OnSubscriptionsChangedListener$2@2013be4 callerUserId=0 subId=-1 phoneId=-1 events=0 canReadPhoneState=true}
06-21 23:13:49.077  1487  2153 D TelephonyRegistry: notifySubscriptionInfoChanged: call osc to r={callingPackage=com.android.systemui binder=android.os.BinderProxy@5c0875 callback=null onSubscriptionsChangedListenererCallback=com.android.internal.telephony.IOnSubscriptionsChangedListener$Stub$Proxy@f1763ac callerUserId=0 subId=-1 phoneId=-1 events=0 canReadPhoneState=true}
06-21 23:13:49.077  1487  2153 D TelephonyRegistry: notifySubscriptionInfoChanged: done osc to r={callingPackage=com.android.systemui binder=android.os.BinderProxy@5c0875 callback=null onSubscriptionsChangedListenererCallback=com.android.internal.telephony.IOnSubscriptionsChangedListener$Stub$Proxy@f1763ac callerUserId=0 subId=-1 phoneId=-1 events=0 canReadPhoneState=true}
06-21 23:13:49.077  1487  2153 D TelephonyRegistry: notifySubscriptionInfoChanged: call osc to r={callingPackage=com.quicinc.cne.CNEService binder=android.os.BinderProxy@67b198e callback=null onSubscriptionsChangedListenererCallback=com.android.internal.telephony.IOnSubscriptionsChangedListener$Stub$Proxy@71c1589 callerUserId=0 subId=-1 phoneId=-1 events=0 canReadPhoneState=true}
06-21 23:13:49.077  1487  2153 D TelephonyRegistry: notifySubscriptionInfoChanged: done osc to r={callingPackage=com.quicinc.cne.CNEService binder=android.os.BinderProxy@67b198e callback=null onSubscriptionsChangedListenererCallback=com.android.internal.telephony.IOnSubscriptionsChangedListener$Stub$Proxy@71c1589 callerUserId=0 subId=-1 phoneId=-1 events=0 canReadPhoneState=true}
06-21 23:13:49.077  1487  2153 D TelephonyRegistry: notifySubscriptionInfoChanged: call osc to r={callingPackage=com.android.phone binder=android.os.BinderProxy@9a254b6 callback=null onSubscriptionsChangedListenererCallback=com.android.internal.telephony.IOnSubscriptionsChangedListener$Stub$Proxy@8cc2451 callerUserId=0 subId=-1 phoneId=-1 events=0 canReadPhoneState=true}
06-21 23:13:49.077  1487  2153 D TelephonyRegistry: notifySubscriptionInfoChanged: done osc to r={callingPackage=com.android.phone binder=android.os.BinderProxy@9a254b6 callback=null onSubscriptionsChangedListenererCallback=com.android.internal.telephony.IOnSubscriptionsChangedListener$Stub$Proxy@8cc2451 callerUserId=0 subId=-1 phoneId=-1 events=0 canReadPhoneState=true}
06-21 23:13:49.077  1487  2153 D TelephonyRegistry: notifySubscriptionInfoChanged: call osc to r={callingPackage=com.android.phone binder=android.os.BinderProxy@3c680c6 callback=null onSubscriptionsChangedListenererCallback=com.android.internal.telephony.IOnSubscriptionsChangedListener$Stub$Proxy@51436a1 callerUserId=0 subId=-1 phoneId=-1 events=0 canReadPhoneState=true}
06-21 23:13:49.077  1487  2153 D TelephonyRegistry: notifySubscriptionInfoChanged: done osc to r={callingPackage=com.android.phone binder=android.os.BinderProxy@3c680c6 callback=null onSubscriptionsChangedListenererCallback=com.android.internal.telephony.IOnSubscriptionsChangedListener$Stub$Proxy@51436a1 callerUserId=0 subId=-1 phoneId=-1 events=0 canReadPhoneState=true}
06-21 23:13:49.077  1487  2153 D TelephonyRegistry: notifySubscriptionInfoChanged: call osc to r={callingPackage=com.android.phone binder=android.os.BinderProxy@6b92f41 callback=null onSubscriptionsChangedListenererCallback=com.android.internal.telephony.IOnSubscriptionsChangedListener$Stub$Proxy@5e0f628 callerUserId=0 subId=-1 phoneId=-1 events=0 canReadPhoneState=true}
06-21 23:13:49.077  1487  2153 D TelephonyRegistry: notifySubscriptionInfoChanged: done osc to r={callingPackage=com.android.phone binder=android.os.BinderProxy@6b92f41 callback=null onSubscriptionsChangedListenererCallback=com.android.internal.telephony.IOnSubscriptionsChangedListener$Stub$Proxy@5e0f628 callerUserId=0 subId=-1 phoneId=-1 events=0 canReadPhoneState=true}
06-21 23:13:49.077  1487  2153 D TelephonyRegistry: notifySubscriptionInfoChanged: call osc to r={callingPackage=com.android.phone binder=android.os.BinderProxy@3bb00ed callback=null onSubscriptionsChangedListenererCallback=com.android.internal.telephony.IOnSubscriptionsChangedListener$Stub$Proxy@5d9304 callerUserId=0 subId=-1 phoneId=-1 events=0 canReadPhoneState=true}
06-21 23:13:49.077  1487  2153 D TelephonyRegistry: notifySubscriptionInfoChanged: done osc to r={callingPackage=com.android.phone binder=android.os.BinderProxy@3bb00ed callback=null onSubscriptionsChangedListenererCallback=com.android.internal.telephony.IOnSubscriptionsChangedListener$Stub$Proxy@5d9304 callerUserId=0 subId=-1 phoneId=-1 events=0 canReadPhoneState=true}
06-21 23:13:49.077  1487  2153 D TelephonyRegistry: notifySubscriptionInfoChanged: call osc to r={callingPackage=SubscriptionMonitor binder=android.os.BinderProxy@265c5f4 callback=null onSubscriptionsChangedListenererCallback=com.android.internal.telephony.IOnSubscriptionsChangedListener$Stub$Proxy@a9bbc7 callerUserId=0 subId=-1 phoneId=-1 events=0 canReadPhoneState=true}
06-21 23:13:49.078  1487  2153 D TelephonyRegistry: notifySubscriptionInfoChanged: done osc to r={callingPackage=SubscriptionMonitor binder=android.os.BinderProxy@265c5f4 callback=null onSubscriptionsChangedListenererCallback=com.android.internal.telephony.IOnSubscriptionsChangedListener$Stub$Proxy@a9bbc7 callerUserId=0 subId=-1 phoneId=-1 events=0 canReadPhoneState=true}
06-21 23:13:49.078  1487  2153 D TelephonyRegistry: notifySubscriptionInfoChanged: call osc to r={callingPackage=PhoneSwitcher binder=android.os.BinderProxy@71292de callback=null onSubscriptionsChangedListenererCallback=com.android.internal.telephony.IOnSubscriptionsChangedListener$Stub$Proxy@a0b6219 callerUserId=0 subId=-1 phoneId=-1 events=0 canReadPhoneState=true}
06-21 23:13:49.078  1487  2153 D TelephonyRegistry: notifySubscriptionInfoChanged: done osc to r={callingPackage=PhoneSwitcher binder=android.os.BinderProxy@71292de callback=null onSubscriptionsChangedListenererCallback=com.android.internal.telephony.IOnSubscriptionsChangedListener$Stub$Proxy@a0b6219 callerUserId=0 subId=-1 phoneId=-1 events=0 canReadPhoneState=true}
06-21 23:13:49.078  1487  2153 D TelephonyRegistry: notifySubscriptionInfoChanged: call osc to r={callingPackage=com.android.phone binder=android.os.BinderProxy@f282111 callback=null onSubscriptionsChangedListenererCallback=com.android.internal.telephony.IOnSubscriptionsChangedListener$Stub$Proxy@f04d38 callerUserId=0 subId=-1 phoneId=-1 events=0 canReadPhoneState=true}
06-21 23:13:49.078  1487  2153 D TelephonyRegistry: notifySubscriptionInfoChanged: done osc to r={callingPackage=com.android.phone binder=android.os.BinderProxy@f282111 callback=null onSubscriptionsChangedListenererCallback=com.android.internal.telephony.IOnSubscriptionsChangedListener$Stub$Proxy@f04d38 callerUserId=0 subId=-1 phoneId=-1 events=0 canReadPhoneState=true}
06-21 23:13:49.078  1487  2153 D TelephonyRegistry: notifySubscriptionInfoChanged: call osc to r={callingPackage=com.android.phone binder=android.os.BinderProxy@670410a callback=null onSubscriptionsChangedListenererCallback=com.android.internal.telephony.IOnSubscriptionsChangedListener$Stub$Proxy@eaf7d75 callerUserId=0 subId=-1 phoneId=-1 events=0 canReadPhoneState=true}
06-21 23:13:49.078  1487  2153 D TelephonyRegistry: notifySubscriptionInfoChanged: done osc to r={callingPackage=com.android.phone binder=android.os.BinderProxy@670410a callback=null onSubscriptionsChangedListenererCallback=com.android.internal.telephony.IOnSubscriptionsChangedListener$Stub$Proxy@eaf7d75 callerUserId=0 subId=-1 phoneId=-1 events=0 canReadPhoneState=true}
06-21 23:13:49.078  1487  2153 D TelephonyRegistry: notifySubscriptionInfoChanged: call osc to r={callingPackage=com.android.systemui binder=android.os.BinderProxy@e66d19a callback=null onSubscriptionsChangedListenererCallback=com.android.internal.telephony.IOnSubscriptionsChangedListener$Stub$Proxy@1bab645 callerUserId=0 subId=-1 phoneId=-1 events=0 canReadPhoneState=true}
06-21 23:13:49.078  1487  2153 D TelephonyRegistry: notifySubscriptionInfoChanged: done osc to r={callingPackage=com.android.systemui binder=android.os.BinderProxy@e66d19a callback=null onSubscriptionsChangedListenererCallback=com.android.internal.telephony.IOnSubscriptionsChangedListener$Stub$Proxy@1bab645 callerUserId=0 subId=-1 phoneId=-1 events=0 canReadPhoneState=true}
06-21 23:13:49.078  1487  2153 D TelephonyRegistry: notifySubscriptionInfoChanged: call osc to r={callingPackage=org.codeaurora.ims binder=android.os.BinderProxy@617dc0a callback=null onSubscriptionsChangedListenererCallback=com.android.internal.telephony.IOnSubscriptionsChangedListener$Stub$Proxy@a18a475 callerUserId=0 subId=-1 phoneId=-1 events=0 canReadPhoneState=true}
06-21 23:13:49.078  1487  2153 D TelephonyRegistry: notifySubscriptionInfoChanged: done osc to r={callingPackage=org.codeaurora.ims binder=android.os.BinderProxy@617dc0a callback=null onSubscriptionsChangedListenererCallback=com.android.internal.telephony.IOnSubscriptionsChangedListener$Stub$Proxy@a18a475 callerUserId=0 subId=-1 phoneId=-1 events=0 canReadPhoneState=true}
06-21 23:13:49.078  1487  2153 D TelephonyRegistry: handleRemoveListLocked: mRemoveList.size()=0
06-21 23:13:49.078  2142  2161 D QtiSubscriptionController: getPhoneId, received dummy subId 2147483643
06-21 23:13:49.080  2142  2436 D SubscriptionController: [getActiveSubInfoList] Sub Controller not ready
06-21 23:13:49.081  2142  2142 D TelephonyManager: setTelephonyProperty: success phoneId=1 property=gsm.operator.alpha value:  propVal=,
06-21 23:13:49.082  2142  2142 D TelephonyManager: setTelephonyProperty: success phoneId=1 property=gsm.operator.numeric value:  propVal=,
06-21 23:13:49.082  2142  2436 D SubscriptionController: [getPhoneId]- no sims, returning default phoneId=0
06-21 23:13:49.082  2142  2142 D SST     : [GsmSST1] operatorNumeric  is invalid
06-21 23:13:49.082  2142  2142 D TelephonyManager: setTelephonyProperty: success phoneId=1 property=gsm.operator.iso-country value:  propVal=,
06-21 23:13:49.084  2142  2142 D TelephonyManager: setTelephonyProperty: success phoneId=1 property=gsm.operator.isroaming value: false propVal=false,false
06-21 23:13:49.084  2142  2142 D SST     : [GsmSST1] Broadcasting ServiceState : {mVoiceRegState=1(OUT_OF_SERVICE), mDataRegState=1(OUT_OF_SERVICE), mVoiceRoamingType=home, mDataRoamingType=home, mVoiceOperatorAlphaLong=, mVoiceOperatorAlphaShort=, mDataOperatorAlphaLong=, mDataOperatorAlphaShort=, isManualNetworkSelection=false(automatic), mRilVoiceRadioTechnology=0(Unknown), mRilDataRadioTechnology=0(Unknown), mCssIndicator=unsupported, mNetworkId=-1, mSystemId=-1, mCdmaRoamingIndicator=-1, mCdmaDefaultRoamingIndicator=-1, mIsEmergencyOnly=false, mIsDataRoamingFromRegistration=false, mIsUsingCarrierAggregation=false, mLteEarfcnRsrpBoost=0}
06-21 23:13:49.084  2142  2142 D DefaultPhoneNotifier: nofityServiceState: mRegistry=com.android.internal.telephony.ITelephonyRegistry$Stub$Proxy@2347f4e ss={mVoiceRegState=1(OUT_OF_SERVICE), mDataRegState=1(OUT_OF_SERVICE), mVoiceRoamingType=home, mDataRoamingType=home, mVoiceOperatorAlphaLong=, mVoiceOperatorAlphaShort=, mDataOperatorAlphaLong=, mDataOperatorAlphaShort=, isManualNetworkSelection=false(automatic), mRilVoiceRadioTechnology=0(Unknown), mRilDataRadioTechnology=0(Unknown), mCssIndicator=unsupported, mNetworkId=-1, mSystemId=-1, mCdmaRoamingIndicator=-1, mCdmaDefaultRoamingIndicator=-1, mIsEmergencyOnly=false, mIsDataRoamingFromRegistration=false, mIsUsingCarrierAggregation=false, mLteEarfcnRsrpBoost=0} sender=Handler (com.qualcomm.qti.internal.telephony.QtiGsmCdmaPhone) {4202981} phondId=1 subId=2147483644
06-21 23:13:49.084  1487  2153 D TelephonyRegistry: notifyServiceStateForSubscriber: subId=2147483644 phoneId=1 state={mVoiceRegState=1(OUT_OF_SERVICE), mDataRegState=1(OUT_OF_SERVICE), mVoiceRoamingType=home, mDataRoamingType=home, mVoiceOperatorAlphaLong=, mVoiceOperatorAlphaShort=, mDataOperatorAlphaLong=, mDataOperatorAlphaShort=, isManualNetworkSelection=false(automatic), mRilVoiceRadioTechnology=0(Unknown), mRilDataRadioTechnology=0(Unknown), mCssIndicator=unsupported, mNetworkId=-1, mSystemId=-1, mCdmaRoamingIndicator=-1, mCdmaDefaultRoamingIndicator=-1, mIsEmergencyOnly=false, mIsDataRoamingFromRegistration=false, mIsUsingCarrierAggregation=false, mLteEarfcnRsrpBoost=0}
06-21 23:13:49.085  1487  2153 D TelephonyRegistry: validatePhoneId: true
06-21 23:13:49.085  1487  2153 D TelephonyRegistry: notifyServiceStateForSubscriber: r={callingPackage=android binder=android.telephony.PhoneStateListener$IPhoneStateListenerStub@b3e0a9d callback=android.telephony.PhoneStateListener$IPhoneStateListenerStub@b3e0a9d onSubscriptionsChangedListenererCallback=null callerUserId=0 subId=2147483647 phoneId=-1 events=1c1 canReadPhoneState=true} subId=2147483644 phoneId=1 state={mVoiceRegState=1(OUT_OF_SERVICE), mDataRegState=1(OUT_OF_SERVICE), mVoiceRoamingType=home, mDataRoamingType=home, mVoiceOperatorAlphaLong=, mVoiceOperatorAlphaShort=, mDataOperatorAlphaLong=, mDataOperatorAlphaShort=, isManualNetworkSelection=false(automatic), mRilVoiceRadioTechnology=0(Unknown), mRilDataRadioTechnology=0(Unknown), mCssIndicator=unsupported, mNetworkId=-1, mSystemId=-1, mCdmaRoamingIndicator=-1, mCdmaDefaultRoamingIndicator=-1, mIsEmergencyOnly=false, mIsDataRoamingFromRegistration=false, mIsUsingCarrierAggregation=false, mLteEarfcnRsrpBoost=0}
06-21 23:13:49.085  1487  2153 D TelephonyRegistry: notifyServiceStateForSubscriber: r={callingPackage=android binder=android.telephony.PhoneStateListener$IPhoneStateListenerStub@a68c404 callback=android.telephony.PhoneStateListener$IPhoneStateListenerStub@a68c404 onSubscriptionsChangedListenererCallback=null callerUserId=0 subId=2147483647 phoneId=-1 events=20 canReadPhoneState=true} subId=2147483644 phoneId=1 state={mVoiceRegState=1(OUT_OF_SERVICE), mDataRegState=1(OUT_OF_SERVICE), mVoiceRoamingType=home, mDataRoamingType=home, mVoiceOperatorAlphaLong=, mVoiceOperatorAlphaShort=, mDataOperatorAlphaLong=, mDataOperatorAlphaShort=, isManualNetworkSelection=false(automatic), mRilVoiceRadioTechnology=0(Unknown), mRilDataRadioTechnology=0(Unknown), mCssIndicator=unsupported, mNetworkId=-1, mSystemId=-1, mCdmaRoamingIndicator=-1, mCdmaDefaultRoamingIndicator=-1, mIsEmergencyOnly=false, mIsDataRoamingFromRegistration=false, mIsUsingCarrierAggregation=false, mLteEarfcnRsrpBoost=0}
06-21 23:13:49.085  1487  2153 D TelephonyRegistry: notifyServiceStateForSubscriber: r={callingPackage=android binder=android.telephony.PhoneStateListener$IPhoneStateListenerStub@1f50d3d callback=android.telephony.PhoneStateListener$IPhoneStateListenerStub@1f50d3d onSubscriptionsChangedListenererCallback=null callerUserId=0 subId=2147483647 phoneId=-1 events=20 canReadPhoneState=true} subId=2147483644 phoneId=1 state={mVoiceRegState=1(OUT_OF_SERVICE), mDataRegState=1(OUT_OF_SERVICE), mVoiceRoamingType=home, mDataRoamingType=home, mVoiceOperatorAlphaLong=, mVoiceOperatorAlphaShort=, mDataOperatorAlphaLong=, mDataOperatorAlphaShort=, isManualNetworkSelection=false(automatic), mRilVoiceRadioTechnology=0(Unknown), mRilDataRadioTechnology=0(Unknown), mCssIndicator=unsupported, mNetworkId=-1, mSystemId=-1, mCdmaRoamingIndicator=-1, mCdmaDefaultRoamingIndicator=-1, mIsEmergencyOnly=false, mIsDataRoamingFromRegistration=false, mIsUsingCarrierAggregation=false, mLteEarfcnRsrpBoost=0}
06-21 23:13:49.085  1487  2153 D TelephonyRegistry: notifyServiceStateForSubscriber: r={callingPackage=android binder=android.telephony.PhoneStateListener$IPhoneStateListenerStub@de1ab84 callback=android.telephony.PhoneStateListener$IPhoneStateListenerStub@de1ab84 onSubscriptionsChangedListenererCallback=null callerUserId=0 subId=2147483647 phoneId=-1 events=410 canReadPhoneState=false} subId=2147483644 phoneId=1 state={mVoiceRegState=1(OUT_OF_SERVICE), mDataRegState=1(OUT_OF_SERVICE), mVoiceRoamingType=home, mDataRoamingType=home, mVoiceOperatorAlphaLong=, mVoiceOperatorAlphaShort=, mDataOperatorAlphaLong=, mDataOperatorAlphaShort=, isManualNetworkSelection=false(automatic), mRilVoiceRadioTechnology=0(Unknown), mRilDataRadioTechnology=0(Unknown), mCssIndicator=unsupported, mNetworkId=-1, mSystemId=-1, mCdmaRoamingIndicator=-1, mCdmaDefaultRoamingIndicator=-1, mIsEmergencyOnly=false, mIsDataRoamingFromRegistration=false, mIsUsingCarrierAggregation=false, mLteEarfcnRsrpBoost=0}
06-21 23:13:49.085  1487  2153 D TelephonyRegistry: notifyServiceStateForSubscriber: r={callingPackage=android binder=android.telephony.SubscriptionManager$OnSubscriptionsChangedListener$2@eb19569 callback=null onSubscriptionsChangedListenererCallback=android.telephony.SubscriptionManager$OnSubscriptionsChangedListener$2@eb19569 callerUserId=0 subId=-1 phoneId=-1 events=0 canReadPhoneState=true} subId=2147483644 phoneId=1 state={mVoiceRegState=1(OUT_OF_SERVICE), mDataRegState=1(OUT_OF_SERVICE), mVoiceRoamingType=home, mDataRoamingType=home, mVoiceOperatorAlphaLong=, mVoiceOperatorAlphaShort=, mDataOperatorAlphaLong=, mDataOperatorAlphaShort=, isManualNetworkSelection=false(automatic), mRilVoiceRadioTechnology=0(Unknown), mRilDataRadioTechnology=0(Unknown), mCssIndicator=unsupported, mNetworkId=-1, mSystemId=-1, mCdmaRoamingIndicator=-1, mCdmaDefaultRoamingIndicator=-1, mIsEmergencyOnly=false, mIsDataRoamingFromRegistration=false, mIsUsingCarrierAggregation=false, mLteEarfcnRsrpBoost=0}
06-21 23:13:49.085  1487  2153 D TelephonyRegistry: notifyServiceStateForSubscriber: r={callingPackage=android binder=android.telephony.PhoneStateListener$IPhoneStateListenerStub@606089b callback=android.telephony.PhoneStateListener$IPhoneStateListenerStub@606089b onSubscriptionsChangedListenererCallback=null callerUserId=0 subId=2147483647 phoneId=-1 events=20 canReadPhoneState=true} subId=2147483644 phoneId=1 state={mVoiceRegState=1(OUT_OF_SERVICE), mDataRegState=1(OUT_OF_SERVICE), mVoiceRoamingType=home, mDataRoamingType=home, mVoiceOperatorAlphaLong=, mVoiceOperatorAlphaShort=, mDataOperatorAlphaLong=, mDataOperatorAlphaShort=, isManualNetworkSelection=false(automatic), mRilVoiceRadioTechnology=0(Unknown), mRilDataRadioTechnology=0(Unknown), mCssIndicator=unsupported, mNetworkId=-1, mSystemId=-1, mCdmaRoamingIndicator=-1, mCdmaDefaultRoamingIndicator=-1, mIsEmergencyOnly=false, mIsDataRoamingFromRegistration=false, mIsUsingCarrierAggregation=false, mLteEarfcnRsrpBoost=0}
06-21 23:13:49.085  1487  2153 D TelephonyRegistry: notifyServiceStateForSubscriber: r={callingPackage=android binder=android.telephony.SubscriptionManager$OnSubscriptionsChangedListener$2@2013be4 callback=null onSubscriptionsChangedListenererCallback=android.telephony.SubscriptionManager$OnSubscriptionsChangedListener$2@2013be4 callerUserId=0 subId=-1 phoneId=-1 events=0 canReadPhoneState=true} subId=2147483644 phoneId=1 state={mVoiceRegState=1(OUT_OF_SERVICE), mDataRegState=1(OUT_OF_SERVICE), mVoiceRoamingType=home, mDataRoamingType=home, mVoiceOperatorAlphaLong=, mVoiceOperatorAlphaShort=, mDataOperatorAlphaLong=, mDataOperatorAlphaShort=, isManualNetworkSelection=false(automatic), mRilVoiceRadioTechnology=0(Unknown), mRilDataRadioTechnology=0(Unknown), mCssIndicator=unsupported, mNetworkId=-1, mSystemId=-1, mCdmaRoamingIndicator=-1, mCdmaDefaultRoamingIndicator=-1, mIsEmergencyOnly=false, mIsDataRoamingFromRegistration=false, mIsUsingCarrierAggregation=false, mLteEarfcnRsrpBoost=0}
06-21 23:13:49.085  1487  2153 D TelephonyRegistry: notifyServiceStateForSubscriber: r={callingPackage=com.android.systemui binder=android.os.BinderProxy@5c0875 callback=null onSubscriptionsChangedListenererCallback=com.android.internal.telephony.IOnSubscriptionsChangedListener$Stub$Proxy@f1763ac callerUserId=0 subId=-1 phoneId=-1 events=0 canReadPhoneState=true} subId=2147483644 phoneId=1 state={mVoiceRegState=1(OUT_OF_SERVICE), mDataRegState=1(OUT_OF_SERVICE), mVoiceRoamingType=home, mDataRoamingType=home, mVoiceOperatorAlphaLong=, mVoiceOperatorAlphaShort=, mDataOperatorAlphaLong=, mDataOperatorAlphaShort=, isManualNetworkSelection=false(automatic), mRilVoiceRadioTechnology=0(Unknown), mRilDataRadioTechnology=0(Unknown), mCssIndicator=unsupported, mNetworkId=-1, mSystemId=-1, mCdmaRoamingIndicator=-1, mCdmaDefaultRoamingIndicator=-1, mIsEmergencyOnly=false, mIsDataRoamingFromRegistration=false, mIsUsingCarrierAggregation=false, mLteEarfcnRsrpBoost=0}
06-21 23:13:49.085  2142  2436 D SubscriptionController: [getActiveSubInfoList] Sub Controller not ready
06-21 23:13:49.085  1487  2153 D TelephonyRegistry: notifyServiceStateForSubscriber: r={callingPackage=com.quicinc.cne.CNEService binder=android.os.BinderProxy@67b198e callback=null onSubscriptionsChangedListenererCallback=com.android.internal.telephony.IOnSubscriptionsChangedListener$Stub$Proxy@71c1589 callerUserId=0 subId=-1 phoneId=-1 events=0 canReadPhoneState=true} subId=2147483644 phoneId=1 state={mVoiceRegState=1(OUT_OF_SERVICE), mDataRegState=1(OUT_OF_SERVICE), mVoiceRoamingType=home, mDataRoamingType=home, mVoiceOperatorAlphaLong=, mVoiceOperatorAlphaShort=, mDataOperatorAlphaLong=, mDataOperatorAlphaShort=, isManualNetworkSelection=false(automatic), mRilVoiceRadioTechnology=0(Unknown), mRilDataRadioTechnology=0(Unknown), mCssIndicator=unsupported, mNetworkId=-1, mSystemId=-1, mCdmaRoamingIndicator=-1, mCdmaDefaultRoamingIndicator=-1, mIsEmergencyOnly=false, mIsDataRoamingFromRegistration=false, mIsUsingCarrierAggregation=false, mLteEarfcnRsrpBoost=0}
06-21 23:13:49.085  1487  2153 D TelephonyRegistry: notifyServiceStateForSubscriber: r={callingPackage=com.android.phone binder=android.os.BinderProxy@9a254b6 callback=null onSubscriptionsChangedListenererCallback=com.android.internal.telephony.IOnSubscriptionsChangedListener$Stub$Proxy@8cc2451 callerUserId=0 subId=-1 phoneId=-1 events=0 canReadPhoneState=true} subId=2147483644 phoneId=1 state={mVoiceRegState=1(OUT_OF_SERVICE), mDataRegState=1(OUT_OF_SERVICE), mVoiceRoamingType=home, mDataRoamingType=home, mVoiceOperatorAlphaLong=, mVoiceOperatorAlphaShort=, mDataOperatorAlphaLong=, mDataOperatorAlphaShort=, isManualNetworkSelection=false(automatic), mRilVoiceRadioTechnology=0(Unknown), mRilDataRadioTechnology=0(Unknown), mCssIndicator=unsupported, mNetworkId=-1, mSystemId=-1, mCdmaRoamingIndicator=-1, mCdmaDefaultRoamingIndicator=-1, mIsEmergencyOnly=false, mIsDataRoamingFromRegistration=false, mIsUsingCarrierAggregation=false, mLteEarfcnRsrpBoost=0}
