01-15 20:05:42.896   608   630 D NetlinkEvent: NL param 'MAJOR=8'
01-15 20:05:42.896   608   630 D NetlinkEvent: NL param 'MINOR=67'
01-15 20:05:42.896   608   630 D NetlinkEvent: NL param 'DEVNAME=sde3'
01-15 20:05:42.896   608   630 D NetlinkEvent: NL param 'DEVTYPE=partition'
01-15 20:05:42.896   608   630 D NetlinkEvent: NL param 'PARTN=3'
01-15 20:05:42.896   608   630 D NetlinkEvent: NL param 'PARTNAME=hyp'
01-15 20:05:42.897   608   630 V vold    : ----------------
01-15 20:05:42.897   608   630 V vold    : handleBlockEvent with action 1
01-15 20:05:42.897   608   630 D NetlinkEvent: NL param 'DEVPATH=/devices/platform/soc/1d84000.ufshc/host0/target0:0:0/0:0:0:4/block/sde/sde15'
01-15 20:05:42.897   608   630 D NetlinkEvent: NL param 'MAJOR=8'
01-15 20:05:42.897   608   630 D NetlinkEvent: NL param 'MINOR=79'
01-15 20:05:42.897   608   630 D NetlinkEvent: NL param 'DEVNAME=sde15'
01-15 20:05:42.897   608   630 D NetlinkEvent: NL param 'DEVTYPE=partition'
01-15 20:05:42.897   608   630 D NetlinkEvent: NL param 'PARTN=15'
01-15 20:05:42.897   608   630 D NetlinkEvent: NL param 'PARTNAME=qupfw'
01-15 20:05:42.897   608   630 V vold    : ----------------
01-15 20:05:42.897   608   630 V vold    : handleBlockEvent with action 1
01-15 20:05:42.897   608   630 D NetlinkEvent: NL param 'DEVPATH=/devices/platform/soc/1d84000.ufshc/host0/target0:0:0/0:0:0:4/block/sde/sde43'
01-15 20:05:42.897   608   630 D NetlinkEvent: NL param 'MAJOR=259'
01-15 20:05:42.897   608   630 D NetlinkEvent: NL param 'MINOR=31'
01-15 20:05:42.897   608   630 D NetlinkEvent: NL param 'DEVNAME=sde43'
01-15 20:05:42.897   608   630 D NetlinkEvent: NL param 'DEVTYPE=partition'
01-15 20:05:42.897   608   630 D NetlinkEvent: NL param 'PARTN=43'
01-15 20:05:42.897   608   630 D NetlinkEvent: NL param 'PARTNAME=splash'
01-15 20:05:42.898   608   630 V vold    : ----------------
01-15 20:05:42.898   608   630 V vold    : handleBlockEvent with action 1
01-15 20:05:42.898   608   630 D NetlinkEvent: NL param 'DEVPATH=/devices/platform/soc/1d84000.ufshc/host0/target0:0:0/0:0:0:4/block/sde/sde33'
01-15 20:05:42.898   608   630 D NetlinkEvent: NL param 'MAJOR=259'
01-15 20:05:42.898   608   630 D NetlinkEvent: NL param 'MINOR=21'
01-15 20:05:42.898   608   630 D NetlinkEvent: NL param 'DEVNAME=sde33'
01-15 20:05:42.898   608   630 D NetlinkEvent: NL param 'DEVTYPE=partition'
01-15 20:05:42.898   608   630 D NetlinkEvent: NL param 'PARTN=33'
01-15 20:05:42.898   608   630 D NetlinkEvent: NL param 'PARTNAME=qupfwbak'
01-15 20:05:42.898   608   630 V vold    : ----------------
01-15 20:05:42.898   608   630 V vold    : handleBlockEvent with action 1
01-15 20:05:42.898   608   630 D NetlinkEvent: NL param 'DEVPATH=/devices/platform/soc/1d84000.ufshc/host0/target0:0:0/0:0:0:4/block/sde/sde23'
01-15 20:05:42.898   608   630 D NetlinkEvent: NL param 'MAJOR=259'
01-15 20:05:42.898   608   630 D NetlinkEvent: NL param 'MINOR=11'
01-15 20:05:42.898   608   630 D NetlinkEvent: NL param 'DEVNAME=sde23'
01-15 20:05:42.898   608   630 D NetlinkEvent: NL param 'DEVTYPE=partition'
01-15 20:05:42.898   608   630 D NetlinkEvent: NL param 'PARTN=23'
01-15 20:05:42.898   608   630 D NetlinkEvent: NL param 'PARTNAME=bluetoothbak'
01-15 20:05:42.899   608   630 V vold    : ----------------
01-15 20:05:42.899   608   630 V vold    : handleBlockEvent with action 1
01-15 20:05:42.899   608   630 D NetlinkEvent: NL param 'DEVPATH=/devices/platform/soc/1d84000.ufshc/host0/target0:0:0/0:0:0:4/block/sde/sde1'
01-15 20:05:42.899   608   630 D NetlinkEvent: NL param 'MAJOR=8'
01-15 20:05:42.899   608   630 D NetlinkEvent: NL param 'MINOR=65'
01-15 20:05:42.899   608   630 D NetlinkEvent: NL param 'DEVNAME=sde1'
01-15 20:05:42.899   608   630 D NetlinkEvent: NL param 'DEVTYPE=partition'
01-15 20:05:42.899   608   630 D NetlinkEvent: NL param 'PARTN=1'
01-15 20:05:42.899   608   630 D NetlinkEvent: NL param 'PARTNAME=aop'
01-15 20:05:42.899   608   630 V vold    : ----------------
01-15 20:05:42.899   608   630 V vold    : handleBlockEvent with action 1
01-15 20:05:42.899   608   630 D NetlinkEvent: NL param 'DEVPATH=/devices/platform/soc/1d84000.ufshc/host0/target0:0:0/0:0:0:4/block/sde/sde13'
01-15 20:05:42.899   608   630 D NetlinkEvent: NL param 'MAJOR=8'
01-15 20:05:42.899   608   630 D NetlinkEvent: NL param 'MINOR=77'
01-15 20:05:42.899   608   630 D NetlinkEvent: NL param 'DEVNAME=sde13'
01-15 20:05:42.899   608   630 D NetlinkEvent: NL param 'DEVTYPE=partition'
01-15 20:05:42.899   608   630 D NetlinkEvent: NL param 'PARTN=13'
01-15 20:05:42.899   608   630 D NetlinkEvent: NL param 'PARTNAME=cmnlib64'
01-15 20:05:42.899   608   630 V vold    : ----------------
01-15 20:05:42.899   608   630 V vold    : handleBlockEvent with action 1
01-15 20:05:42.899   608   630 D NetlinkEvent: NL param 'DEVPATH=/devices/platform/soc/1d84000.ufshc/host0/target0:0:0/0:0:0:4/block/sde/sde41'
01-15 20:05:42.899   608   630 D NetlinkEvent: NL param 'MAJOR=259'
01-15 20:05:42.899   608   630 D NetlinkEvent: NL param 'MINOR=29'
01-15 20:05:42.899   608   630 D NetlinkEvent: NL param 'DEVNAME=sde41'
01-15 20:05:42.899   608   630 D NetlinkEvent: NL param 'DEVTYPE=partition'
01-15 20:05:42.899   608   630 D NetlinkEvent: NL param 'PARTN=41'
01-15 20:05:42.899   608   630 D NetlinkEvent: NL param 'PARTNAME=msadp'
01-15 20:05:42.900   608   630 V vold    : ----------------
01-15 20:05:42.900   608   630 V vold    : handleBlockEvent with action 1
01-15 20:05:42.900   608   630 D NetlinkEvent: NL param 'DEVPATH=/devices/platform/soc/1d84000.ufshc/host0/target0:0:0/0:0:0:4/block/sde/sde31'
01-15 20:05:42.900   608   630 D NetlinkEvent: NL param 'MAJOR=259'
01-15 20:05:42.900   608   630 D NetlinkEvent: NL param 'MINOR=19'
01-15 20:05:42.900   608   630 D NetlinkEvent: NL param 'DEVNAME=sde31'
01-15 20:05:42.900   608   630 D NetlinkEvent: NL param 'DEVTYPE=partition'
01-15 20:05:42.900   608   630 D NetlinkEvent: NL param 'PARTN=31'
01-15 20:05:42.900   608   630 D NetlinkEvent: NL param 'PARTNAME=cmnlib64bak'
01-15 20:05:42.900   608   630 V vold    : ----------------
01-15 20:05:42.900   608   630 V vold    : handleBlockEvent with action 1
01-15 20:05:42.900   608   630 D NetlinkEvent: NL param 'DEVPATH=/devices/platform/soc/1d84000.ufshc/host0/target0:0:0/0:0:0:4/block/sde/sde21'
01-15 20:05:42.900   608   630 D NetlinkEvent: NL param 'MAJOR=259'
01-15 20:05:42.900   608   630 D NetlinkEvent: NL param 'MINOR=9'
01-15 20:05:42.900   608   630 D NetlinkEvent: NL param 'DEVNAME=sde21'
01-15 20:05:42.900   608   630 D NetlinkEvent: NL param 'DEVTYPE=partition'
01-15 20:05:42.900   608   630 D NetlinkEvent: NL param 'PARTN=21'
01-15 20:05:42.900   608   630 D NetlinkEvent: NL param 'PARTNAME=hypbak'
01-15 20:05:42.901   608   630 V vold    : ----------------
01-15 20:05:42.901   608   630 V vold    : handleBlockEvent with action 1
01-15 20:05:42.901   608   630 D NetlinkEvent: NL param 'DEVPATH=/devices/platform/soc/1d84000.ufshc/host0/target0:0:0/0:0:0:4/block/sde/sde11'
01-15 20:05:42.901   608   630 D NetlinkEvent: NL param 'MAJOR=8'
01-15 20:05:42.901   608   630 D NetlinkEvent: NL param 'MINOR=75'
01-15 20:05:42.901   608   630 D NetlinkEvent: NL param 'DEVNAME=sde11'
01-15 20:05:42.901   608   630 D NetlinkEvent: NL param 'DEVTYPE=partition'
01-15 20:05:42.901   608   630 D NetlinkEvent: NL param 'PARTN=11'
01-15 20:05:42.901   608   630 D NetlinkEvent: NL param 'PARTNAME=boot'
01-15 20:05:42.901   608   630 V vold    : ----------------
01-15 20:05:42.901   608   630 V vold    : handleBlockEvent with action 1
01-15 20:05:42.901   608   630 D NetlinkEvent: NL param 'DEVPATH=/devices/platform/soc/1d84000.ufshc/host0/target0:0:0/0:0:0:4/block/sde/sde8'
01-15 20:05:42.901   608   630 D NetlinkEvent: NL param 'MAJOR=8'
01-15 20:05:42.901   608   630 D NetlinkEvent: NL param 'MINOR=72'
01-15 20:05:42.901   608   630 D NetlinkEvent: NL param 'DEVNAME=sde8'
01-15 20:05:42.901   608   630 D NetlinkEvent: NL param 'DEVTYPE=partition'
01-15 20:05:42.901   608   630 D NetlinkEvent: NL param 'PARTN=8'
01-15 20:05:42.901   608   630 D NetlinkEvent: NL param 'PARTNAME=abl'
01-15 20:05:42.902   608   630 V vold    : ----------------
01-15 20:05:42.902   608   630 V vold    : handleBlockEvent with action 1
01-15 20:05:42.902   608   630 D NetlinkEvent: NL param 'DEVPATH=/devices/platform/soc/1d84000.ufshc/host0/target0:0:0/0:0:0:4/block/sde/sde48'
01-15 20:05:42.902   608   630 D NetlinkEvent: NL param 'MAJOR=259'
01-15 20:05:42.902   608   630 D NetlinkEvent: NL param 'MINOR=36'
01-15 20:05:42.902   608   630 D NetlinkEvent: NL param 'DEVNAME=sde48'
01-15 20:05:42.902   608   630 D NetlinkEvent: NL param 'DEVTYPE=partition'
01-15 20:05:42.902   608   630 D NetlinkEvent: NL param 'PARTN=48'
01-15 20:05:42.902   608   630 D NetlinkEvent: NL param 'PARTNAME=logdump'
01-15 20:05:42.902   608   630 V vold    : ----------------
01-15 20:05:42.902   608   630 V vold    : handleBlockEvent with action 1
01-15 20:05:42.902   608   630 D NetlinkEvent: NL param 'DEVPATH=/devices/platform/soc/1d84000.ufshc/host0/target0:0:0/0:0:0:4/block/sde/sde38'
01-15 20:05:42.902   608   630 D NetlinkEvent: NL param 'MAJOR=259'
01-15 20:05:42.902   608   630 D NetlinkEvent: NL param 'MINOR=26'
01-15 20:05:42.902   608   630 D NetlinkEvent: NL param 'DEVNAME=sde38'
01-15 20:05:42.902   608   630 D NetlinkEvent: NL param 'DEVTYPE=partition'
01-15 20:05:42.902   608   630 D NetlinkEvent: NL param 'PARTN=38'
01-15 20:05:42.902   608   630 D NetlinkEvent: NL param 'PARTNAME=devinfo'
01-15 20:05:42.903   608   630 V vold    : ----------------
01-15 20:05:42.903   608   630 V vold    : handleBlockEvent with action 1
01-15 20:05:42.903   608   630 D NetlinkEvent: NL param 'DEVPATH=/devices/platform/soc/1d84000.ufshc/host0/target0:0:0/0:0:0:4/block/sde/sde28'
01-15 20:05:42.903   608   630 D NetlinkEvent: NL param 'MAJOR=259'
01-15 20:05:42.903   608   630 D NetlinkEvent: NL param 'MINOR=16'
01-15 20:05:42.903   608   630 D NetlinkEvent: NL param 'DEVNAME=sde28'
01-15 20:05:42.903   608   630 D NetlinkEvent: NL param 'DEVTYPE=partition'
01-15 20:05:42.903   608   630 D NetlinkEvent: NL param 'PARTN=28'
01-15 20:05:42.903   608   630 D NetlinkEvent: NL param 'PARTNAME=keymasterbak'
01-15 20:05:42.903   608   630 V vold    : ----------------
01-15 20:05:42.903   608   630 V vold    : handleBlockEvent with action 1
01-15 20:05:42.903   608   630 D NetlinkEvent: NL param 'DEVPATH=/devices/platform/soc/1d84000.ufshc/host0/target0:0:0/0:0:0:4/block/sde/sde6'
01-15 20:05:42.903   608   630 D NetlinkEvent: NL param 'MAJOR=8'
01-15 20:05:42.903   608   630 D NetlinkEvent: NL param 'MINOR=70'
01-15 20:05:42.903   608   630 D NetlinkEvent: NL param 'DEVNAME=sde6'
01-15 20:05:42.903   608   630 D NetlinkEvent: NL param 'DEVTYPE=partition'
01-15 20:05:42.903   608   630 D NetlinkEvent: NL param 'PARTN=6'
01-15 20:05:42.903   608   630 D NetlinkEvent: NL param 'PARTNAME=mdtpsecapp'
01-15 20:05:42.904   608   630 V vold    : ----------------
01-15 20:05:42.904   608   630 V vold    : handleBlockEvent with action 1
01-15 20:05:42.904   608   630 D NetlinkEvent: NL param 'DEVPATH=/devices/platform/soc/1d84000.ufshc/host0/target0:0:0/0:0:0:4/block/sde/sde18'
01-15 20:05:42.904   608   630 D NetlinkEvent: NL param 'MAJOR=259'
01-15 20:05:42.904   608   630 D NetlinkEvent: NL param 'MINOR=6'
01-15 20:05:42.904   608   630 D NetlinkEvent: NL param 'DEVNAME=sde18'
01-15 20:05:42.904   608   630 D NetlinkEvent: NL param 'DEVTYPE=partition'
01-15 20:05:42.904   608   630 D NetlinkEvent: NL param 'PARTN=18'
01-15 20:05:42.904   608   630 D NetlinkEvent: NL param 'PARTNAME=storsec'
01-15 20:05:42.904   608   630 V vold    : ----------------
01-15 20:05:42.904   608   630 V vold    : handleBlockEvent with action 1
01-15 20:05:42.904   608   630 D NetlinkEvent: NL param 'DEVPATH=/devices/platform/soc/1d84000.ufshc/host0/target0:0:0/0:0:0:4/block/sde/sde46'
01-15 20:05:42.904   608   630 D NetlinkEvent: NL param 'MAJOR=259'
01-15 20:05:42.904   608   630 D NetlinkEvent: NL param 'MINOR=34'
01-15 20:05:42.904   608   630 D NetlinkEvent: NL param 'DEVNAME=sde46'
01-15 20:05:42.904   608   630 D NetlinkEvent: NL param 'DEVTYPE=partition'
01-15 20:05:42.904   608   630 D NetlinkEvent: NL param 'PARTN=46'
01-15 20:05:42.904   608   630 D NetlinkEvent: NL param 'PARTNAME=logfs'
01-15 20:05:42.905   608   630 V vold    : ----------------
01-15 20:05:42.905   608   630 V vold    : handleBlockEvent with action 1
01-15 20:05:42.905   608   630 D NetlinkEvent: NL param 'DEVPATH=/devices/platform/soc/1d84000.ufshc/host0/target0:0:0/0:0:0:4/block/sde/sde36'
01-15 20:05:42.905   608   630 D NetlinkEvent: NL param 'MAJOR=259'
01-15 20:05:42.905   608   630 D NetlinkEvent: NL param 'MINOR=24'
01-15 20:05:42.905   608   630 D NetlinkEvent: NL param 'DEVNAME=sde36'
01-15 20:05:42.905   608   630 D NetlinkEvent: NL param 'DEVTYPE=partition'
01-15 20:05:42.905   608   630 D NetlinkEvent: NL param 'PARTN=36'
01-15 20:05:42.905   608   630 D NetlinkEvent: NL param 'PARTNAME=storsecbak'
01-15 20:05:42.905   608   630 V vold    : ----------------
01-15 20:05:42.905   608   630 V vold    : handleBlockEvent with action 1
01-15 20:05:42.905   608   630 D NetlinkEvent: NL param 'DEVPATH=/devices/platform/soc/1d84000.ufshc/host0/target0:0:0/0:0:0:4/block/sde/sde26'
01-15 20:05:42.905   608   630 D NetlinkEvent: NL param 'MAJOR=259'
01-15 20:05:42.905   608   630 D NetlinkEvent: NL param 'MINOR=14'
01-15 20:05:42.905   608   630 D NetlinkEvent: NL param 'DEVNAME=sde26'
01-15 20:05:42.905   608   630 D NetlinkEvent: NL param 'DEVTYPE=partition'
01-15 20:05:42.905   608   630 D NetlinkEvent: NL param 'PARTN=26'
01-15 20:05:42.905   608   630 D NetlinkEvent: NL param 'PARTNAME=ablbak'
01-15 20:05:42.906   608   630 V vold    : ----------------
01-15 20:05:42.906   608   630 V vold    : handleBlockEvent with action 1
01-15 20:05:42.906   608   630 D NetlinkEvent: NL param 'DEVPATH=/devices/platform/soc/1d84000.ufshc/host0/target0:0:0/0:0:0:4/block/sde/sde4'
01-15 20:05:42.906   608   630 D NetlinkEvent: NL param 'MAJOR=8'
01-15 20:05:42.906   608   630 D NetlinkEvent: NL param 'MINOR=68'
01-15 20:05:42.906   608   630 D NetlinkEvent: NL param 'DEVNAME=sde4'
01-15 20:05:42.906   608   630 D NetlinkEvent: NL param 'DEVTYPE=partition'
01-15 20:05:42.906   608   630 D NetlinkEvent: NL param 'PARTN=4'
01-15 20:05:42.906   608   630 D NetlinkEvent: NL param 'PARTNAME=modem'
01-15 20:05:42.906   608   630 V vold    : ----------------
01-15 20:05:42.906   608   630 V vold    : handleBlockEvent with action 1
01-15 20:05:42.906   608   630 D NetlinkEvent: NL param 'DEVPATH=/devices/platform/soc/1d84000.ufshc/host0/target0:0:0/0:0:0:4/block/sde/sde16'
01-15 20:05:42.906   608   630 D NetlinkEvent: NL param 'MAJOR=259'
01-15 20:05:42.906   608   630 D NetlinkEvent: NL param 'MINOR=4'
01-15 20:05:42.906   608   630 D NetlinkEvent: NL param 'DEVNAME=sde16'
01-15 20:05:42.906   608   630 D NetlinkEvent: NL param 'DEVTYPE=partition'
01-15 20:05:42.906   608   630 D NetlinkEvent: NL param 'PARTN=16'
01-15 20:05:42.906   608   630 D NetlinkEvent: NL param 'PARTNAME=vbmeta'
01-15 20:05:42.907   608   630 V vold    : ----------------
01-15 20:05:42.907   608   630 V vold    : handleBlockEvent with action 1
01-15 20:05:42.907   608   630 D NetlinkEvent: NL param 'DEVPATH=/devices/platform/soc/1d84000.ufshc/host0/target0:0:0/0:0:0:4/block/sde/sde44'
01-15 20:05:42.907   608   630 D NetlinkEvent: NL param 'MAJOR=259'
01-15 20:05:42.907   608   630 D NetlinkEvent: NL param 'MINOR=32'
01-15 20:05:42.907   608   630 D NetlinkEvent: NL param 'DEVNAME=sde44'
01-15 20:05:42.907   608   630 D NetlinkEvent: NL param 'DEVTYPE=partition'
01-15 20:05:42.907   608   630 D NetlinkEvent: NL param 'PARTN=44'
01-15 20:05:42.907   608   630 D NetlinkEvent: NL param 'PARTNAME=limits'
01-15 20:05:42.907   608   630 V vold    : ----------------
01-15 20:05:42.907   608   630 V vold    : handleBlockEvent with action 1
01-15 20:05:42.907   608   630 D NetlinkEvent: NL param 'DEVPATH=/devices/platform/soc/1d84000.ufshc/host0/target0:0:0/0:0:0:4/block/sde/sde34'
01-15 20:05:42.907   608   630 D NetlinkEvent: NL param 'MAJOR=259'
01-15 20:05:42.907   608   630 D NetlinkEvent: NL param 'MINOR=22'
01-15 20:05:42.907   608   630 D NetlinkEvent: NL param 'DEVNAME=sde34'
01-15 20:05:42.907   608   630 D NetlinkEvent: NL param 'DEVTYPE=partition'
01-15 20:05:42.907   608   630 D NetlinkEvent: NL param 'PARTN=34'
01-15 20:05:42.907   608   630 D NetlinkEvent: NL param 'PARTNAME=vbmetabak'
01-15 20:05:42.907   608   630 V vold    : ----------------
01-15 20:05:42.908   608   630 V vold    : handleBlockEvent with action 1
01-15 20:05:42.908   608   630 D NetlinkEvent: NL param 'DEVPATH=/devices/virtual/block/ram1'
01-15 20:05:42.908   608   630 D NetlinkEvent: NL param 'MAJOR=1'
01-15 20:05:42.908   608   630 D NetlinkEvent: NL param 'MINOR=1'
01-15 20:05:42.908   608   630 D NetlinkEvent: NL param 'DEVNAME=ram1'
01-15 20:05:42.908   608   630 D NetlinkEvent: NL param 'DEVTYPE=disk'
01-15 20:05:42.908   608   630 D NetlinkEvent: NL param 'NPARTS=0'
01-15 20:05:42.908   608   630 V vold    : ----------------
01-15 20:05:42.908   608   630 V vold    : handleBlockEvent with action 1
01-15 20:05:42.908   608   630 D NetlinkEvent: NL param 'DEVPATH=/devices/virtual/block/loop0'
01-15 20:05:42.908   608   630 D NetlinkEvent: NL param 'MAJOR=7'
01-15 20:05:42.908   608   630 D NetlinkEvent: NL param 'MINOR=0'
01-15 20:05:42.908   608   630 D NetlinkEvent: NL param 'DEVNAME=loop0'
01-15 20:05:42.908   608   630 D NetlinkEvent: NL param 'DEVTYPE=disk'
01-15 20:05:42.908   608   630 D NetlinkEvent: NL param 'NPARTS=0'
01-15 20:05:42.909   608   630 V vold    : ----------------
01-15 20:05:42.909   608   630 V vold    : handleBlockEvent with action 1
01-15 20:05:42.909   608   630 D NetlinkEvent: NL param 'DEVPATH=/devices/platform/soc/1d84000.ufshc/host0/target0:0:0/0:0:0:2/block/sdc'
01-15 20:05:42.909   608   630 D NetlinkEvent: NL param 'MAJOR=8'
01-15 20:05:42.909   608   630 D NetlinkEvent: NL param 'MINOR=32'
01-15 20:05:42.910   608   630 D NetlinkEvent: NL param 'DEVNAME=sdc'
01-15 20:05:42.910   608   630 D NetlinkEvent: NL param 'DEVTYPE=disk'
01-15 20:05:42.910   608   630 D NetlinkEvent: NL param 'NPARTS=2'
01-15 20:05:42.910   608   630 V vold    : ----------------
01-15 20:05:42.910   608   630 V vold    : handleBlockEvent with action 1
01-15 20:05:42.910   608   630 D NetlinkEvent: NL param 'DEVPATH=/devices/platform/soc/1d84000.ufshc/host0/target0:0:0/0:0:0:2/block/sdc/sdc2'
01-15 20:05:42.910   608   630 D NetlinkEvent: NL param 'MAJOR=8'
01-15 20:05:42.910   608   630 D NetlinkEvent: NL param 'MINOR=34'
01-15 20:05:42.910   608   630 D NetlinkEvent: NL param 'DEVNAME=sdc2'
01-15 20:05:42.910   608   630 D NetlinkEvent: NL param 'DEVTYPE=partition'
01-15 20:05:42.910   608   630 D NetlinkEvent: NL param 'PARTN=2'
01-15 20:05:42.910   608   630 D NetlinkEvent: NL param 'PARTNAME=xbl_configbak'
01-15 20:05:42.910   608   630 V vold    : ----------------
01-15 20:05:42.910   608   630 V vold    : handleBlockEvent with action 1
01-15 20:05:42.910   608   630 D NetlinkEvent: NL param 'DEVPATH=/devices/platform/soc/1d84000.ufshc/host0/target0:0:0/0:0:0:2/block/sdc/sdc1'
01-15 20:05:42.910   608   630 D NetlinkEvent: NL param 'MAJOR=8'
01-15 20:05:42.910   608   630 D NetlinkEvent: NL param 'MINOR=33'
01-15 20:05:42.910   608   630 D NetlinkEvent: NL param 'DEVNAME=sdc1'
01-15 20:05:42.910   608   630 D NetlinkEvent: NL param 'DEVTYPE=partition'
01-15 20:05:42.910   608   630 D NetlinkEvent: NL param 'PARTN=1'
01-15 20:05:42.910   608   630 D NetlinkEvent: NL param 'PARTNAME=xblbak'
01-15 20:05:42.911   608   630 V vold    : ----------------
01-15 20:05:42.911   608   630 V vold    : handleBlockEvent with action 1
01-15 20:05:42.911   608   630 D NetlinkEvent: NL param 'DEVPATH=/devices/platform/soc/1d84000.ufshc/host0/target0:0:0/0:0:0:0/block/sda'
01-15 20:05:42.911   608   630 D NetlinkEvent: NL param 'MAJOR=8'
01-15 20:05:42.911   608   630 D NetlinkEvent: NL param 'MINOR=0'
01-15 20:05:42.911   608   630 D NetlinkEvent: NL param 'DEVNAME=sda'
01-15 20:05:42.911   608   630 D NetlinkEvent: NL param 'DEVTYPE=disk'
01-15 20:05:42.911   608   630 D NetlinkEvent: NL param 'NPARTS=19'
01-15 20:05:42.911   608   630 V vold    : ----------------
01-15 20:05:42.911   608   630 V vold    : handleBlockEvent with action 1
01-15 20:05:42.911   608   630 D NetlinkEvent: NL param 'DEVPATH=/devices/platform/soc/1d84000.ufshc/host0/target0:0:0/0:0:0:0/block/sda/sda4'
01-15 20:05:42.911   608   630 D NetlinkEvent: NL param 'MAJOR=8'
01-15 20:05:42.911   608   630 D NetlinkEvent: NL param 'MINOR=4'
01-15 20:05:42.911   608   630 D NetlinkEvent: NL param 'DEVNAME=sda4'
01-15 20:05:42.911   608   630 D NetlinkEvent: NL param 'DEVTYPE=partition'
01-15 20:05:42.911   608   630 D NetlinkEvent: NL param 'PARTN=4'
01-15 20:05:42.911   608   630 D NetlinkEvent: NL param 'PARTNAME=keystore'
01-15 20:05:42.912   608   630 V vold    : ----------------
01-15 20:05:42.912   608   630 V vold    : handleBlockEvent with action 1
01-15 20:05:42.912   608   630 D NetlinkEvent: NL param 'DEVPATH=/devices/platform/soc/1d84000.ufshc/host0/target0:0:0/0:0:0:0/block/sda/sda18'
01-15 20:05:42.912   608   630 D NetlinkEvent: NL param 'MAJOR=259'
01-15 20:05:42.912   608   630 D NetlinkEvent: NL param 'MINOR=2'
01-15 20:05:42.912   608   630 D NetlinkEvent: NL param 'DEVNAME=sda18'
01-15 20:05:42.912   608   630 D NetlinkEvent: NL param 'DEVTYPE=partition'
01-15 20:05:42.912   608   630 D NetlinkEvent: NL param 'PARTN=18'
01-15 20:05:42.912   608   630 D NetlinkEvent: NL param 'PARTNAME=rawdump'
01-15 20:05:42.912   608   630 V vold    : ----------------
01-15 20:05:42.912   608   630 V vold    : handleBlockEvent with action 1
01-15 20:05:42.912   608   630 D NetlinkEvent: NL param 'DEVPATH=/devices/platform/soc/1d84000.ufshc/host0/target0:0:0/0:0:0:0/block/sda/sda2'
01-15 20:05:42.912   608   630 D NetlinkEvent: NL param 'MAJOR=8'
01-15 20:05:42.912   608   630 D NetlinkEvent: NL param 'MINOR=2'
01-15 20:05:42.912   608   630 D NetlinkEvent: NL param 'DEVNAME=sda2'
01-15 20:05:42.912   608   630 D NetlinkEvent: NL param 'DEVTYPE=partition'
01-15 20:05:42.912   608   630 D NetlinkEvent: NL param 'PARTN=2'
01-15 20:05:42.912   608   630 D NetlinkEvent: NL param 'PARTNAME=persist'
01-15 20:05:42.912   608   630 V vold    : ----------------
01-15 20:05:42.912   608   630 V vold    : handleBlockEvent with action 1
01-15 20:05:42.912   608   630 D NetlinkEvent: NL param 'DEVPATH=/devices/platform/soc/1d84000.ufshc/host0/target0:0:0/0:0:0:0/block/sda/sda16'
01-15 20:05:42.912   608   630 D NetlinkEvent: NL param 'MAJOR=259'
01-15 20:05:42.913   608   630 D NetlinkEvent: NL param 'MINOR=0'
01-15 20:05:42.913   608   630 D NetlinkEvent: NL param 'DEVNAME=sda16'
01-15 20:05:42.913   608   630 D NetlinkEvent: NL param 'DEVTYPE=partition'
01-15 20:05:42.913   608   630 D NetlinkEvent: NL param 'PARTN=16'
01-15 20:05:42.913   608   630 D NetlinkEvent: NL param 'PARTNAME=system'
01-15 20:05:42.913   608   630 V vold    : ----------------
01-15 20:05:42.913   608   630 V vold    : handleBlockEvent with action 1
01-15 20:05:42.913   608   630 D NetlinkEvent: NL param 'DEVPATH=/devices/platform/soc/1d84000.ufshc/host0/target0:0:0/0:0:0:0/block/sda/sda14'
01-15 20:05:42.913   608   630 D NetlinkEvent: NL param 'MAJOR=8'
01-15 20:05:42.913   608   630 D NetlinkEvent: NL param 'MINOR=14'
01-15 20:05:42.913   608   630 D NetlinkEvent: NL param 'DEVNAME=sda14'
01-15 20:05:42.913   608   630 D NetlinkEvent: NL param 'DEVTYPE=partition'
01-15 20:05:42.913   608   630 D NetlinkEvent: NL param 'PARTN=14'
01-15 20:05:42.913   608   630 D NetlinkEvent: NL param 'PARTNAME=cache'
01-15 20:05:42.913   608   630 V vold    : ----------------
01-15 20:05:42.913   608   630 V vold    : handleBlockEvent with action 1
01-15 20:05:42.913   608   630 D NetlinkEvent: NL param 'DEVPATH=/devices/platform/soc/1d84000.ufshc/host0/target0:0:0/0:0:0:0/block/sda/sda9'
01-15 20:05:42.913   608   630 D NetlinkEvent: NL param 'MAJOR=8'
01-15 20:05:42.913   608   630 D NetlinkEvent: NL param 'MINOR=9'
01-15 20:05:42.913   608   630 D NetlinkEvent: NL param 'DEVNAME=sda9'
01-15 20:05:42.913   608   630 D NetlinkEvent: NL param 'DEVTYPE=partition'
01-15 20:05:42.913   608   630 D NetlinkEvent: NL param 'PARTN=9'
01-15 20:05:42.913   608   630 D NetlinkEvent: NL param 'PARTNAME=param'
01-15 20:05:42.914   608   630 V vold    : ----------------
01-15 20:05:42.914   608   630 V vold    : handleBlockEvent with action 1
01-15 20:05:42.914   608   630 D NetlinkEvent: NL param 'DEVPATH=/devices/platform/soc/1d84000.ufshc/host0/target0:0:0/0:0:0:0/block/sda/sda12'
01-15 20:05:42.914   608   630 D NetlinkEvent: NL param 'MAJOR=8'
01-15 20:05:42.914   608   630 D NetlinkEvent: NL param 'MINOR=12'
01-15 20:05:42.914   608   630 D NetlinkEvent: NL param 'DEVNAME=sda12'
01-15 20:05:42.914   608   630 D NetlinkEvent: NL param 'DEVTYPE=partition'
01-15 20:05:42.914   608   630 D NetlinkEvent: NL param 'PARTN=12'
01-15 20:05:42.914   608   630 D NetlinkEvent: NL param 'PARTNAME=erf'
01-15 20:05:42.914   608   630 V vold    : ----------------
01-15 20:05:42.914   608   630 V vold    : handleBlockEvent with action 1
01-15 20:05:42.914   608   630 D NetlinkEvent: NL param 'DEVPATH=/devices/platform/soc/1d84000.ufshc/host0/target0:0:0/0:0:0:0/block/sda/sda7'
01-15 20:05:42.914   608   630 D NetlinkEvent: NL param 'MAJOR=8'
01-15 20:05:42.914   608   630 D NetlinkEvent: NL param 'MINOR=7'
01-15 20:05:42.914   608   630 D NetlinkEvent: NL param 'DEVNAME=sda7'
01-15 20:05:42.914   608   630 D NetlinkEvent: NL param 'DEVTYPE=partition'
01-15 20:05:42.914   608   630 D NetlinkEvent: NL param 'PARTN=7'
01-15 20:05:42.914   608   630 D NetlinkEvent: NL param 'PARTNAME=proinfo'
01-15 20:05:42.915   608   630 V vold    : ----------------
01-15 20:05:42.915   608   630 V vold    : handleBlockEvent with action 1
01-15 20:05:42.915   608   630 D NetlinkEvent: NL param 'DEVPATH=/devices/platform/soc/1d84000.ufshc/host0/target0:0:0/0:0:0:0/block/sda/sda10'
01-15 20:05:42.915   608   630 D NetlinkEvent: NL param 'MAJOR=8'
01-15 20:05:42.915   608   630 D NetlinkEvent: NL param 'MINOR=10'
01-15 20:05:42.915   608   630 D NetlinkEvent: NL param 'DEVNAME=sda10'
01-15 20:05:42.915   608   630 D NetlinkEvent: NL param 'DEVTYPE=partition'
01-15 20:05:42.915   608   630 D NetlinkEvent: NL param 'PARTN=10'
01-15 20:05:42.915   608   630 D NetlinkEvent: NL param 'PARTNAME=rstinfo'
01-15 20:05:42.915   608   630 V vold    : ----------------
01-15 20:05:42.915   608   630 V vold    : handleBlockEvent with action 1
01-15 20:05:42.915   608   630 D NetlinkEvent: NL param 'DEVPATH=/devices/platform/soc/1d84000.ufshc/host0/target0:0:0/0:0:0:0/block/sda/sda5'
01-15 20:05:42.915   608   630 D NetlinkEvent: NL param 'MAJOR=8'
01-15 20:05:42.915   608   630 D NetlinkEvent: NL param 'MINOR=5'
01-15 20:05:42.915   608   630 D NetlinkEvent: NL param 'DEVNAME=sda5'
01-15 20:05:42.915   608   630 D NetlinkEvent: NL param 'DEVTYPE=partition'
01-15 20:05:42.915   608   630 D NetlinkEvent: NL param 'PARTN=5'
01-15 20:05:42.915   608   630 D NetlinkEvent: NL param 'PARTNAME=frp'
01-15 20:05:42.915   608   630 V vold    : ----------------
01-15 20:05:42.915   608   630 V vold    : handleBlockEvent with action 1
01-15 20:05:42.915   608   630 D NetlinkEvent: NL param 'DEVPATH=/devices/platform/soc/1d84000.ufshc/host0/target0:0:0/0:0:0:0/block/sda/sda19'
01-15 20:05:42.915   608   630 D NetlinkEvent: NL param 'MAJOR=259'
01-15 20:05:42.916   608   630 D NetlinkEvent: NL param 'MINOR=3'
01-15 20:05:42.916   608   630 D NetlinkEvent: NL param 'DEVNAME=sda19'
01-15 20:05:42.916   608   630 D NetlinkEvent: NL param 'DEVTYPE=partition'
01-15 20:05:42.916   608   630 D NetlinkEvent: NL param 'PARTN=19'
01-15 20:05:42.916   608   630 D NetlinkEvent: NL param 'PARTNAME=userdata'
01-15 20:05:42.916   608   630 V vold    : ----------------
01-15 20:05:42.916   608   630 V vold    : handleBlockEvent with action 1
01-15 20:05:42.916   608   630 D NetlinkEvent: NL param 'DEVPATH=/devices/platform/soc/1d84000.ufshc/host0/target0:0:0/0:0:0:0/block/sda/sda3'
01-15 20:05:42.916   608   630 D NetlinkEvent: NL param 'MAJOR=8'
01-15 20:05:42.916   608   630 D NetlinkEvent: NL param 'MINOR=3'
01-15 20:05:42.916   608   630 D NetlinkEvent: NL param 'DEVNAME=sda3'
01-15 20:05:42.916   608   630 D NetlinkEvent: NL param 'DEVTYPE=partition'
01-15 20:05:42.916   608   630 D NetlinkEvent: NL param 'PARTN=3'
01-15 20:05:42.916   608   630 D NetlinkEvent: NL param 'PARTNAME=misc'
01-15 20:05:42.916   608   630 V vold    : ----------------
01-15 20:05:42.916   608   630 V vold    : handleBlockEvent with action 1
01-15 20:05:42.916   608   630 D NetlinkEvent: NL param 'DEVPATH=/devices/platform/soc/1d84000.ufshc/host0/target0:0:0/0:0:0:0/block/sda/sda17'
01-15 20:05:42.916   608   630 D NetlinkEvent: NL param 'MAJOR=259'
01-15 20:05:42.916   608   630 D NetlinkEvent: NL param 'MINOR=1'
01-15 20:05:42.916   608   630 D NetlinkEvent: NL param 'DEVNAME=sda17'
01-15 20:05:42.916   608   630 D NetlinkEvent: NL param 'DEVTYPE=partition'
01-15 20:05:42.916   608   630 D NetlinkEvent: NL param 'PARTN=17'
01-15 20:05:42.916   608   630 D NetlinkEvent: NL param 'PARTNAME=vendor'
01-15 20:05:42.916   608   630 V vold    : ----------------
01-15 20:05:42.916   608   630 V vold    : handleBlockEvent with action 1
01-15 20:05:42.916   608   630 D NetlinkEvent: NL param 'DEVPATH=/devices/platform/soc/1d84000.ufshc/host0/target0:0:0/0:0:0:0/block/sda/sda1'
01-15 20:05:42.916   608   630 D NetlinkEvent: NL param 'MAJOR=8'
01-15 20:05:42.916   608   630 D NetlinkEvent: NL param 'MINOR=1'
01-15 20:05:42.916   608   630 D NetlinkEvent: NL param 'DEVNAME=sda1'
01-15 20:05:42.916   608   630 D NetlinkEvent: NL param 'DEVTYPE=partition'
01-15 20:05:42.916   608   630 D NetlinkEvent: NL param 'PARTN=1'
01-15 20:05:42.916   608   630 D NetlinkEvent: NL param 'PARTNAME=ssd'
01-15 20:05:42.917   608   630 V vold    : ----------------
01-15 20:05:42.917   608   630 V vold    : handleBlockEvent with action 1
01-15 20:05:42.917   608   630 D NetlinkEvent: NL param 'DEVPATH=/devices/platform/soc/1d84000.ufshc/host0/target0:0:0/0:0:0:0/block/sda/sda15'
01-15 20:05:42.917   608   630 D NetlinkEvent: NL param 'MAJOR=8'
01-15 20:05:42.917   608   630 D NetlinkEvent: NL param 'MINOR=15'
01-15 20:05:42.917   608   630 D NetlinkEvent: NL param 'DEVNAME=sda15'
01-15 20:05:42.917   608   630 D NetlinkEvent: NL param 'DEVTYPE=partition'
01-15 20:05:42.917   608   630 D NetlinkEvent: NL param 'PARTN=15'
01-15 20:05:42.917   608   630 D NetlinkEvent: NL param 'PARTNAME=custom'
01-15 20:05:42.917   608   630 V vold    : ----------------
01-15 20:05:42.917   608   630 V vold    : handleBlockEvent with action 1
01-15 20:05:42.917   608   630 D NetlinkEvent: NL param 'DEVPATH=/devices/platform/soc/1d84000.ufshc/host0/target0:0:0/0:0:0:0/block/sda/sda13'
01-15 20:05:42.917   608   630 D NetlinkEvent: NL param 'MAJOR=8'
01-15 20:05:42.917   608   630 D NetlinkEvent: NL param 'MINOR=13'
01-15 20:05:42.917   608   630 D NetlinkEvent: NL param 'DEVNAME=sda13'
01-15 20:05:42.917   608   630 D NetlinkEvent: NL param 'DEVTYPE=partition'
01-15 20:05:42.917   608   630 D NetlinkEvent: NL param 'PARTN=13'
01-15 20:05:42.917   608   630 D NetlinkEvent: NL param 'PARTNAME=recovery'
01-15 20:05:42.918   608   630 V vold    : ----------------
01-15 20:05:42.918   608   630 V vold    : handleBlockEvent with action 1
01-15 20:05:42.918   608   630 D NetlinkEvent: NL param 'DEVPATH=/devices/platform/soc/1d84000.ufshc/host0/target0:0:0/0:0:0:0/block/sda/sda8'
01-15 20:05:42.918   608   630 D NetlinkEvent: NL param 'MAJOR=8'
01-15 20:05:42.918   608   630 D NetlinkEvent: NL param 'MINOR=8'
01-15 20:05:42.918   608   630 D NetlinkEvent: NL param 'DEVNAME=sda8'
01-15 20:05:42.918   608   630 D NetlinkEvent: NL param 'DEVTYPE=partition'
01-15 20:05:42.918   608   630 D NetlinkEvent: NL param 'PARTN=8'
01-15 20:05:42.918   608   630 D NetlinkEvent: NL param 'PARTNAME=ftest'
01-15 20:05:42.918   608   630 V vold    : ----------------
01-15 20:05:42.918   608   630 V vold    : handleBlockEvent with action 1
01-15 20:05:42.918   608   630 D NetlinkEvent: NL param 'DEVPATH=/devices/platform/soc/1d84000.ufshc/host0/target0:0:0/0:0:0:0/block/sda/sda11'
01-15 20:05:42.918   608   630 D NetlinkEvent: NL param 'MAJOR=8'
01-15 20:05:42.918   608   630 D NetlinkEvent: NL param 'MINOR=11'
01-15 20:05:42.918   608   630 D NetlinkEvent: NL param 'DEVNAME=sda11'
01-15 20:05:42.918   608   630 D NetlinkEvent: NL param 'DEVTYPE=partition'
01-15 20:05:42.918   608   630 D NetlinkEvent: NL param 'PARTN=11'
01-15 20:05:42.918   608   630 D NetlinkEvent: NL param 'PARTNAME=reserved'
01-15 20:05:42.919   608   630 V vold    : ----------------
01-15 20:05:42.919   608   630 V vold    : handleBlockEvent with action 1
01-15 20:05:42.919   608   630 D NetlinkEvent: NL param 'DEVPATH=/devices/platform/soc/1d84000.ufshc/host0/target0:0:0/0:0:0:0/block/sda/sda6'
01-15 20:05:42.919   608   630 D NetlinkEvent: NL param 'MAJOR=8'
01-15 20:05:42.919   608   630 D NetlinkEvent: NL param 'MINOR=6'
01-15 20:05:42.919   608   630 D NetlinkEvent: NL param 'DEVNAME=sda6'
01-15 20:05:42.919   608   630 D NetlinkEvent: NL param 'DEVTYPE=partition'
01-15 20:05:42.919   608   630 D NetlinkEvent: NL param 'PARTN=6'
01-15 20:05:42.919   608   630 D NetlinkEvent: NL param 'PARTNAME=private'
01-15 20:05:42.919   608   630 V vold    : ----------------
01-15 20:05:42.919   608   630 V vold    : handleBlockEvent with action 1
01-15 20:05:42.919   608   630 D NetlinkEvent: NL param 'DEVPATH=/devices/virtual/block/ram8'
01-15 20:05:42.919   608   630 D NetlinkEvent: NL param 'MAJOR=1'
01-15 20:05:42.919   608   630 D NetlinkEvent: NL param 'MINOR=8'
01-15 20:05:42.919   608   630 D NetlinkEvent: NL param 'DEVNAME=ram8'
01-15 20:05:42.919   608   630 D NetlinkEvent: NL param 'DEVTYPE=disk'
01-15 20:05:42.919   608   630 D NetlinkEvent: NL param 'NPARTS=0'
01-15 20:05:42.920   608   630 V vold    : ----------------
01-15 20:05:42.920   608   630 V vold    : handleBlockEvent with action 1
01-15 20:05:42.920   608   630 D NetlinkEvent: NL param 'DEVPATH=/devices/virtual/block/loop7'
01-15 20:05:42.920   608   630 D NetlinkEvent: NL param 'MAJOR=7'
01-15 20:05:42.920   608   630 D NetlinkEvent: NL param 'MINOR=7'
01-15 20:05:42.920   608   630 D NetlinkEvent: NL param 'DEVNAME=loop7'
01-15 20:05:42.920   608   630 D NetlinkEvent: NL param 'DEVTYPE=disk'
01-15 20:05:42.920   608   630 D NetlinkEvent: NL param 'NPARTS=0'
01-15 20:05:42.921   608   630 V vold    : ----------------
01-15 20:05:42.921   608   630 V vold    : handleBlockEvent with action 1
01-15 20:05:42.921   608   630 D NetlinkEvent: NL param 'DEVPATH=/devices/virtual/block/ram15'
01-15 20:05:42.921   608   630 D NetlinkEvent: NL param 'MAJOR=1'
01-15 20:05:42.921   608   630 D NetlinkEvent: NL param 'MINOR=15'
01-15 20:05:42.921   608   630 D NetlinkEvent: NL param 'DEVNAME=ram15'
01-15 20:05:42.921   608   630 D NetlinkEvent: NL param 'DEVTYPE=disk'
01-15 20:05:42.921   608   630 D NetlinkEvent: NL param 'NPARTS=0'
01-15 20:05:42.921   608   630 V vold    : ----------------
01-15 20:05:42.921   608   630 V vold    : handleBlockEvent with action 1
01-15 20:05:42.921   608   630 D NetlinkEvent: NL param 'DEVPATH=/devices/virtual/block/ram6'
01-15 20:05:42.921   608   630 D NetlinkEvent: NL param 'MAJOR=1'
01-15 20:05:42.921   608   630 D NetlinkEvent: NL param 'MINOR=6'
01-15 20:05:42.921   608   630 D NetlinkEvent: NL param 'DEVNAME=ram6'
01-15 20:05:42.921   608   630 D NetlinkEvent: NL param 'DEVTYPE=disk'
01-15 20:05:42.921   608   630 D NetlinkEvent: NL param 'NPARTS=0'
01-15 20:05:42.922   608   630 V vold    : ----------------
01-15 20:05:42.922   608   630 V vold    : handleBlockEvent with action 1
01-15 20:05:42.922   608   630 D NetlinkEvent: NL param 'DEVPATH=/devices/virtual/block/loop5'
01-15 20:05:42.922   608   630 D NetlinkEvent: NL param 'MAJOR=7'
01-15 20:05:42.922   608   630 D NetlinkEvent: NL param 'MINOR=5'
01-15 20:05:42.922   608   630 D NetlinkEvent: NL param 'DEVNAME=loop5'
01-15 20:05:42.922   608   630 D NetlinkEvent: NL param 'DEVTYPE=disk'
01-15 20:05:42.922   608   630 D NetlinkEvent: NL param 'NPARTS=0'
01-15 20:05:42.923   608   630 V vold    : ----------------
01-15 20:05:42.923   608   630 V vold    : handleBlockEvent with action 1
01-15 20:05:42.923   608   630 D NetlinkEvent: NL param 'DEVPATH=/devices/virtual/block/ram13'
01-15 20:05:42.923   608   630 D NetlinkEvent: NL param 'MAJOR=1'
01-15 20:05:42.923   608   630 D NetlinkEvent: NL param 'MINOR=13'
01-15 20:05:42.923   608   630 D NetlinkEvent: NL param 'DEVNAME=ram13'
01-15 20:05:42.923   608   630 D NetlinkEvent: NL param 'DEVTYPE=disk'
01-15 20:05:42.923   608   630 D NetlinkEvent: NL param 'NPARTS=0'
01-15 20:05:42.923   608   630 V vold    : ----------------
01-15 20:05:42.923   608   630 V vold    : handleBlockEvent with action 1
01-15 20:05:42.923   608   630 D NetlinkEvent: NL param 'DEVPATH=/devices/virtual/block/ram4'
01-15 20:05:42.923   608   630 D NetlinkEvent: NL param 'MAJOR=1'
01-15 20:05:42.923   608   630 D NetlinkEvent: NL param 'MINOR=4'
01-15 20:05:42.923   608   630 D NetlinkEvent: NL param 'DEVNAME=ram4'
01-15 20:05:42.923   608   630 D NetlinkEvent: NL param 'DEVTYPE=disk'
01-15 20:05:42.923   608   630 D NetlinkEvent: NL param 'NPARTS=0'
01-15 20:05:42.924   608   630 V vold    : ----------------
01-15 20:05:42.924   608   630 V vold    : handleBlockEvent with action 1
01-15 20:05:42.924   608   630 D NetlinkEvent: NL param 'DEVPATH=/devices/virtual/block/loop3'
01-15 20:05:42.924   608   630 D NetlinkEvent: NL param 'MAJOR=7'
01-15 20:05:42.924   608   630 D NetlinkEvent: NL param 'MINOR=3'
01-15 20:05:42.924   608   630 D NetlinkEvent: NL param 'DEVNAME=loop3'
01-15 20:05:42.924   608   630 D NetlinkEvent: NL param 'DEVTYPE=disk'
01-15 20:05:42.924   608   630 D NetlinkEvent: NL param 'NPARTS=0'
01-15 20:05:43.073   639   639 I BOOT    : MSM target '', SoC 'MTP', HwID '321', SoC ver '65536'
01-15 20:05:43.096   641   641 W libc    : Unable to set property "ro.sf.lcd_density" to "480": error code: 0xb
01-15 20:05:43.137   647   647 W libc    : Unable to set property "ro.sf.lcd_density" to "480": error code: 0xb
01-15 20:05:43.375   699   699 I ServiceManagement: Removing namespace from process name android.hidl.allocator@1.0-service to allocator@1.0-s.
01-15 20:05:43.395   705   705 D vndksupport: Loading /vendor/lib64/hw/android.hardware.contexthub@1.0-impl.generic.so from current namespace instead of sphal namespace.
01-15 20:05:43.406   704   704 W /vendor/bin/hw/android.hardware.configstore@1.0-service: libminijail[704]: allowing syscall: connect
01-15 20:05:43.406   704   704 W /vendor/bin/hw/android.hardware.configstore@1.0-service: libminijail[704]: allowing syscall: fcntl
01-15 20:05:43.406   704   704 W /vendor/bin/hw/android.hardware.configstore@1.0-service: libminijail[704]: allowing syscall: sendto
01-15 20:05:43.407   704   704 W /vendor/bin/hw/android.hardware.configstore@1.0-service: libminijail[704]: allowing syscall: socket
01-15 20:05:43.407   704   704 W /vendor/bin/hw/android.hardware.configstore@1.0-service: libminijail[704]: allowing syscall: writev
01-15 20:05:43.415   716   716 I ServiceManagement: Removing namespace from process name android.hardware.usb@1.0-service to usb@1.0-service.
01-15 20:05:43.419   708   708 D vndksupport: Loading /vendor/lib64/hw/android.hardware.graphics.allocator@2.0-impl.so from current namespace instead of sphal namespace.
01-15 20:05:43.422   705   705 I ServiceManagement: Removing namespace from process name android.hardware.contexthub@1.0-service to contexthub@1.0-.
01-15 20:05:43.424   704   704 W /vendor/bin/hw/android.hardware.configstore@1.0-service: libminijail[704]: logging seccomp filter failures
01-15 20:05:43.424   705   705 I android.hardware.contexthub@1.0-service: Registration complete for android.hardware.contexthub@1.0::IContexthub/default.
01-15 20:05:43.424   704   704 I ServiceManagement: Removing namespace from process name android.hardware.configstore@1.0-service to configstore@1.0.
01-15 20:05:43.425   718   718 D vndksupport: Loading /vendor/lib64/hw/android.hardware.vr@1.0-impl.so from current namespace instead of sphal namespace.
01-15 20:05:43.430   716   716 I android.hardware.usb@1.0-service: USB HAL Ready.
01-15 20:05:43.433   714   714 D vndksupport: Loading /vendor/lib64/hw/android.hardware.sensors@1.0-impl.so from current namespace instead of sphal namespace.
01-15 20:05:43.434   710   710 D vndksupport: Loading /vendor/lib64/hw/android.hardware.health@1.0-impl.so from current namespace instead of sphal namespace.
01-15 20:05:43.435   715   715 D vndksupport: Loading /vendor/lib64/hw/android.hardware.thermal@1.0-impl.so from current namespace instead of sphal namespace.
01-15 20:05:43.440   711   711 D vndksupport: Loading /vendor/lib64/hw/android.hardware.light@2.0-impl.so from current namespace instead of sphal namespace.
01-15 20:05:43.440   708   708 D vndksupport: Loading /vendor/lib64/hw/gralloc.sdm845.so from current namespace instead of sphal namespace.
01-15 20:05:43.440   718   718 D vndksupport: Loading /vendor/lib64/hw/vr.sdm845.so from current namespace instead of sphal namespace.
01-15 20:05:43.444   715   715 D vndksupport: Loading /vendor/lib64/hw/thermal.sdm845.so from current namespace instead of sphal namespace.
01-15 20:05:43.446   711   711 D vndksupport: Loading /vendor/lib64/hw/lights.sdm845.so from current namespace instead of sphal namespace.
01-15 20:05:43.447   715   715 I ServiceManagement: Removing namespace from process name android.hardware.thermal@1.0-service to thermal@1.0-ser.
01-15 20:05:43.448   710   710 I ServiceManagement: Removing namespace from process name android.hardware.health@1.0-service to health@1.0-serv.
01-15 20:05:43.449   715   715 I android.hardware.thermal@1.0-service: Registration complete for android.hardware.thermal@1.0::IThermal/default.
01-15 20:05:43.449   723   723 D vndksupport: Loading /vendor/lib64/hw/vendor.qti.hardware.factory@1.0-impl.so from current namespace instead of sphal namespace.
01-15 20:05:43.454   710   710 I android.hardware.health@1.0-service: Registration complete for android.hardware.health@1.0::IHealth/default.
01-15 20:05:43.459   718   718 I ServiceManagement: Removing namespace from process name android.hardware.vr@1.0-service to vr@1.0-service.
01-15 20:05:43.461   730   730 D         : tui_comm: svc service starting :)
01-15 20:05:43.461   718   718 I android.hardware.vr@1.0-service: Registration complete for android.hardware.vr@1.0::IVr/default.
01-15 20:05:43.461   730   730 I ServiceManagement: Removing namespace from process name vendor.qti.hardware.tui_comm@1.0-service-qti to tui_comm@1.0-se.
01-15 20:05:43.463   730   730 E         : Registered ITuiComm HAL service success!
01-15 20:05:43.464   721   721 D vendor.qti.esepowermanager@1.0-service: loading eseservice
01-15 20:05:43.464   721   721 D QSEECOMAPI: QSEECom_get_handle sb_length = 0x400
01-15 20:05:43.465   725   725 D vndksupport: Loading /vendor/lib64/hw/vendor.qti.hardware.iop@2.0-impl.so from current namespace instead of sphal namespace.
01-15 20:05:43.465   721   721 D QSEECOMAPI: App is not loaded in QSEE
01-15 20:05:43.465   721   721 E QSEECOMAPI: Error::Cannot open the file /firmware/image/eseservice.mdt errno = 2
01-15 20:05:43.465   721   721 E QSEECOMAPI: Error::Loading image failed with ret = -1
01-15 20:05:43.465   721   721 D vendor.qti.esepowermanager@1.0-service: loading eseservice failed
01-15 20:05:43.465   721   721 D vendor.qti.esepowermanager@1.0-service: eSEPowerManager is starting
01-15 20:05:43.467   717   717 D vndksupport: Loading /vendor/lib64/hw/android.hardware.vibrator@1.1-impl.so from current namespace instead of sphal namespace.
01-15 20:05:43.468   721   721 D vndksupport: Loading /vendor/lib64/hw/vendor.qti.esepowermanager@1.0-impl.so from current namespace instead of sphal namespace.
01-15 20:05:43.471   723   723 I vendor.qti.hardware.factory@1.0-impl: start to HIDL_FETCH_IFactory
01-15 20:05:43.471   723   723 E vendor.qti.hardware.factory@1.0-impl: Start mmid time:10
01-15 20:05:43.478   725   725 E         : IOP-HAL: inside HIDL_FETCH_IIop
01-15 20:05:43.478   725   725 E         : IOP-HAL: boot Address of iop object
01-15 20:05:43.482   717   717 I Vibrator: HIDL_FETCH_IVibrator 1_1 
01-15 20:05:43.483   717   717 D vndksupport: Loading /vendor/lib64/hw/vibrator.default.so from current namespace instead of sphal namespace.
01-15 20:05:43.485   721   721 I ServiceManagement: Removing namespace from process name vendor.qti.esepowermanager@1.0-service to esepowermanager.
01-15 20:05:43.485   721   721 I vendor.qti.esepowermanager@1.0-service: Registration complete for vendor.qti.esepowermanager@1.0::IEsePowerManager/default.
01-15 20:05:43.486   713   713 D vndksupport: Loading /vendor/lib64/hw/android.hardware.power@1.0-impl.so from current namespace instead of sphal namespace.
01-15 20:05:43.487   744   744 I irsc_util: Starting irsc tool
01-15 20:05:43.488   712   712 D vndksupport: Loading /vendor/lib64/hw/android.hardware.memtrack@1.0-impl.so from current namespace instead of sphal namespace.
01-15 20:05:43.490   717   717 D Vibratorhal: Vibrator using timed_output
01-15 20:05:43.491   717   717 I ServiceManagement: Removing namespace from process name android.hardware.vibrator@1.1-service to vibrator@1.1-se.
01-15 20:05:43.493   717   717 I android.hardware.vibrator@1.1-service: Registration complete for android.hardware.vibrator@1.1::IVibrator/default.
01-15 20:05:43.494   724   724 E vendor.qti.hardware.ifaa@1.0-service: IFAA Hardware service is starting
01-15 20:05:43.494   724   724 E vendor.qti.hardware.ifaa@1.0-impl: init ifaa device HAL.
01-15 20:05:43.494   724   724 I ServiceManagement: Removing namespace from process name vendor.qti.hardware.ifaa@1.0-service to ifaa@1.0-servic.
01-15 20:05:43.495   728   728 D vndksupport: Loading /vendor/lib64/hw/vendor.qti.hardware.qteeconnector@1.0-impl.so from current namespace instead of sphal namespace.
01-15 20:05:43.496   724   724 E vendor.qti.hardware.ifaa@1.0-service: IFAA HAL Ready.
01-15 20:05:43.500   744   744 I irsc_util: Num of entries:292
01-15 20:05:43.502   711   711 V qdlights: productProperty m1882 
01-15 20:05:43.503   711   711 D vndksupport: Loading /vendor/lib64/hw/lights.sdm845.so from current namespace instead of sphal namespace.
01-15 20:05:43.504   711   711 V qdlights: productProperty m1882 
01-15 20:05:43.504   711   711 E light   : light_open lights keyboard failed: -22
01-15 20:05:43.504   711   711 E light   : Light passthrough failed to load legacy HAL.
01-15 20:05:43.504   711   711 D vndksupport: Loading /vendor/lib64/hw/lights.sdm845.so from current namespace instead of sphal namespace.
01-15 20:05:43.505   711   711 V qdlights: productProperty m1882 
01-15 20:05:43.505   711   711 E light   : light_open lights buttons failed: -22
01-15 20:05:43.505   711   711 E light   : Light passthrough failed to load legacy HAL.
01-15 20:05:43.505   711   711 D vndksupport: Loading /vendor/lib64/hw/lights.sdm845.so from current namespace instead of sphal namespace.
01-15 20:05:43.506   711   711 V qdlights: productProperty m1882 
01-15 20:05:43.506   711   711 D vndksupport: Loading /vendor/lib64/hw/lights.sdm845.so from current namespace instead of sphal namespace.
01-15 20:05:43.507   711   711 V qdlights: productProperty m1882 
01-15 20:05:43.507   711   711 D vndksupport: Loading /vendor/lib64/hw/lights.sdm845.so from current namespace instead of sphal namespace.
01-15 20:05:43.507   711   711 V qdlights: productProperty m1882 
01-15 20:05:43.507   711   711 D vndksupport: Loading /vendor/lib64/hw/lights.sdm845.so from current namespace instead of sphal namespace.
01-15 20:05:43.508   711   711 V qdlights: productProperty m1882 
01-15 20:05:43.508   711   711 E light   : light_open lights bluetooth failed: -22
01-15 20:05:43.508   711   711 E light   : Light passthrough failed to load legacy HAL.
01-15 20:05:43.508   711   711 D vndksupport: Loading /vendor/lib64/hw/lights.sdm845.so from current namespace instead of sphal namespace.
01-15 20:05:43.508   711   711 V qdlights: productProperty m1882 
01-15 20:05:43.508   711   711 E light   : light_open lights wifi failed: -22
01-15 20:05:43.508   744   744 I irsc_util: Ending irsc tool
01-15 20:05:43.508   711   711 E light   : Light passthrough failed to load legacy HAL.
01-15 20:05:43.508   712   712 D vndksupport: Loading /vendor/lib64/hw/memtrack.sdm845.so from current namespace instead of sphal namespace.
01-15 20:05:43.519   708   708 I ServiceManagement: Removing namespace from process name android.hardware.graphics.allocator@2.0-service to allocator@2.0-s.
01-15 20:05:43.519   709   709 D vndksupport: Loading /vendor/lib64/hw/android.hardware.graphics.composer@2.1-impl.so from current namespace instead of sphal namespace.
01-15 20:05:43.519   711   711 I ServiceManagement: Removing namespace from process name android.hardware.light@2.0-service to light@2.0-servi.
01-15 20:05:43.521   722   722 D vndksupport: Loading /vendor/lib64/hw/vendor.qti.hardware.alarm@1.0-impl.so from current namespace instead of sphal namespace.
01-15 20:05:43.522   708   708 I android.hardware.graphics.allocator@2.0-service: Registration complete for android.hardware.graphics.allocator@2.0::IAllocator/default.
01-15 20:05:43.524   712   712 I ServiceManagement: Removing namespace from process name android.hardware.memtrack@1.0-service to memtrack@1.0-se.
01-15 20:05:43.526   754   754 D spdaemon: Version 2.3 10-Sep-2017.
01-15 20:05:43.526   754   754 D spdaemon: Firmware Name [spss2p].
