06-21 23:13:33.173  1062  1062 D LocSvc_launcher: main:908]: Forking child: 3, name: lowi-server
06-21 23:13:33.174  1062  1062 D LocSvc_launcher: Child lowi-server created with pid: 1176
06-21 23:13:33.174  1062  1062 D LocSvc_launcher: main:908]: Forking child: 4, name: xtwifi-inet-agent
06-21 23:13:33.175  1062  1146 E LocSvc_launcher: sig_handler_chld:159]: Received SIGCHLD
06-21 23:13:33.175  1176  1176 D LocSvc_launcher: Child born- pid: 1176, uid: 1021, euid: 1021, gid: 1021, egid: 1021
06-21 23:13:33.175  1176  1176 D LocSvc_launcher: main:923]: Groups set
06-21 23:13:33.175  1176  1176 D LocSvc_launcher: GIDs from child:
06-21 23:13:33.175  1176  1176 D LocSvc_launcher: 1010 
06-21 23:13:33.175  1176  1176 D LocSvc_launcher: 1021 
06-21 23:13:33.175  1176  1176 D LocSvc_launcher: 2901 
06-21 23:13:33.175  1176  1176 D LocSvc_launcher: 3003 
06-21 23:13:33.175  1176  1176 D LocSvc_launcher: 3005 
06-21 23:13:33.175  1176  1176 D LocSvc_launcher: 
06-21 23:13:33.176  1176  1176 E LocSvc_launcher: 
06-21 23:13:33.176  1176  1176 E LocSvc_launcher: Error! execvp() returned. Something is wrong. Could not start lowi-server,Error: 13 [Permission denied]
06-21 23:13:33.176  1062  1062 D LocSvc_launcher: Child xtwifi-inet-agent created with pid: 1177
06-21 23:13:33.176  1062  1062 D LocSvc_launcher: main:833]: Child_id: 1176; child name: lowi-server
06-21 23:13:33.176  1062  1062 D LocSvc_launcher: main:882]: Either the lowi-server did not exit or waitpid returned error
06-21 23:13:33.176  1062  1062 D LocSvc_launcher: main:833]: Child_id: 1177; child name: xtwifi-inet-agent
06-21 23:13:33.176  1062  1062 D LocSvc_launcher: main:882]: Either the xtwifi-inet-agent did not exit or waitpid returned error
06-21 23:13:33.176  1062  1062 D LocSvc_launcher: main:833]: Child_id: 1171; child name: xtwifi-client
06-21 23:13:33.176  1062  1062 E LocSvc_launcher: main:840]: Exit status: 1. Restarting
06-21 23:13:33.176  1062  1062 E LocSvc_launcher: main:849]: Restarting xtwifi-client. Number of restarts: 1
06-21 23:13:33.176  1062  1062 D LocSvc_launcher: main:833]: Child_id: 1173; child name: slim_daemon
06-21 23:13:33.176  1062  1062 D LocSvc_launcher: main:882]: Either the slim_daemon did not exit or waitpid returned error
06-21 23:13:33.176  1062  1062 D LocSvc_launcher: main:833]: Child_id: 1175; child name: xtra-daemon
06-21 23:13:33.176  1062  1062 D LocSvc_launcher: main:882]: Either the xtra-daemon did not exit or waitpid returned error
06-21 23:13:33.176  1062  1062 D LocSvc_launcher: main:908]: Forking child: 5, name: xtwifi-client
06-21 23:13:33.176  1177  1177 D LocSvc_launcher: Child born- pid: 1177, uid: 1021, euid: 1021, gid: 1021, egid: 1021
06-21 23:13:33.176  1177  1177 D LocSvc_launcher: main:923]: Groups set
06-21 23:13:33.176  1177  1177 D LocSvc_launcher: GIDs from child:
06-21 23:13:33.176  1177  1177 D LocSvc_launcher: 1021 
06-21 23:13:33.176  1177  1177 D LocSvc_launcher: 3003 
06-21 23:13:33.176  1177  1177 D LocSvc_launcher: 
06-21 23:13:33.176  1177  1177 E LocSvc_launcher: 
06-21 23:13:33.176  1177  1177 E LocSvc_launcher: Error! execvp() returned. Something is wrong. Could not start xtwifi-inet-agent,Error: 13 [Permission denied]
06-21 23:13:33.181  1054  1054 I LocSvc_HIDL_vendor.qti.gnss@1.1-service: main
06-21 23:13:33.182  1062  1146 E LocSvc_launcher: sig_handler_chld:159]: Received SIGCHLD
06-21 23:13:33.182  1062  1146 E QCALOG  : [MessageQ] select error: 4, [Interrupted system call]
06-21 23:13:33.182  1062  1146 E QCALOG  : [MessageQ] server queue main loop failed 11
06-21 23:13:33.183  1062  1062 D LocSvc_launcher: Child xtwifi-client created with pid: 1180
06-21 23:13:33.183  1062  1062 D LocSvc_launcher: main:833]: Child_id: 1176; child name: lowi-server
06-21 23:13:33.183  1062  1062 E LocSvc_launcher: main:840]: Exit status: 1. Restarting
06-21 23:13:33.183  1062  1062 E LocSvc_launcher: main:849]: Restarting lowi-server. Number of restarts: 2
06-21 23:13:33.183  1062  1062 D LocSvc_launcher: main:833]: Child_id: 1177; child name: xtwifi-inet-agent
06-21 23:13:33.183  1062  1062 E LocSvc_launcher: main:840]: Exit status: 1. Restarting
06-21 23:13:33.183  1062  1062 E LocSvc_launcher: main:849]: Restarting xtwifi-inet-agent. Number of restarts: 2
06-21 23:13:33.183  1062  1062 D LocSvc_launcher: main:833]: Child_id: 1180; child name: xtwifi-client
06-21 23:13:33.183  1062  1062 D LocSvc_launcher: main:882]: Either the xtwifi-client did not exit or waitpid returned error
06-21 23:13:33.183  1062  1062 D LocSvc_launcher: main:833]: Child_id: 1173; child name: slim_daemon
06-21 23:13:33.183  1062  1062 D LocSvc_launcher: main:882]: Either the slim_daemon did not exit or waitpid returned error
06-21 23:13:33.183  1062  1062 D LocSvc_launcher: main:833]: Child_id: 1175; child name: xtra-daemon
06-21 23:13:33.183  1062  1062 D LocSvc_launcher: main:882]: Either the xtra-daemon did not exit or waitpid returned error
06-21 23:13:33.183  1062  1062 D LocSvc_launcher: main:908]: Forking child: 3, name: lowi-server
06-21 23:13:33.184  1062  1062 D LocSvc_launcher: Child lowi-server created with pid: 1181
06-21 23:13:33.184  1062  1062 D LocSvc_launcher: main:908]: Forking child: 4, name: xtwifi-inet-agent
06-21 23:13:33.185  1181  1181 D LocSvc_launcher: Child born- pid: 1181, uid: 1021, euid: 1021, gid: 1021, egid: 1021
06-21 23:13:33.185  1181  1181 D LocSvc_launcher: main:923]: Groups set
06-21 23:13:33.185  1181  1181 D LocSvc_launcher: GIDs from child:
06-21 23:13:33.185  1181  1181 D LocSvc_launcher: 1010 
06-21 23:13:33.185  1181  1181 D LocSvc_launcher: 1021 
06-21 23:13:33.185  1181  1181 D LocSvc_launcher: 2901 
06-21 23:13:33.185  1181  1181 D LocSvc_launcher: 3003 
06-21 23:13:33.185  1181  1181 D LocSvc_launcher: 3005 
06-21 23:13:33.185  1181  1181 D LocSvc_launcher: 
06-21 23:13:33.185  1062  1062 D LocSvc_launcher: Child xtwifi-inet-agent created with pid: 1183
06-21 23:13:33.185  1062  1062 D LocSvc_launcher: Parent sleeping. Will wake up when one of the children mess up
06-21 23:13:33.185  1181  1181 E LocSvc_launcher: 
06-21 23:13:33.185  1181  1181 E LocSvc_launcher: Error! execvp() returned. Something is wrong. Could not start lowi-server,Error: 13 [Permission denied]
06-21 23:13:33.186  1054  1054 D vndksupport: Loading /vendor/lib64/hw/android.hardware.gnss@1.0-impl-qti.so from current namespace instead of sphal namespace.
06-21 23:13:33.188  1062  1146 E LocSvc_launcher: sig_handler_chld:159]: Received SIGCHLD
06-21 23:13:33.188  1062  1146 E QCALOG  : [MessageQ] select error: 4, [Interrupted system call]
06-21 23:13:33.188  1062  1146 E QCALOG  : [MessageQ] server queue main loop failed 11
06-21 23:13:33.190  1051  1051 I wificond: InitializeIcuOrDie finished...
06-21 23:13:33.192  1051  1051 I wificond: wifigbk_init...
06-21 23:13:33.196  1024  1024 I zygote64: option[0]=-Xzygote
06-21 23:13:33.196  1024  1024 I zygote64: option[1]=-Xusetombstonedtraces
06-21 23:13:33.196  1024  1024 I zygote64: option[2]=exit
06-21 23:13:33.196  1024  1024 I zygote64: option[3]=vfprintf
06-21 23:13:33.196  1024  1024 I zygote64: option[4]=sensitiveThread
06-21 23:13:33.196  1024  1024 I zygote64: option[5]=-verbose:gc
06-21 23:13:33.196  1024  1024 I zygote64: option[6]=-Xms8m
06-21 23:13:33.196  1024  1024 I zygote64: option[7]=-Xmx512m
06-21 23:13:33.196  1024  1024 I zygote64: option[8]=-XX:HeapGrowthLimit=256m
06-21 23:13:33.196  1024  1024 I zygote64: option[9]=-XX:HeapMinFree=512k
06-21 23:13:33.196  1024  1024 I zygote64: option[10]=-XX:HeapMaxFree=8m
06-21 23:13:33.196  1024  1024 I zygote64: option[11]=-XX:HeapTargetUtilization=0.75
06-21 23:13:33.196  1024  1024 I zygote64: option[12]=-Xusejit:true
06-21 23:13:33.196  1024  1024 I zygote64: option[13]=-Xjitsaveprofilinginfo
06-21 23:13:33.196  1024  1024 I zygote64: option[14]=-agentlib:jdwp=transport=dt_android_adb,suspend=n,server=y
06-21 23:13:33.196  1024  1024 I zygote64: option[15]=-Xlockprofthreshold:500
06-21 23:13:33.196  1024  1024 I zygote64: option[16]=-Ximage-compiler-option
06-21 23:13:33.196  1024  1024 I zygote64: option[17]=--runtime-arg
06-21 23:13:33.196  1024  1024 I zygote64: option[18]=-Ximage-compiler-option
06-21 23:13:33.196  1024  1024 I zygote64: option[19]=-Xms64m
06-21 23:13:33.196  1024  1024 I zygote64: option[20]=-Ximage-compiler-option
06-21 23:13:33.196  1024  1024 I zygote64: option[21]=--runtime-arg
06-21 23:13:33.196  1024  1024 I zygote64: option[22]=-Ximage-compiler-option
06-21 23:13:33.196  1024  1024 I zygote64: option[23]=-Xmx64m
06-21 23:13:33.196  1024  1024 I zygote64: option[24]=-Ximage-compiler-option
06-21 23:13:33.196  1024  1024 I zygote64: option[25]=--image-classes=/system/etc/preloaded-classes
06-21 23:13:33.196  1024  1024 I zygote64: option[26]=-Ximage-compiler-option
06-21 23:13:33.196  1024  1024 I zygote64: option[27]=--compiled-classes=/system/etc/compiled-classes
06-21 23:13:33.196  1024  1024 I zygote64: option[28]=-Ximage-compiler-option
06-21 23:13:33.196  1024  1024 I zygote64: option[29]=--dirty-image-objects=/system/etc/dirty-image-objects
06-21 23:13:33.196  1024  1024 I zygote64: option[30]=-Xcompiler-option
06-21 23:13:33.196  1024  1024 I zygote64: option[31]=--runtime-arg
06-21 23:13:33.196  1024  1024 I zygote64: option[32]=-Xcompiler-option
06-21 23:13:33.196  1024  1024 I zygote64: option[33]=-Xms64m
06-21 23:13:33.196  1024  1024 I zygote64: option[34]=-Xcompiler-option
06-21 23:13:33.196  1024  1024 I zygote64: option[35]=--runtime-arg
06-21 23:13:33.196  1024  1024 I zygote64: option[36]=-Xcompiler-option
06-21 23:13:33.196  1024  1024 I zygote64: option[37]=-Xmx512m
06-21 23:13:33.196  1024  1024 I zygote64: option[38]=-Ximage-compiler-option
06-21 23:13:33.196  1024  1024 I zygote64: option[39]=--instruction-set-variant=kryo300
06-21 23:13:33.196  1024  1024 I zygote64: option[40]=-Xcompiler-option
06-21 23:13:33.196  1024  1024 I zygote64: option[41]=--instruction-set-variant=kryo300
06-21 23:13:33.196  1024  1024 I zygote64: option[42]=-Ximage-compiler-option
06-21 23:13:33.196  1024  1024 I zygote64: option[43]=--instruction-set-features=default
06-21 23:13:33.196  1024  1024 I zygote64: option[44]=-Xcompiler-option
06-21 23:13:33.196  1024  1024 I zygote64: option[45]=--instruction-set-features=default
06-21 23:13:33.196  1024  1024 I zygote64: option[46]=-Duser.locale=zh-CN
06-21 23:13:33.197  1024  1024 I zygote64: option[47]=--cpu-abilist=arm64-v8a
06-21 23:13:33.197  1024  1024 I zygote64: option[48]=-Xfingerprint:alps/m1882/m1882:8.1.0/OPM1.171019.026/1529460177:userdebug/test-keys
06-21 23:13:33.197  1077  1077 E QMI_FW  : QMUXD: WARNING qmi_qmux_if_pwr_up_init failed! rc=-6
06-21 23:13:33.199  1183  1183 D LocSvc_launcher: Child born- pid: 1183, uid: 1021, euid: 1021, gid: 1021, egid: 1021
06-21 23:13:33.199  1183  1183 D LocSvc_launcher: main:923]: Groups set
06-21 23:13:33.199  1183  1183 D LocSvc_launcher: GIDs from child:
06-21 23:13:33.199  1183  1183 D LocSvc_launcher: 1021 
06-21 23:13:33.199  1183  1183 D LocSvc_launcher: 3003 
06-21 23:13:33.199  1183  1183 D LocSvc_launcher: 
06-21 23:13:33.199  1183  1183 E LocSvc_launcher: 
06-21 23:13:33.199  1183  1183 E LocSvc_launcher: Error! execvp() returned. Something is wrong. Could not start xtwifi-inet-agent,Error: 13 [Permission denied]
06-21 23:13:33.202  1077  1077 I TLOC    : [ModemComm  ]"Open a connection successfully"
06-21 23:13:33.202  1077  1077 I TLOC    : [ModemComm  ]"ModemComm create successfully"
06-21 23:13:33.202  1077  1077 I TLOC    : [TLOCDaemon ]"TLOC Daemon create successfully"
06-21 23:13:33.202  1077  1077 D TLOC    : [TLOCChannel] "TLOCChannel is already initialized"
06-21 23:13:33.202  1077  1077 D TLOC    : [TLOCDaemon ]"waiting for command"
06-21 23:13:33.202  1077  1077 D TLOC    : [TLOCChannel] "Going to receive message for TLOCD"
06-21 23:13:33.202  1077  1077 D TLOC    : [TLOCChannel] "wait for message for user TLOCD"
06-21 23:13:33.203  1040  1040 E keystore: Register wifi keystore HAL service successfully
06-21 23:13:33.204  1040  1040 E keystore: Register wifi keystore extension HAL service successfully
06-21 23:13:33.204  1180  1180 D LocSvc_launcher: Child born- pid: 1180, uid: 1021, euid: 1021, gid: 1021, egid: 1021
06-21 23:13:33.204  1180  1180 D LocSvc_launcher: main:923]: Groups set
06-21 23:13:33.204  1180  1180 D LocSvc_launcher: GIDs from child:
06-21 23:13:33.204  1180  1180 D LocSvc_launcher: 1000 
06-21 23:13:33.204  1180  1180 D LocSvc_launcher: 1010 
06-21 23:13:33.204  1062  1146 E LocSvc_launcher: sig_handler_chld:159]: Received SIGCHLD
06-21 23:13:33.204  1180  1180 D LocSvc_launcher: 1021 
06-21 23:13:33.204  1062  1146 E QCALOG  : [MessageQ] select error: 4, [Interrupted system call]
06-21 23:13:33.204  1180  1180 D LocSvc_launcher: 2952 
06-21 23:13:33.204  1062  1146 E QCALOG  : [MessageQ] server queue main loop failed 11
06-21 23:13:33.204  1180  1180 D LocSvc_launcher: 3003 
06-21 23:13:33.204  1180  1180 D LocSvc_launcher: 
06-21 23:13:33.205  1180  1180 E LocSvc_launcher: 
06-21 23:13:33.205  1180  1180 E LocSvc_launcher: Error! execvp() returned. Something is wrong. Could not start xtwifi-client,Error: 13 [Permission denied]
06-21 23:13:33.207  1175  1175 D LocSvc_launcher: Child born- pid: 1175, uid: 1021, euid: 1021, gid: 1021, egid: 1021
06-21 23:13:33.207  1175  1175 D LocSvc_launcher: main:923]: Groups set
06-21 23:13:33.207  1175  1175 D LocSvc_launcher: GIDs from child:
06-21 23:13:33.207  1175  1175 D LocSvc_launcher: 1000 
06-21 23:13:33.207  1175  1175 D LocSvc_launcher: 1021 
06-21 23:13:33.208  1175  1175 D LocSvc_launcher: 3003 
06-21 23:13:33.208  1175  1175 D LocSvc_launcher: 
06-21 23:13:33.208  1062  1146 E LocSvc_launcher: sig_handler_chld:159]: Received SIGCHLD
06-21 23:13:33.208  1062  1146 E QCALOG  : [MessageQ] select error: 4, [Interrupted system call]
06-21 23:13:33.208  1062  1146 E QCALOG  : [MessageQ] server queue main loop failed 11
06-21 23:13:33.212   747  1160 I tftp_server: pid=747 tid=1160 tftp-server : INF :[tftp_server_utils.c, 113] file [readonly/firmware/image/wlanmdsp.mbn] : [/vendor/rfs/msm/mpss/readonly/firmware/image/wl
06-21 23:13:33.212   747  1160 I tftp_server: pid=747 tid=1160 tftp-server : INF :[tftp_server.c, 1044] OACK options : [7680, 200, 3302204, 10, 0, 0, 0, 0]
06-21 23:13:33.212   747  1160 I tftp_server: pid=747 tid=1160 tftp-server : INF :[tftp_os_la.c, 59] open : [-1] [-1] [384] [0] [/vendor/rfs/msm/mpss/readonly/firmware/image/wlanmdsp.mbn]
06-21 23:13:33.213   747  1160 I tftp_server: pid=747 tid=1160 tftp-server : INF :[tftp_protocol.c, 703] Recd END OF TRANSFER pkt. Code = 9, Msg = End of Transfer
06-21 23:13:33.213   747  1160 I tftp_server: pid=747 tid=1160 tftp-server : INF :[tftp_server.c, 1152] RRQ stats : sent_size = 0 total-blocks = 0 total-bytes = 0 timedout-pkts = 0, wrong-pkts = 0
06-21 23:13:33.213   747  1160 I tftp_server: pid=747 tid=1160 tftp-server : INF :[tftp_server.c, 1156] RRQ time stats : Total : [TX, RX] = [174, 317]
06-21 23:13:33.213   747  1160 I tftp_server: pid=747 tid=1160 tftp-server : INF :[tftp_server.c, 1162] RRQ time stats : Tx/Rx [Min, Max] = [174, 174, 317, 317]
06-21 23:13:33.213   747  1160 I tftp_server: pid=747 tid=1160 tftp-server : INF :[tftp_server.c, 1178] RRQ was successfully processed.
06-21 23:13:33.214   747   747 I tftp_server: pid=747 tid=747 tftp-server : INF :[tftp_server.c, 524] rcvd request [1] [96] [1] [0] [76]
06-21 23:13:33.215   747  1192 I tftp_server: pid=747 tid=1192 tftp-server : INF :[tftp_server_utils.c, 113] file [readonly/firmware/image/wlanmdsp.mbn] : [/vendor/rfs/msm/mpss/readonly/firmware/image/wl
06-21 23:13:33.215   747  1192 I tftp_server: pid=747 tid=1192 tftp-server : INF :[tftp_server.c, 1044] OACK options : [7680, 200, 10, 3302204, 0, 0, 0, 0]
06-21 23:13:33.215   747  1192 I tftp_server: pid=747 tid=1192 tftp-server : INF :[tftp_os_la.c, 59] open : [-1] [-1] [384] [0] [/vendor/rfs/msm/mpss/readonly/firmware/image/wlanmdsp.mbn]
06-21 23:13:33.216  1051  1051 E wificond: Failed to get wiphy indices
06-21 23:13:33.217  1045  1045 W /system/bin/mediaextractor: libminijail[1045]: allowing syscall: connect
06-21 23:13:33.218  1045  1045 W /system/bin/mediaextractor: libminijail[1045]: allowing syscall: fcntl
06-21 23:13:33.218  1045  1045 W /system/bin/mediaextractor: libminijail[1045]: allowing syscall: sendto
06-21 23:13:33.218  1045  1045 W /system/bin/mediaextractor: libminijail[1045]: allowing syscall: socket
06-21 23:13:33.218  1045  1045 W /system/bin/mediaextractor: libminijail[1045]: allowing syscall: writev
06-21 23:13:33.218  1045  1045 W /system/bin/mediaextractor: libminijail[1045]: compile_file: nonexistent syscall '_llseek'
06-21 23:13:33.218  1045  1045 W /system/bin/mediaextractor: libminijail[1045]: logging seccomp filter failures
06-21 23:13:33.219  1016  1094 E vpp-hcp : u32VppIpHcp_TuningLoad (888): pstGlobal->pvTunings is null. Returning: VPP_OK
06-21 23:13:33.222  1054  1054 I LocSvc_HIDL_vendor.qti.gnss@1.1-service: Registration complete for android.hardware.gnss@1.0::IGnss/default.
06-21 23:13:33.222  1054  1054 D vndksupport: Loading /vendor/lib64/hw/vendor.qti.gnss@1.1-impl.so from current namespace instead of sphal namespace.
06-21 23:13:33.226   709   922 D SDM     : DisplayBase::BuildLayerStackStats: LayerStack layer_count: 2, app_layer_count: 1, gpu_target_index: 1, display type: 0
06-21 23:13:33.231  1077  1186 D QSEECOMAPI: QSEECom_register_listener 20480 sb_length = 0x40c
06-21 23:13:33.250  1155  1155 E MSM-irqbalance: WARNING: Cannot find matching virq for hwirq(21).
06-21 23:13:33.251  1155  1155 I MSM-irqbalance: msm-irq_balance (1.3) initialized
06-21 23:13:33.251  1155  1155 I MSM-irqbalance: Configuration
06-21 23:13:33.251  1155  1155 I MSM-irqbalance: Rate: 0.2 Hz
06-21 23:13:33.251  1155  1155 I MSM-irqbalance: Decay Factor: 75.0
06-21 23:13:33.251  1155  1155 I MSM-irqbalance: Balancing Factor: 0.1
06-21 23:13:33.251  1155  1155 I MSM-irqbalance: Debug Log: OFF
06-21 23:13:33.251  1155  1155 I MSM-irqbalance: Cfg file: /system/vendor/etc/msm_irqbalance.conf
06-21 23:13:33.251  1155  1155 I MSM-irqbalance: CPU PRIO: CPU0: 1 CPU1: 1 CPU2: 1 CPU3: 1 CPU4: 0 CPU5: 0 CPU6: 0 CPU7: 0 
06-21 23:13:33.251  1155  1155 I MSM-irqbalance: Ignored IRQs: 4 6 105 
06-21 23:13:33.279  1190  1190 D syna.biometrics.fingerprint@2.1-service: SYNA HAL Service 
06-21 23:13:33.279  1190  1190 D syna.biometrics.fingerprint@2.1-service: Opening fingerprint hal library...
06-21 23:13:33.287  1049  1049 E IptablesRestoreController: IptablesRestoreController::execute(): *filter
06-21 23:13:33.287  1049  1049 E IptablesRestoreController: :FORWARD -
06-21 23:13:33.287  1049  1049 E IptablesRestoreController: -F FORWARD
06-21 23:13:33.287  1049  1049 E IptablesRestoreController: :oem_fwd -
06-21 23:13:33.287  1049  1049 E IptablesRestoreController: -A FORWARD -j oem_fwd
06-21 23:13:33.287  1049  1049 E IptablesRestoreController: :fw_FORWARD -
06-21 23:13:33.287  1049  1049 E IptablesRestoreController: -A FORWARD -j fw_FORWARD
06-21 23:13:33.287  1049  1049 E IptablesRestoreController: :bw_FORWARD -
06-21 23:13:33.287  1049  1049 E IptablesRestoreController: -A FORWARD -j bw_FORWARD
06-21 23:13:33.287  1049  1049 E IptablesRestoreController: :natctrl_FORWARD -
06-21 23:13:33.287  1049  1049 E IptablesRestoreController: -A FORWARD -j natctrl_FORWARD
06-21 23:13:33.287  1049  1049 E IptablesRestoreController: COMMIT
06-21 23:13:33.288  1049  1049 E IptablesRestoreController: IptablesRestoreController::execute(): *raw
06-21 23:13:33.288  1049  1049 E IptablesRestoreController: :PREROUTING -
06-21 23:13:33.288  1049  1049 E IptablesRestoreController: -F PREROUTING
06-21 23:13:33.288  1049  1049 E IptablesRestoreController: :bw_raw_PREROUTING -
06-21 23:13:33.288  1049  1049 E IptablesRestoreController: -A PREROUTING -j bw_raw_PREROUTING
06-21 23:13:33.288  1049  1049 E IptablesRestoreController: :idletimer_raw_PREROUTING -
06-21 23:13:33.288  1049  1049 E IptablesRestoreController: -A PREROUTING -j idletimer_raw_PREROUTING
06-21 23:13:33.288  1049  1049 E IptablesRestoreController: :natctrl_raw_PREROUTING -
06-21 23:13:33.288  1049  1049 E IptablesRestoreController: -A PREROUTING -j natctrl_raw_PREROUTING
06-21 23:13:33.288  1049  1049 E IptablesRestoreController: COMMIT
06-21 23:13:33.289  1049  1049 E IptablesRestoreController: IptablesRestoreController::execute(): *mangle
06-21 23:13:33.289  1049  1049 E IptablesRestoreController: :FORWARD -
06-21 23:13:33.289  1049  1049 E IptablesRestoreController: -F FORWARD
06-21 23:13:33.289  1049  1049 E IptablesRestoreController: :natctrl_mangle_FORWARD -
06-21 23:13:33.289  1049  1049 E IptablesRestoreController: -A FORWARD -j natctrl_mangle_FORWARD
06-21 23:13:33.289  1049  1049 E IptablesRestoreController: COMMIT
06-21 23:13:33.290  1049  1049 E IptablesRestoreController: IptablesRestoreController::execute(): *mangle
06-21 23:13:33.290  1049  1049 E IptablesRestoreController: :INPUT -
06-21 23:13:33.290  1049  1049 E IptablesRestoreController: -F INPUT
06-21 23:13:33.290  1049  1049 E IptablesRestoreController: :wakeupctrl_mangle_INPUT -
06-21 23:13:33.290  1049  1049 E IptablesRestoreController: -A INPUT -j wakeupctrl_mangle_INPUT
06-21 23:13:33.290  1049  1049 E IptablesRestoreController: :routectrl_mangle_INPUT -
06-21 23:13:33.290  1049  1049 E IptablesRestoreController: -A INPUT -j routectrl_mangle_INPUT
06-21 23:13:33.290  1049  1049 E IptablesRestoreController: COMMIT
06-21 23:13:33.290  1049  1049 E IptablesRestoreController: IptablesRestoreController::execute(): *nat
06-21 23:13:33.290  1049  1049 E IptablesRestoreController: :PREROUTING -
06-21 23:13:33.290  1049  1049 E IptablesRestoreController: -F PREROUTING
06-21 23:13:33.290  1049  1049 E IptablesRestoreController: :oem_nat_pre -
06-21 23:13:33.290  1049  1049 E IptablesRestoreController: -A PREROUTING -j oem_nat_pre
06-21 23:13:33.290  1049  1049 E IptablesRestoreController: COMMIT
06-21 23:13:33.291  1049  1049 E IptablesRestoreController: IptablesRestoreController::execute(): *nat
06-21 23:13:33.291  1049  1049 E IptablesRestoreController: :POSTROUTING -
06-21 23:13:33.291  1049  1049 E IptablesRestoreController: -F POSTROUTING
06-21 23:13:33.291  1049  1049 E IptablesRestoreController: :natctrl_nat_POSTROUTING -
06-21 23:13:33.291  1049  1049 E IptablesRestoreController: -A POSTROUTING -j natctrl_nat_POSTROUTING
06-21 23:13:33.291  1049  1049 E IptablesRestoreController: COMMIT
06-21 23:13:33.291  1049  1049 E IptablesRestoreController: IptablesRestoreController::execute(): *filter
06-21 23:13:33.291  1049  1049 E IptablesRestoreController: -S OUTPUT
06-21 23:13:33.291  1049  1049 E IptablesRestoreController: COMMIT
06-21 23:13:33.291  1049  1049 E IptablesRestoreController: IptablesRestoreController::execute(): *filter
06-21 23:13:33.291  1049  1049 E IptablesRestoreController: :oem_out -
06-21 23:13:33.291  1049  1049 E IptablesRestoreController: -A OUTPUT -j oem_out
06-21 23:13:33.291  1049  1049 E IptablesRestoreController: :fw_OUTPUT -
06-21 23:13:33.291  1049  1049 E IptablesRestoreController: -A OUTPUT -j fw_OUTPUT
06-21 23:13:33.291  1049  1049 E IptablesRestoreController: :st_OUTPUT -
06-21 23:13:33.291  1049  1049 E IptablesRestoreController: -A OUTPUT -j st_OUTPUT
06-21 23:13:33.291  1049  1049 E IptablesRestoreController: :bw_OUTPUT -
06-21 23:13:33.291  1049  1049 E IptablesRestoreController: -A OUTPUT -j bw_OUTPUT
06-21 23:13:33.291  1049  1049 E IptablesRestoreController: :firewall -
06-21 23:13:33.291  1049  1049 E IptablesRestoreController: -A OUTPUT -j firewall
06-21 23:13:33.291  1049  1049 E IptablesRestoreController: COMMIT
06-21 23:13:33.292  1049  1049 E IptablesRestoreController: IptablesRestoreController::execute(): *filter
06-21 23:13:33.292  1049  1049 E IptablesRestoreController: -S OUTPUT
06-21 23:13:33.292  1049  1049 E IptablesRestoreController: COMMIT
06-21 23:13:33.301  1190  1190 I synaLib : palUtil: STATUS: **************************** Initializing memory list
06-21 23:13:33.301  1190  1190 D SynaFP  : ================================================
06-21 23:13:33.301  1190  1190 D SynaFP  : Build Date: Jun 20 2018 Time: 10:12:54
06-21 23:13:33.301  1190  1190 D SynaFP  : ================================================
06-21 23:13:33.301  1190  1190 I SynaFP  : devInit start.
06-21 23:13:33.301  1190  1190 I vfmUtil : vfmUtil: STATUS: vfmUtilSessionInit >>>>>>>>
06-21 23:13:33.301  1190  1190 I synaLib : vfm: STATUS: vfmTransportOpen >>>>>>>>
06-21 23:13:33.301  1190  1190 I synaLib : vfm: STATUS: _vfmTransportOpen >>>>>>>>
06-21 23:13:33.304  1190  1190 D synaTransport: vtpOpen Enter
06-21 23:13:33.305  1190  1190 D synaTransport: vtpOpen Exit with result 0
06-21 23:13:33.305  1190  1190 I synaLib : vfm: STATUS: _vfmTransportOpen <<<<<<<<
06-21 23:13:33.305  1190  1190 I synaLib : vfm: STATUS: vfmTransportOpen <<<<<<<<
06-21 23:13:33.305  1190  1190 I synaLib : vfm: STATUS: vfmTransportPropertyGet >>>>>>>>
06-21 23:13:33.305  1190  1190 I synaLib : vfm: STATUS: _vfmTransportSessionClose >>>>>>>>
06-21 23:13:33.305  1190  1190 D synaTransport: vtpPropertyGet Enter
06-21 23:13:33.305  1190  1190 D synaTransport: vtpPropertyGet Exit with result 0
06-21 23:13:33.305  1190  1190 I synaLib : vfm: STATUS: _vfmTransportSessionClose <<<<<<<<
06-21 23:13:33.305  1190  1190 I synaLib : vfm: STATUS: vfmTransportPropertyGet <<<<<<<<
06-21 23:13:33.305  1190  1190 I synaLib : vfm: STATUS: vfmTransportSessionOpen >>>>>>>>
06-21 23:13:33.305  1190  1190 I synaLib : vfm: STATUS: _vfmTransportSessionOpen >>>>>>>>
06-21 23:13:33.305  1190  1190 D synaTransport: vtpSessionOpen Enter
06-21 23:13:33.305  1190  1190 D synaTransport:  Fingerprint TA Startup
06-21 23:13:33.305  1190  1190 D QSEECOMAPI: QSEECom_get_handle sb_length = 0x200000
06-21 23:13:33.371  1049  1049 E IptablesRestoreController: IptablesRestoreController::execute(): *filter
06-21 23:13:33.371  1049  1049 E IptablesRestoreController: :oem_out -
06-21 23:13:33.371  1049  1049 E IptablesRestoreController: -A OUTPUT -j oem_out
06-21 23:13:33.371  1049  1049 E IptablesRestoreController: :fw_OUTPUT -
06-21 23:13:33.371  1049  1049 E IptablesRestoreController: -A OUTPUT -j fw_OUTPUT
06-21 23:13:33.371  1049  1049 E IptablesRestoreController: :st_OUTPUT -
06-21 23:13:33.371  1049  1049 E IptablesRestoreController: -A OUTPUT -j st_OUTPUT
06-21 23:13:33.371  1049  1049 E IptablesRestoreController: :bw_OUTPUT -
06-21 23:13:33.371  1049  1049 E IptablesRestoreController: -A OUTPUT -j bw_OUTPUT
06-21 23:13:33.371  1049  1049 E IptablesRestoreController: :firewall -
06-21 23:13:33.371  1049  1049 E IptablesRestoreController: -A OUTPUT -j firewall
06-21 23:13:33.371  1049  1049 E IptablesRestoreController: COMMIT
06-21 23:13:33.372  1049  1049 E IptablesRestoreController: IptablesRestoreController::execute(): *mangle
06-21 23:13:33.372  1049  1049 E IptablesRestoreController: -S POSTROUTING
06-21 23:13:33.372  1049  1049 E IptablesRestoreController: COMMIT
06-21 23:13:33.372  1049  1049 E IptablesRestoreController: IptablesRestoreController::execute(): *mangle
06-21 23:13:33.372  1049  1049 E IptablesRestoreController: :oem_mangle_post -
06-21 23:13:33.372  1049  1049 E IptablesRestoreController: -A POSTROUTING -j oem_mangle_post
06-21 23:13:33.372  1049  1049 E IptablesRestoreController: :bw_mangle_POSTROUTING -
06-21 23:13:33.372  1049  1049 E IptablesRestoreController: -A POSTROUTING -j bw_mangle_POSTROUTING
06-21 23:13:33.372  1049  1049 E IptablesRestoreController: :idletimer_mangle_POSTROUTING -
06-21 23:13:33.372  1049  1049 E IptablesRestoreController: -A POSTROUTING -j idletimer_mangle_POSTROUTING
06-21 23:13:33.372  1049  1049 E IptablesRestoreController: COMMIT
06-21 23:13:33.373  1049  1049 E IptablesRestoreController: IptablesRestoreController::execute(): *mangle
06-21 23:13:33.373  1049  1049 E IptablesRestoreController: -S POSTROUTING
06-21 23:13:33.373  1049  1049 E IptablesRestoreController: COMMIT
06-21 23:13:33.379  1049  1049 E IptablesRestoreController: IptablesRestoreController::execute(): *mangle
06-21 23:13:33.379  1049  1049 E IptablesRestoreController: :oem_mangle_post -
06-21 23:13:33.379  1049  1049 E IptablesRestoreController: -A POSTROUTING -j oem_mangle_post
06-21 23:13:33.379  1049  1049 E IptablesRestoreController: :bw_mangle_POSTROUTING -
06-21 23:13:33.379  1049  1049 E IptablesRestoreController: -A POSTROUTING -j bw_mangle_POSTROUTING
06-21 23:13:33.379  1049  1049 E IptablesRestoreController: :idletimer_mangle_POSTROUTING -
06-21 23:13:33.379  1049  1049 E IptablesRestoreController: -A POSTROUTING -j idletimer_mangle_POSTROUTING
06-21 23:13:33.379  1049  1049 E IptablesRestoreController: COMMIT
06-21 23:13:33.379  1049  1049 E IptablesRestoreController: IptablesRestoreController::execute(): *filter
06-21 23:13:33.379  1049  1049 E IptablesRestoreController: :firewall -
06-21 23:13:33.379  1049  1049 E IptablesRestoreController: -F firewall
06-21 23:13:33.379  1049  1049 E IptablesRestoreController: :mobile -
06-21 23:13:33.379  1049  1049 E IptablesRestoreController: -A firewall -j mobile
06-21 23:13:33.379  1049  1049 E IptablesRestoreController: :wifi -
06-21 23:13:33.379  1049  1049 E IptablesRestoreController: -A firewall -j wifi
06-21 23:13:33.379  1049  1049 E IptablesRestoreController: COMMIT
06-21 23:13:33.380  1049  1049 I Netd    : Creating child chains: 241.7ms
06-21 23:13:33.380  1049  1049 I Netd    : Setting up OEM hooks: 0.1ms
06-21 23:13:33.380  1049  1049 E IptablesRestoreController: IptablesRestoreController::execute(): *filter
06-21 23:13:33.380  1049  1049 E IptablesRestoreController: -F firewall
06-21 23:13:33.380  1049  1049 E IptablesRestoreController: -A firewall -o ppp+ -j mobile
06-21 23:13:33.380  1049  1049 E IptablesRestoreController: -A firewall -o ccmni+ -j mobile
06-21 23:13:33.380  1049  1049 E IptablesRestoreController: -A firewall -o ccemni+ -j mobile
06-21 23:13:33.380  1049  1049 E IptablesRestoreController: -A firewall -o usb+ -j mobile
06-21 23:13:33.380  1049  1049 E IptablesRestoreController: -A firewall -o cc2mni+ -j mobile
06-21 23:13:33.380  1049  1049 E IptablesRestoreController: -A firewall -o wlan+ -j wifi
06-21 23:13:33.380  1049  1049 E IptablesRestoreController: -A firewall -o rmnet_data+ -j mobile
06-21 23:13:33.380  1049  1049 E IptablesRestoreController: -A firewall -o rmnet_ipa+ -j mobile
06-21 23:13:33.380  1049  1049 E IptablesRestoreController: -A firewall -o rmnet+ -j mobile
06-21 23:13:33.380  1049  1049 E IptablesRestoreController: COMMIT
06-21 23:13:33.395  1049  1049 E IptablesRestoreController: IptablesRestoreController::execute(): *filter
06-21 23:13:33.395  1049  1049 E IptablesRestoreController: :fw_dozable -
06-21 23:13:33.395  1049  1049 E IptablesRestoreController: -A fw_dozable -m owner --uid-owner 0-9999 -j RETURN
06-21 23:13:33.395  1049  1049 E IptablesRestoreController: -A fw_dozable -i lo -j RETURN
06-21 23:13:33.395  1049  1049 E IptablesRestoreController: -A fw_dozable -o lo -j RETURN
06-21 23:13:33.395  1049  1049 E IptablesRestoreController: -A fw_dozable -p tcp --tcp-flags RST RST -j RETURN
06-21 23:13:33.395  1049  1049 E IptablesRestoreController: -A fw_dozable -j DROP
06-21 23:13:33.395  1049  1049 E IptablesRestoreController: COMMIT
06-21 23:13:33.396  1049  1049 E IptablesRestoreController: IptablesRestoreController::execute(): *filter
06-21 23:13:33.396  1049  1049 E IptablesRestoreController: :fw_dozable -
06-21 23:13:33.396  1049  1049 E IptablesRestoreController: -A fw_dozable -m owner --uid-owner 0-9999 -j RETURN
06-21 23:13:33.396  1049  1049 E IptablesRestoreController: -A fw_dozable -i lo -j RETURN
06-21 23:13:33.396  1049  1049 E IptablesRestoreController: -A fw_dozable -o lo -j RETURN
06-21 23:13:33.396  1049  1049 E IptablesRestoreController: -A fw_dozable -p tcp --tcp-flags RST RST -j RETURN
06-21 23:13:33.396  1049  1049 E IptablesRestoreController: -A fw_dozable -p icmpv6 --icmpv6-type packet-too-big -j RETURN
06-21 23:13:33.396  1049  1049 E IptablesRestoreController: -A fw_dozable -p icmpv6 --icmpv6-type router-solicitation -j RETURN
06-21 23:13:33.396  1049  1049 E IptablesRestoreController: -A fw_dozable -p icmpv6 --icmpv6-type router-advertisement -j RETURN
06-21 23:13:33.396  1049  1049 E IptablesRestoreController: -A fw_dozable -p icmpv6 --icmpv6-type neighbour-solicitation -j RETURN
06-21 23:13:33.396  1049  1049 E IptablesRestoreController: -A fw_dozable -p icmpv6 --icmpv6-type neighbour-advertisement -j RETURN
06-21 23:13:33.396  1049  1049 E IptablesRestoreController: -A fw_dozable -p icmpv6 --icmpv6-type redirect -j RETURN
06-21 23:13:33.396  1049  1049 E IptablesRestoreController: -A fw_dozable -j DROP
06-21 23:13:33.396  1049  1049 E IptablesRestoreController: COMMIT
06-21 23:13:33.396  1049  1049 E IptablesRestoreController: IptablesRestoreController::execute(): *filter
06-21 23:13:33.396  1049  1049 E IptablesRestoreController: :fw_standby -
06-21 23:13:33.396  1049  1049 E IptablesRestoreController: -A fw_standby -i lo -j RETURN
06-21 23:13:33.396  1049  1049 E IptablesRestoreController: -A fw_standby -o lo -j RETURN
06-21 23:13:33.396  1049  1049 E IptablesRestoreController: -A fw_standby -p tcp --tcp-flags RST RST -j RETURN
06-21 23:13:33.396  1049  1049 E IptablesRestoreController: COMMIT
06-21 23:13:33.397  1049  1049 E IptablesRestoreController: IptablesRestoreController::execute(): *filter
06-21 23:13:33.397  1049  1049 E IptablesRestoreController: :fw_standby -
06-21 23:13:33.397  1049  1049 E IptablesRestoreController: -A fw_standby -i lo -j RETURN
06-21 23:13:33.397  1049  1049 E IptablesRestoreController: -A fw_standby -o lo -j RETURN
06-21 23:13:33.397  1049  1049 E IptablesRestoreController: -A fw_standby -p tcp --tcp-flags RST RST -j RETURN
06-21 23:13:33.397  1049  1049 E IptablesRestoreController: COMMIT
06-21 23:13:33.397  1049  1049 E IptablesRestoreController: IptablesRestoreController::execute(): *filter
06-21 23:13:33.397  1049  1049 E IptablesRestoreController: :fw_powersave -
06-21 23:13:33.397  1049  1049 E IptablesRestoreController: -A fw_powersave -m owner --uid-owner 0-9999 -j RETURN
06-21 23:13:33.397  1049  1049 E IptablesRestoreController: -A fw_powersave -i lo -j RETURN
06-21 23:13:33.397  1049  1049 E IptablesRestoreController: -A fw_powersave -o lo -j RETURN
06-21 23:13:33.397  1049  1049 E IptablesRestoreController: -A fw_powersave -p tcp --tcp-flags RST RST -j RETURN
06-21 23:13:33.397  1049  1049 E IptablesRestoreController: -A fw_powersave -j DROP
06-21 23:13:33.397  1049  1049 E IptablesRestoreController: COMMIT
06-21 23:13:33.398  1049  1049 E IptablesRestoreController: IptablesRestoreController::execute(): *filter
06-21 23:13:33.398  1049  1049 E IptablesRestoreController: :fw_powersave -
06-21 23:13:33.398  1049  1049 E IptablesRestoreController: -A fw_powersave -m owner --uid-owner 0-9999 -j RETURN
06-21 23:13:33.398  1049  1049 E IptablesRestoreController: -A fw_powersave -i lo -j RETURN
06-21 23:13:33.398  1049  1049 E IptablesRestoreController: -A fw_powersave -o lo -j RETURN
06-21 23:13:33.398  1049  1049 E IptablesRestoreController: -A fw_powersave -p tcp --tcp-flags RST RST -j RETURN
06-21 23:13:33.398  1049  1049 E IptablesRestoreController: -A fw_powersave -p icmpv6 --icmpv6-type packet-too-big -j RETURN
06-21 23:13:33.398  1049  1049 E IptablesRestoreController: -A fw_powersave -p icmpv6 --icmpv6-type router-solicitation -j RETURN
06-21 23:13:33.398  1049  1049 E IptablesRestoreController: -A fw_powersave -p icmpv6 --icmpv6-type router-advertisement -j RETURN
06-21 23:13:33.398  1049  1049 E IptablesRestoreController: -A fw_powersave -p icmpv6 --icmpv6-type neighbour-solicitation -j RETURN
06-21 23:13:33.398  1049  1049 E IptablesRestoreController: -A fw_powersave -p icmpv6 --icmpv6-type neighbour-advertisement -j RETURN
06-21 23:13:33.398  1049  1049 E IptablesRestoreController: -A fw_powersave -p icmpv6 --icmpv6-type redirect -j RETURN
06-21 23:13:33.398  1049  1049 E IptablesRestoreController: -A fw_powersave -j DROP
06-21 23:13:33.398  1049  1049 E IptablesRestoreController: COMMIT
06-21 23:13:33.422  1049  1049 I Netd    : Setting up FirewallController hooks: 41.5ms
06-21 23:13:33.422  1049  1049 E IptablesRestoreController: IptablesRestoreController::execute(): *filter
06-21 23:13:33.422  1049  1049 E IptablesRestoreController: :natctrl_FORWARD -
06-21 23:13:33.422  1049  1049 E IptablesRestoreController: -A natctrl_FORWARD -j DROP
06-21 23:13:33.422  1049  1049 E IptablesRestoreController: COMMIT
06-21 23:13:33.422  1049  1049 E IptablesRestoreController: *nat
06-21 23:13:33.422  1049  1049 E IptablesRestoreController: :natctrl_nat_POSTROUTING -
06-21 23:13:33.422  1049  1049 E IptablesRestoreController: COMMIT
06-21 23:13:33.423  1049  1049 E IptablesRestoreController: IptablesRestoreController::execute(): *filter
06-21 23:13:33.423  1049  1049 E IptablesRestoreController: :natctrl_FORWARD -
06-21 23:13:33.423  1049  1049 E IptablesRestoreController: COMMIT
06-21 23:13:33.423  1049  1049 E IptablesRestoreController: *raw
06-21 23:13:33.423  1049  1049 E IptablesRestoreController: :natctrl_raw_PREROUTING -
06-21 23:13:33.423  1049  1049 E IptablesRestoreController: COMMIT
06-21 23:13:33.424  1049  1049 E IptablesRestoreController: IptablesRestoreController::execute(): *mangle
06-21 23:13:33.424  1049  1049 E IptablesRestoreController: -A natctrl_mangle_FORWARD -p tcp --tcp-flags SYN SYN -j TCPMSS --clamp-mss-to-pmtu
06-21 23:13:33.424  1049  1049 E IptablesRestoreController: COMMIT
06-21 23:13:33.424  1049  1049 E IptablesRestoreController: IptablesRestoreController::execute(): *filter
06-21 23:13:33.424  1049  1049 E IptablesRestoreController: :natctrl_tether_counters -
06-21 23:13:33.424  1049  1049 E IptablesRestoreController: COMMIT
06-21 23:13:33.453  1049  1049 I Netd    : Setting up NatController hooks: 30.8ms
06-21 23:13:33.453  1049  1049 E IptablesRestoreController: IptablesRestoreController::execute(): *filter
06-21 23:13:33.453  1049  1049 E IptablesRestoreController: -S
06-21 23:13:33.453  1049  1049 E IptablesRestoreController: COMMIT
06-21 23:13:33.453  1049  1049 E IptablesRestoreController: IptablesRestoreController::execute(): *filter
06-21 23:13:33.453  1049  1049 E IptablesRestoreController: :bw_INPUT -
06-21 23:13:33.453  1049  1049 E IptablesRestoreController: :bw_OUTPUT -
06-21 23:13:33.453  1049  1049 E IptablesRestoreController: :bw_FORWARD -
06-21 23:13:33.453  1049  1049 E IptablesRestoreController: :bw_happy_box -
06-21 23:13:33.453  1049  1049 E IptablesRestoreController: :bw_penalty_box -
06-21 23:13:33.453  1049  1049 E IptablesRestoreController: :bw_data_saver -
06-21 23:13:33.453  1049  1049 E IptablesRestoreController: :bw_costly_shared -
06-21 23:13:33.453  1049  1049 E IptablesRestoreController: COMMIT
06-21 23:13:33.453  1049  1049 E IptablesRestoreController: *raw
06-21 23:13:33.453  1049  1049 E IptablesRestoreController: :bw_raw_PREROUTING -
06-21 23:13:33.453  1049  1049 E IptablesRestoreController: COMMIT
06-21 23:13:33.453  1049  1049 E IptablesRestoreController: *mangle
06-21 23:13:33.453  1049  1049 E IptablesRestoreController: :bw_mangle_POSTROUTING -
06-21 23:13:33.453  1049  1049 E IptablesRestoreController: COMMIT
06-21 23:13:33.471  1052  1052 W ADebug  : Failed to get property persist.sys.media.traces
06-21 23:13:33.481  1173  1173 D LocSvc_LBSProxy: checkIfLocationExtendedClientExists] File Exists
06-21 23:13:33.481  1017  1017 E ThermalEngine: Unable to change to /sys/devices/soc.0/
06-21 23:13:33.481  1017  1017 E ThermalEngine: bcl_setup: Unexpected node error
06-21 23:13:33.481  1017  1017 E ThermalEngine: add_tgt_sensor: bcl sensor setup failed failed.
06-21 23:13:33.481  1017  1017 E ThermalEngine: add_tgt_sensors_set: Error adding bcl
06-21 23:13:33.481  1017  1017 E ThermalEngine: sensors_init: Error adding BCL TS
06-21 23:13:33.481  1017  1017 E ThermalEngine: Unknown target identified with soc id 321
06-21 23:13:33.482  1017  1017 E ThermalEngine: pid_init_data: ERROR Uknown device
06-21 23:13:33.482  1017  1017 E ThermalEngine: thermal_monitor_init_data: ERROR Uknown device
06-21 23:13:33.482  1017  1017 E ThermalEngine: speaker_cal_init_data: ERROR Uknown device
06-21 23:13:33.482  1017  1017 E ThermalEngine: ss_init_data: ERROR Uknown device
06-21 23:13:33.482  1017  1017 I ThermalEngine: Loading config file for virtual sensor
06-21 23:13:33.482  1017  1017 I ThermalEngine: Loading configuration file /vendor/etc/thermal-engine.conf
06-21 23:13:33.484  1173  1173 D LocSvc_utils_cfg: loc_read_conf: using /vendor/etc/sap.conf
06-21 23:13:33.484  1173  1173 D LocSvc_utils_cfg: loc_read_conf_r:283]: num_params: 3
06-21 23:13:33.484  1173  1173 D LocSvc_utils_cfg: loc_set_config_entry: PARAM SENSOR_USAGE = 0
06-21 23:13:33.484  1173  1173 D LocSvc_utils_cfg: loc_set_config_entry: PARAM SENSOR_PROVIDER = 1
06-21 23:13:33.484  1173  1173 D LocSvc_utils_cfg: loc_set_config_entry: PARAM NDK_PROVIDER_TIME_SOURCE = 1
06-21 23:13:33.484  1173  1173 D LocSvc_utils_cfg: loc_read_conf_r:283]: num_params: 2
06-21 23:13:33.484  1173  1173 D LocSvc_utils_cfg: loc_read_conf_r:287]: fgets returned NULL
06-21 23:13:33.484  1173  1173 D LocSvc_utils_cfg: loc_read_conf: using /vendor/etc/gps.conf
06-21 23:13:33.484  1173  1173 D LocSvc_utils_cfg: loc_read_conf_r:283]: num_params: 2
06-21 23:13:33.484  1173  1173 D LocSvc_utils_cfg: loc_set_config_entry: PARAM DEBUG_LEVEL = 5
06-21 23:13:33.484  1173  1173 D LocSvc_utils_cfg: loc_read_conf_r:287]: fgets returned NULL
06-21 23:13:33.484  1173  1173 D slim_daemon: [MAIN] setupCapabilities: Process started with non-root privileges
06-21 23:13:33.485  1173  1173 D slim_daemon: [MAIN] printCapabilities: group[0]=1021
06-21 23:13:33.485  1173  1173 D slim_daemon: [MAIN] printCapabilities: group[1]=2901
06-21 23:13:33.485  1173  1173 D slim_daemon: [MAIN] printCapabilities: capabilities: effective=00000000.00000400; permitted=00000000.00000400
06-21 23:13:33.485  1173  1173 D slim_daemon: [MAIN] run: Initializing SLIM Task; Timesync: 32383
06-21 23:13:33.485  1173  1173 D slim_daemon: [MAIN] run: Provider: QMI-SLIM MP On
06-21 23:13:33.485  1173  1173 D slim_daemon: [MAIN] run: Provider: QMI-SLIM Test Off
06-21 23:13:33.485  1173  1173 D slim_daemon: [MAIN] run: Provider: NDK On
06-21 23:13:33.485  1173  1173 D slim_daemon: [MAIN] run: Provider: Sensor1 Off
06-21 23:13:33.485  1173  1173 D slim_daemon: [MAIN] run: Provider: VNW Off
06-21 23:13:33.485  1173  1173 D slim_daemon: [MAIN] run: Provider: SensorHal Off
06-21 23:13:33.485  1173  1173 D slim_daemon: [MAIN] run: Provider: VNS Off
06-21 23:13:33.485  1173  1173 D slim_daemon: [MAIN] run: Client: QMI-SLIM AP On
06-21 23:13:33.485  1173  1173 D slim_daemon: [MAIN] run: Client: QMI-SLIM MP On
06-21 23:13:33.485  1173  1173 D slim_daemon: [MAIN] run: Client: QMI-SLIM Test Off
06-21 23:13:33.485  1173  1173 D slim_daemon: [MAIN] run: Client: QMI-LOC On
06-21 23:13:33.485  1173  1173 D slim_daemon: [MAIN] run: Sensor provider: setting=0 usage=0
06-21 23:13:33.485  1173  1173 D slim_daemon: [MAIN] run: Batch mode: 0
06-21 23:13:33.485  1173  1173 D slim_daemon: [MAIN] run: IZAT features: pip=0 sap=1
06-21 23:13:33.485  1173  1173 D slim_daemon: [MAIN] run: NDK Provider Time Source: 1
06-21 23:13:33.485  1173  1173 D slim_daemon: [NDK] initialize: Initializing Android Sensor NDK Instance
06-21 23:13:33.485  1173  1173 V slim_daemon: [NDK] initialize: Starting sensor polling thread
06-21 23:13:33.485  1173  1173 V slim_daemon: [NDK] initialize: Polling thread initialized!
06-21 23:13:33.485  1173  1173 D slim_daemon: [SLIM] slim_ProviderConfInitProvider: Creating NDK provider
06-21 23:13:33.488  1173  1235 D slim_daemon: [NDK] threadLoop: Starting polling task
06-21 23:13:33.488  1173  1235 D slim_daemon: [NDK] threadLoop: Initiating sensor bind operation.
06-21 23:13:33.488  1173  1235 D slim_daemon: [NDK] bindNDKSensors: Connecting ASensorManager; attempt=0
06-21 23:13:33.488  1017  1017 I ThermalEngine: Parsing section global
06-21 23:13:33.489  1017  1017 E ThermalEngine: virtual_sensors_init: Error getting virtual sensors set
06-21 23:13:33.489  1017  1017 I ThermalEngine: Loading configuration file /vendor/etc/thermal-engine.conf
06-21 23:13:33.489  1017  1017 I ThermalEngine: Parsing section global
06-21 23:13:33.489  1017  1017 I ThermalEngine: Created section 'SS-QUIET-THERM-GOLD'
06-21 23:13:33.489  1017  1017 I ThermalEngine: Algo Type 'ss'
06-21 23:13:33.489  1017  1017 I ThermalEngine: Parsing section SS-QUIET-THERM-GOLD
06-21 23:13:33.489  1017  1017 I ThermalEngine: Found field 'time_constant'
06-21 23:13:33.489  1017  1017 I ThermalEngine: Found field 'sampling'
06-21 23:13:33.489  1017  1017 I ThermalEngine: Found field 'sensor'
06-21 23:13:33.489  1017  1017 I ThermalEngine: Found field 'device'
06-21 23:13:33.489  1017  1017 I ThermalEngine: Found field 'set_point'
06-21 23:13:33.489  1017  1017 I ThermalEngine: Found field 'set_point_clr'
06-21 23:13:33.489  1017  1017 I ThermalEngine: Created section 'SS-GPU'
06-21 23:13:33.489  1017  1017 I ThermalEngine: Algo Type 'ss'
06-21 23:13:33.489  1017  1017 I ThermalEngine: Parsing section SS-GPU
06-21 23:13:33.489  1017  1017 I ThermalEngine: Found field 'sampling'
06-21 23:13:33.489  1017  1017 I ThermalEngine: Found field 'sensor'
06-21 23:13:33.489  1017  1017 I ThermalEngine: Found field 'device'
06-21 23:13:33.489  1017  1017 I ThermalEngine: Found field 'set_point'
06-21 23:13:33.489  1017  1017 I ThermalEngine: Found field 'set_point_clr'
06-21 23:13:33.489  1017  1017 I ThermalEngine: Found field 'time_constant'
06-21 23:13:33.489  1017  1017 E ThermalEngine: sensors_manager_reg_clnt: Invalid sensor pop_mem.
06-21 23:13:33.489  1017  1017 E ThermalEngine: pid_algo_init: Sensor clnt create fail pop_mem
06-21 23:13:33.489  1017  1017 E ThermalEngine: sensors_manager_reg_clnt: Invalid sensor cpu3.
06-21 23:13:33.489  1017  1017 E ThermalEngine: pid_algo_init: Sensor clnt create fail cpu3
06-21 23:13:33.489  1017  1017 E ThermalEngine: sensors_manager_reg_clnt: Invalid sensor cpu2.
06-21 23:13:33.489  1017  1017 E ThermalEngine: pid_algo_init: Sensor clnt create fail cpu2
06-21 23:13:33.489  1017  1017 E ThermalEngine: sensors_manager_reg_clnt: Invalid sensor cpu1.
06-21 23:13:33.489  1017  1017 E ThermalEngine: pid_algo_init: Sensor clnt create fail cpu1
06-21 23:13:33.489  1017  1017 E ThermalEngine: sensors_manager_reg_clnt: Invalid sensor cpu0.
06-21 23:13:33.489  1017  1017 E ThermalEngine: pid_algo_init: Sensor clnt create fail cpu0
06-21 23:13:33.489  1017  1017 I ThermalEngine: pid_algo_init: No PID's to be configured.
06-21 23:13:33.489  1017  1017 E ThermalEngine: Failed to setup at least one sensor for monitoring
06-21 23:13:33.489  1017  1017 I ThermalEngine: [SS-GPU]
06-21 23:13:33.489  1017  1017 I ThermalEngine: algo_type ss
06-21 23:13:33.489  1017  1017 I ThermalEngine: sampling 500
06-21 23:13:33.489  1017  1017 I ThermalEngine: sensor gpu0-usr
06-21 23:13:33.489  1017  1017 I ThermalEngine: device gpu
06-21 23:13:33.489  1017  1017 I ThermalEngine: set_point 70000
06-21 23:13:33.489  1017  1017 I ThermalEngine: set_point_clr 60000
06-21 23:13:33.489  1017  1017 I ThermalEngine: time_constant 0
06-21 23:13:33.490  1017  1017 I ThermalEngine: [SS-QUIET-THERM-GOLD]
06-21 23:13:33.490  1017  1017 I ThermalEngine: algo_type ss
06-21 23:13:33.490  1017  1017 I ThermalEngine: sampling 1000
06-21 23:13:33.490  1017  1017 I ThermalEngine: sensor quiet-therm-adc
06-21 23:13:33.490  1017  1017 I ThermalEngine: device cpu4
06-21 23:13:33.490  1017  1017 I ThermalEngine: set_point 48000
06-21 23:13:33.490  1017  1017 I ThermalEngine: set_point_clr 45000
06-21 23:13:33.490  1017  1017 I ThermalEngine: time_constant 0
06-21 23:13:33.490  1017  1017 E ThermalEngine: No speaker_cal config
06-21 23:13:33.490  1017  1017 E ThermalEngine: open/sys/module/msm_thermal/parameters/enabled failed2
06-21 23:13:33.492  1175  1175 D LocSvc_LBSProxy: checkIfLocationExtendedClientExists] File Exists
06-21 23:13:33.494  1193  1193 E Diag_Lib: qpLogDiagInit <== result : 1
06-21 23:13:33.494  1068  1068 W ADebug  : Failed to get property persist.sys.media.traces
06-21 23:13:33.494  1193  1193 E Diag_Lib: DATAD : gIsQXDMDisabled 0, gIsADBDisabled 1, gIsDebugDisabled 0, gIsIMSLogsDisabled 0
06-21 23:13:33.494  1193  1193 E Diag_Lib: [IMS_DataD] imsdatad.c | 5806 | | 1193 |DATAD#$$#0#DATAD STARTED
06-21 23:13:33.498  1175  1175 D LocSvc_utils_cfg: loc_read_conf: using /vendor/etc/gps.conf
06-21 23:13:33.499  1175  1175 D LocSvc_utils_cfg: loc_read_conf_r:283]: num_params: 1
06-21 23:13:33.499  1175  1175 D LocSvc_utils_cfg: loc_set_config_entry: PARAM AP_TIMESTAMP_UNCERTAINTY = 10
06-21 23:13:33.499  1175  1175 D LocSvc_utils_cfg: loc_read_conf_r:283]: num_params: 2
06-21 23:13:33.499  1175  1175 D LocSvc_utils_cfg: loc_set_config_entry: PARAM DEBUG_LEVEL = 5
06-21 23:13:33.499  1175  1175 D LocSvc_utils_cfg: loc_read_conf_r:287]: fgets returned NULL
06-21 23:13:33.499  1175  1175 D LocSvc_IzatApiBase: IzatApiBase:29]: IzatApiBase created
06-21 23:13:33.499  1175  1175 D LocSvc_IzatApiV02: IzatApiV02:42]: IzatApiV02 created. locApiProxy:0x7a68a2f3c0, izatApiV02:0x7a68a27000
06-21 23:13:33.499  1175  1175 D GPS_UTILS: LocApiProxyV02:23]: LocApiProxyV02 created:0x7a68a2f3c0, mLBSApi:0x7a68a54000, mIzatApi:0x7a68a27000, 
06-21 23:13:33.499  1175  1175 D LocSvc_LBSApiBase: LBSApiBase:23]:LBSApiBase created. lbsApi:0x7a68a54130
06-21 23:13:33.499  1175  1175 D LocSvc_LBSApiV02: LBSApiV02:47]: LBSApiV02 created. lbsapi: 0x7a68a54000; locApiProxy:0x7a68a2f3c0
06-21 23:13:33.499  1175  1175 D LocSvc_DualCtx: getLocFgContext:95]: mInjectContext is FgContext
06-21 23:13:33.499  1175  1175 D LocSvc_DualCtx: injectFeatureConfig:135]: Enter
06-21 23:13:33.499  1175  1175 D LocSvc_DualCtx: injectFeatureConfig:138]: Calling LBSProxy (0x7a68a2d0e8) to inject feature config
