06-21 23:13:48.378  2142  2142 D QtiSubscriptionController: getPhoneId, received dummy subId 2147483643
06-21 23:13:48.378  1487  2170 D TelephonyRegistry: notifyDataConnectionForSubscriber: subId=2147483643 state=0 isDataAllowed=false reason='radioTurnedOff' apn='null' apnType=ims networkType=0 mRecords.size()=20
06-21 23:13:48.378  2142  2142 D QtiSubscriptionController: getPhoneId, received dummy subId 2147483643
06-21 23:13:48.378  1487  2170 D TelephonyRegistry: validatePhoneId: true
06-21 23:13:48.378  1487  2170 D TelephonyRegistry: handleRemoveListLocked: mRemoveList.size()=0
06-21 23:13:48.382  2142  2142 D QtiGsmDCT: [0]QtiDcTracker handleMessage msg={ when=-555ms what=270345 obj=android.os.AsyncResult@4ef7447 target=com.qualcomm.qti.internal.telephony.dataconnection.QtiDcTracker }
06-21 23:13:48.382  2142  2142 D QtiGsmDCT: [0]handleMessage msg={ when=-555ms what=270345 obj=android.os.AsyncResult@4ef7447 target=com.qualcomm.qti.internal.telephony.dataconnection.QtiDcTracker }
06-21 23:13:48.382  2142  2142 D QtiGsmDCT: [0]onDataConnectionDetached: stop polling and notify detached
06-21 23:13:48.382  2142  2142 D QtiGsmDCT: [0]stopNetStatPoll
06-21 23:13:48.382  2142  2142 D QtiSubscriptionController: getPhoneId, received dummy subId 2147483643
06-21 23:13:48.382  1487  2153 D TelephonyRegistry: validatePhoneId: true
06-21 23:13:48.382  1487  2153 D TelephonyRegistry: handleRemoveListLocked: mRemoveList.size()=0
06-21 23:13:48.382  2142  2142 D QtiGsmDCT: [0]notifyDataConnection: reason=dataDetached
06-21 23:13:48.382  2142  2142 D QtiGsmDCT: [0]notifyOffApnOfAvailability type:default
06-21 23:13:48.383  2142  2142 D QtiGsmDCT: [0]isEmergency: result=false
06-21 23:13:48.383  2142  2142 D QtiGsmDCT: [0]get active apn string for type:default
06-21 23:13:48.384  2142  2142 D QtiSubscriptionController: getPhoneId, received dummy subId 2147483643
06-21 23:13:48.384  1487  2153 D TelephonyRegistry: notifyDataConnectionForSubscriber: subId=2147483643 state=0 isDataAllowed=false reason='dataDetached' apn='null' apnType=default networkType=0 mRecords.size()=20
06-21 23:13:48.384  2142  2142 D QtiSubscriptionController: getPhoneId, received dummy subId 2147483643
06-21 23:13:48.384  1487  2153 D TelephonyRegistry: validatePhoneId: true
06-21 23:13:48.384  1487  2153 D TelephonyRegistry: handleRemoveListLocked: mRemoveList.size()=0
06-21 23:13:48.387  2142  2442 D QtiSubscriptionController: getPhoneId, received dummy subId 2147483643
06-21 23:13:48.388  2142  2442 I chatty  : uid=1001(radio) Binder:2142_5 identical 3 lines
06-21 23:13:48.389  2142  2442 D QtiSubscriptionController: getPhoneId, received dummy subId 2147483643
06-21 23:13:48.389  2142  2442 D QtiGsmDCT: [0]getDataEnabled: retVal=true
06-21 23:13:48.389  2142  2442 D QtiSubscriptionController: getPhoneId, received dummy subId 2147483643
06-21 23:13:48.389  2142  2442 D QtiGsmDCT: [0]getDataEnabled: retVal=true
06-21 23:13:48.391  2142  2142 D QtiGsmDCT: [0]notifyOffApnOfAvailability type:mms
06-21 23:13:48.392  2142  2142 D QtiGsmDCT: [0]isEmergency: result=false
06-21 23:13:48.392  2142  2142 D QtiGsmDCT: [0]get active apn string for type:mms
06-21 23:13:48.392  2142  2142 D QtiSubscriptionController: getPhoneId, received dummy subId 2147483643
06-21 23:13:48.393  1487  2170 D TelephonyRegistry: notifyDataConnectionForSubscriber: subId=2147483643 state=0 isDataAllowed=false reason='dataDetached' apn='null' apnType=mms networkType=0 mRecords.size()=20
06-21 23:13:48.393  2142  2142 D QtiSubscriptionController: getPhoneId, received dummy subId 2147483643
06-21 23:13:48.393  1487  2170 D TelephonyRegistry: validatePhoneId: true
06-21 23:13:48.393  1487  2170 D TelephonyRegistry: handleRemoveListLocked: mRemoveList.size()=0
06-21 23:13:48.393  2142  2142 D QtiGsmDCT: [0]notifyOffApnOfAvailability type:cbs
06-21 23:13:48.394  2142  2142 D QtiGsmDCT: [0]isEmergency: result=false
06-21 23:13:48.394  2142  2142 D QtiGsmDCT: [0]get active apn string for type:cbs
06-21 23:13:48.394  2142  2142 D QtiSubscriptionController: getPhoneId, received dummy subId 2147483643
06-21 23:13:48.395  1487  2170 D TelephonyRegistry: notifyDataConnectionForSubscriber: subId=2147483643 state=0 isDataAllowed=false reason='dataDetached' apn='null' apnType=cbs networkType=0 mRecords.size()=20
06-21 23:13:48.396  2142  2142 D QtiSubscriptionController: getPhoneId, received dummy subId 2147483643
06-21 23:13:48.396  1487  2170 D TelephonyRegistry: validatePhoneId: true
06-21 23:13:48.396  1487  2170 D TelephonyRegistry: handleRemoveListLocked: mRemoveList.size()=0
06-21 23:13:48.397  2142  2142 D QtiGsmDCT: [0]notifyOffApnOfAvailability type:fota
06-21 23:13:48.400  2142  2142 D QtiGsmDCT: [0]isEmergency: result=false
06-21 23:13:48.401  2142  2142 D QtiGsmDCT: [0]get active apn string for type:fota
06-21 23:13:48.401  2142  2142 D QtiSubscriptionController: getPhoneId, received dummy subId 2147483643
06-21 23:13:48.401  1487  2153 D TelephonyRegistry: notifyDataConnectionForSubscriber: subId=2147483643 state=0 isDataAllowed=false reason='dataDetached' apn='null' apnType=fota networkType=0 mRecords.size()=20
06-21 23:13:48.402  2142  2142 D QtiSubscriptionController: getPhoneId, received dummy subId 2147483643
06-21 23:13:48.402  1487  2153 D TelephonyRegistry: validatePhoneId: true
06-21 23:13:48.402  1487  2153 D TelephonyRegistry: handleRemoveListLocked: mRemoveList.size()=0
06-21 23:13:48.402  2142  2142 D QtiGsmDCT: [0]notifyOffApnOfAvailability type:supl
06-21 23:13:48.403  2142  2142 D QtiGsmDCT: [0]isEmergency: result=false
06-21 23:13:48.403  2142  2142 D QtiGsmDCT: [0]get active apn string for type:supl
06-21 23:13:48.403  2142  2142 D QtiSubscriptionController: getPhoneId, received dummy subId 2147483643
06-21 23:13:48.403  1487  2153 D TelephonyRegistry: notifyDataConnectionForSubscriber: subId=2147483643 state=0 isDataAllowed=false reason='dataDetached' apn='null' apnType=supl networkType=0 mRecords.size()=20
06-21 23:13:48.404  2142  2142 D QtiSubscriptionController: getPhoneId, received dummy subId 2147483643
06-21 23:13:48.404  1487  2153 D TelephonyRegistry: validatePhoneId: true
06-21 23:13:48.404  1487  2153 D TelephonyRegistry: handleRemoveListLocked: mRemoveList.size()=0
06-21 23:13:48.405  2142  2142 D QtiGsmDCT: [0]notifyOffApnOfAvailability type:emergency
06-21 23:13:48.406  2142  2142 D QtiGsmDCT: [0]isEmergency: result=false
06-21 23:13:48.406  2142  2142 D QtiGsmDCT: [0]get active apn string for type:emergency
06-21 23:13:48.406  2142  2142 D QtiSubscriptionController: getPhoneId, received dummy subId 2147483643
06-21 23:13:48.406  1487  1835 D TelephonyRegistry: notifyDataConnectionForSubscriber: subId=2147483643 state=0 isDataAllowed=false reason='dataDetached' apn='null' apnType=emergency networkType=0 mRecords.size()=20
06-21 23:13:48.406  2142  2142 D QtiSubscriptionController: getPhoneId, received dummy subId 2147483643
06-21 23:13:48.406  1487  1835 D TelephonyRegistry: validatePhoneId: true
06-21 23:13:48.406  1487  1835 D TelephonyRegistry: handleRemoveListLocked: mRemoveList.size()=0
06-21 23:13:48.408  2142  2142 D QtiGsmDCT: [0]notifyOffApnOfAvailability type:dun
06-21 23:13:48.409  2142  2142 D QtiGsmDCT: [0]isEmergency: result=false
06-21 23:13:48.409  2142  2142 D QtiGsmDCT: [0]get active apn string for type:dun
06-21 23:13:48.409  2142  2142 D QtiSubscriptionController: getPhoneId, received dummy subId 2147483643
06-21 23:13:48.410  1487  1835 D TelephonyRegistry: notifyDataConnectionForSubscriber: subId=2147483643 state=0 isDataAllowed=false reason='dataDetached' apn='null' apnType=dun networkType=0 mRecords.size()=20
06-21 23:13:48.410  2142  2142 D QtiSubscriptionController: getPhoneId, received dummy subId 2147483643
06-21 23:13:48.410  1487  1835 D TelephonyRegistry: validatePhoneId: true
06-21 23:13:48.410  1487  1835 D TelephonyRegistry: handleRemoveListLocked: mRemoveList.size()=0
06-21 23:13:48.411  2142  2142 D QtiGsmDCT: [0]notifyOffApnOfAvailability type:hipri
06-21 23:13:48.414  2142  2142 D QtiGsmDCT: [0]isEmergency: result=false
06-21 23:13:48.414  2142  2142 D QtiGsmDCT: [0]get active apn string for type:hipri
06-21 23:13:48.414  2142  2142 D QtiSubscriptionController: getPhoneId, received dummy subId 2147483643
06-21 23:13:48.414  1487  2153 D TelephonyRegistry: notifyDataConnectionForSubscriber: subId=2147483643 state=0 isDataAllowed=false reason='dataDetached' apn='null' apnType=hipri networkType=0 mRecords.size()=20
06-21 23:13:48.415  2142  2142 D QtiSubscriptionController: getPhoneId, received dummy subId 2147483643
06-21 23:13:48.415  1487  2153 D TelephonyRegistry: validatePhoneId: true
06-21 23:13:48.415  1487  2153 D TelephonyRegistry: handleRemoveListLocked: mRemoveList.size()=0
06-21 23:13:48.416  2142  2142 D QtiGsmDCT: [0]notifyOffApnOfAvailability type:ims
06-21 23:13:48.417  2142  2142 D QtiGsmDCT: [0]isEmergency: result=false
06-21 23:13:48.417  2142  2142 D QtiGsmDCT: [0]get active apn string for type:ims
06-21 23:13:48.417  2142  2142 D QtiSubscriptionController: getPhoneId, received dummy subId 2147483643
06-21 23:13:48.418  1487  1835 D TelephonyRegistry: notifyDataConnectionForSubscriber: subId=2147483643 state=0 isDataAllowed=false reason='dataDetached' apn='null' apnType=ims networkType=0 mRecords.size()=20
06-21 23:13:48.419  2142  2142 D QtiSubscriptionController: getPhoneId, received dummy subId 2147483643
06-21 23:13:48.419  1487  1835 D TelephonyRegistry: validatePhoneId: true
06-21 23:13:48.419  1487  1835 D TelephonyRegistry: handleRemoveListLocked: mRemoveList.size()=0
06-21 23:13:48.419  2142  2142 D QtiGsmDCT: [0]QtiDcTracker handleMessage msg={ when=-593ms what=270348 obj=android.os.AsyncResult@54c5474 target=com.qualcomm.qti.internal.telephony.dataconnection.QtiDcTracker }
06-21 23:13:48.420  2142  2142 D QtiGsmDCT: [0]handleMessage msg={ when=-593ms what=270348 obj=android.os.AsyncResult@54c5474 target=com.qualcomm.qti.internal.telephony.dataconnection.QtiDcTracker }
06-21 23:13:48.420  2142  2142 D QtiGsmDCT: [0]onDataRoamingOff
06-21 23:13:48.420  2142  2142 D QtiGsmDCT: [0]getDataRoamingEnabled: phoneSubId=2147483643 isDataRoamingEnabled=false
06-21 23:13:48.420  2142  2142 D QtiGsmDCT: [0]setInitialApn: E mPreferredApn=null
06-21 23:13:48.420  2142  2142 D QtiGsmDCT: [0]setInitialAttachApn: X There in no available apn
06-21 23:13:48.420  2142  2142 D QtiGsmDCT: [0]setDataProfilesAsNeeded
06-21 23:13:48.420  2142  2142 D QtiGsmDCT: [0]notifyOffApnOfAvailability type:default
06-21 23:13:48.421  2142  2142 D QtiGsmDCT: [0]isEmergency: result=false
06-21 23:13:48.421  2142  2142 D QtiGsmDCT: [0]get active apn string for type:default
06-21 23:13:48.426  2142  2142 D QtiSubscriptionController: getPhoneId, received dummy subId 2147483643
06-21 23:13:48.426  1487  2153 D TelephonyRegistry: notifyDataConnectionForSubscriber: subId=2147483643 state=0 isDataAllowed=false reason='roamingOff' apn='null' apnType=default networkType=0 mRecords.size()=20
06-21 23:13:48.427  2142  2142 D QtiSubscriptionController: getPhoneId, received dummy subId 2147483643
06-21 23:13:48.427  1487  2153 D TelephonyRegistry: validatePhoneId: true
06-21 23:13:48.427  1487  2153 D TelephonyRegistry: handleRemoveListLocked: mRemoveList.size()=0
06-21 23:13:48.428  2142  2142 D QtiGsmDCT: [0]notifyOffApnOfAvailability type:mms
06-21 23:13:48.428  2142  2162 D QtiSubscriptionController: getPhoneId, received dummy subId 2147483643
06-21 23:13:48.429  2142  2162 I chatty  : uid=1001(radio) Binder:2142_2 identical 3 lines
06-21 23:13:48.430  2142  2162 D QtiSubscriptionController: getPhoneId, received dummy subId 2147483643
06-21 23:13:48.430  2142  2162 D QtiGsmDCT: [0]getDataEnabled: retVal=true
06-21 23:13:48.431  2142  2162 D QtiSubscriptionController: getPhoneId, received dummy subId 2147483643
06-21 23:13:48.431  2142  2162 D QtiGsmDCT: [0]getDataEnabled: retVal=true
06-21 23:13:48.432  2142  2142 D QtiGsmDCT: [0]isEmergency: result=false
06-21 23:13:48.432  2142  2142 D QtiGsmDCT: [0]get active apn string for type:mms
06-21 23:13:48.432  2142  2142 D QtiSubscriptionController: getPhoneId, received dummy subId 2147483643
06-21 23:13:48.433  1487  2170 D TelephonyRegistry: notifyDataConnectionForSubscriber: subId=2147483643 state=0 isDataAllowed=false reason='roamingOff' apn='null' apnType=mms networkType=0 mRecords.size()=20
06-21 23:13:48.433  2142  2142 D QtiSubscriptionController: getPhoneId, received dummy subId 2147483643
06-21 23:13:48.433  1487  2170 D TelephonyRegistry: validatePhoneId: true
06-21 23:13:48.433  1487  2170 D TelephonyRegistry: handleRemoveListLocked: mRemoveList.size()=0
06-21 23:13:48.434  2142  2142 D QtiGsmDCT: [0]notifyOffApnOfAvailability type:cbs
06-21 23:13:48.434  2142  2142 D QtiGsmDCT: [0]isEmergency: result=false
06-21 23:13:48.434  2142  2142 D QtiGsmDCT: [0]get active apn string for type:cbs
06-21 23:13:48.435  2142  2142 D QtiSubscriptionController: getPhoneId, received dummy subId 2147483643
06-21 23:13:48.435  1487  2170 D TelephonyRegistry: notifyDataConnectionForSubscriber: subId=2147483643 state=0 isDataAllowed=false reason='roamingOff' apn='null' apnType=cbs networkType=0 mRecords.size()=20
06-21 23:13:48.435  2142  2142 D QtiSubscriptionController: getPhoneId, received dummy subId 2147483643
06-21 23:13:48.435  1487  2170 D TelephonyRegistry: validatePhoneId: true
06-21 23:13:48.435  1487  2170 D TelephonyRegistry: handleRemoveListLocked: mRemoveList.size()=0
06-21 23:13:48.436  2142  2142 D QtiGsmDCT: [0]notifyOffApnOfAvailability type:fota
06-21 23:13:48.438  2142  2142 D QtiGsmDCT: [0]isEmergency: result=false
06-21 23:13:48.438  2142  2142 D QtiGsmDCT: [0]get active apn string for type:fota
06-21 23:13:48.439  2142  2142 D QtiSubscriptionController: getPhoneId, received dummy subId 2147483643
06-21 23:13:48.439  1487  2170 D TelephonyRegistry: notifyDataConnectionForSubscriber: subId=2147483643 state=0 isDataAllowed=false reason='roamingOff' apn='null' apnType=fota networkType=0 mRecords.size()=20
06-21 23:13:48.439  2142  2142 D QtiSubscriptionController: getPhoneId, received dummy subId 2147483643
06-21 23:13:48.439  1487  2170 D TelephonyRegistry: validatePhoneId: true
06-21 23:13:48.439  1487  2170 D TelephonyRegistry: handleRemoveListLocked: mRemoveList.size()=0
06-21 23:13:48.444  2142  2142 D QtiGsmDCT: [0]notifyOffApnOfAvailability type:supl
06-21 23:13:48.445  2142  2142 D QtiGsmDCT: [0]isEmergency: result=false
06-21 23:13:48.445  2142  2142 D QtiGsmDCT: [0]get active apn string for type:supl
06-21 23:13:48.446  2142  2142 D QtiSubscriptionController: getPhoneId, received dummy subId 2147483643
06-21 23:13:48.446  1487  2170 D TelephonyRegistry: notifyDataConnectionForSubscriber: subId=2147483643 state=0 isDataAllowed=false reason='roamingOff' apn='null' apnType=supl networkType=0 mRecords.size()=20
06-21 23:13:48.447  2142  2142 D QtiSubscriptionController: getPhoneId, received dummy subId 2147483643
06-21 23:13:48.447  1487  2170 D TelephonyRegistry: validatePhoneId: true
06-21 23:13:48.447  1487  2170 D TelephonyRegistry: handleRemoveListLocked: mRemoveList.size()=0
06-21 23:13:48.448  2142  2142 D QtiGsmDCT: [0]notifyOffApnOfAvailability type:emergency
06-21 23:13:48.448  2142  2142 D QtiGsmDCT: [0]isEmergency: result=false
06-21 23:13:48.448  2142  2142 D QtiGsmDCT: [0]get active apn string for type:emergency
06-21 23:13:48.449  2142  2142 D QtiSubscriptionController: getPhoneId, received dummy subId 2147483643
06-21 23:13:48.449  1487  2170 D TelephonyRegistry: notifyDataConnectionForSubscriber: subId=2147483643 state=0 isDataAllowed=false reason='roamingOff' apn='null' apnType=emergency networkType=0 mRecords.size()=20
06-21 23:13:48.449  2142  2142 D QtiSubscriptionController: getPhoneId, received dummy subId 2147483643
06-21 23:13:48.449  1487  2170 D TelephonyRegistry: validatePhoneId: true
06-21 23:13:48.449  1487  2170 D TelephonyRegistry: handleRemoveListLocked: mRemoveList.size()=0
06-21 23:13:48.450  2142  2142 D QtiGsmDCT: [0]notifyOffApnOfAvailability type:dun
06-21 23:13:48.451  2142  2142 D QtiGsmDCT: [0]isEmergency: result=false
06-21 23:13:48.451  2142  2142 D QtiGsmDCT: [0]get active apn string for type:dun
06-21 23:13:48.451  2142  2142 D QtiSubscriptionController: getPhoneId, received dummy subId 2147483643
06-21 23:13:48.452  1487  2170 D TelephonyRegistry: notifyDataConnectionForSubscriber: subId=2147483643 state=0 isDataAllowed=false reason='roamingOff' apn='null' apnType=dun networkType=0 mRecords.size()=20
06-21 23:13:48.452  2142  2142 D QtiSubscriptionController: getPhoneId, received dummy subId 2147483643
06-21 23:13:48.452  1487  2170 D TelephonyRegistry: validatePhoneId: true
06-21 23:13:48.452  1487  2170 D TelephonyRegistry: handleRemoveListLocked: mRemoveList.size()=0
06-21 23:13:48.452  2142  2142 D QtiGsmDCT: [0]notifyOffApnOfAvailability type:hipri
06-21 23:13:48.454  2142  2142 D QtiGsmDCT: [0]isEmergency: result=false
06-21 23:13:48.454  2142  2142 D QtiGsmDCT: [0]get active apn string for type:hipri
06-21 23:13:48.454  2142  2142 D QtiSubscriptionController: getPhoneId, received dummy subId 2147483643
06-21 23:13:48.454  1487  2170 D TelephonyRegistry: notifyDataConnectionForSubscriber: subId=2147483643 state=0 isDataAllowed=false reason='roamingOff' apn='null' apnType=hipri networkType=0 mRecords.size()=20
06-21 23:13:48.455  2142  2142 D QtiSubscriptionController: getPhoneId, received dummy subId 2147483643
06-21 23:13:48.455  1487  2170 D TelephonyRegistry: validatePhoneId: true
06-21 23:13:48.455  1487  2170 D TelephonyRegistry: handleRemoveListLocked: mRemoveList.size()=0
06-21 23:13:48.457  2142  2142 D QtiGsmDCT: [0]notifyOffApnOfAvailability type:ims
06-21 23:13:48.458  2142  2142 D QtiGsmDCT: [0]isEmergency: result=false
06-21 23:13:48.458  2142  2142 D QtiGsmDCT: [0]get active apn string for type:ims
06-21 23:13:48.459  2142  2142 D QtiSubscriptionController: getPhoneId, received dummy subId 2147483643
06-21 23:13:48.459  1487  2170 D TelephonyRegistry: notifyDataConnectionForSubscriber: subId=2147483643 state=0 isDataAllowed=false reason='roamingOff' apn='null' apnType=ims networkType=0 mRecords.size()=20
06-21 23:13:48.459  2142  2142 D QtiSubscriptionController: getPhoneId, received dummy subId 2147483643
06-21 23:13:48.459  1487  2170 D TelephonyRegistry: validatePhoneId: true
06-21 23:13:48.459  1487  2170 D TelephonyRegistry: handleRemoveListLocked: mRemoveList.size()=0
06-21 23:13:48.460  2142  2142 D QtiGsmDCT: [0]setupDataOnConnectableApns: roamingOff
06-21 23:13:48.460  2142  2142 D QtiGsmDCT: [0]setupDataOnConnectableApns: apnContext {mApnType=emergency mState=IDLE mWaitingApns={null} mApnSetting={null} mReason=radioTurnedOff mDataEnabled=false mDependencyMet=true}
06-21 23:13:48.460  2142  2142 D QtiGsmDCT: [0]setupDataOnConnectableApns: apnContext {mApnType=mms mState=IDLE mWaitingApns={null} mApnSetting={null} mReason=radioTurnedOff mDataEnabled=false mDependencyMet=true}
06-21 23:13:48.460  2142  2142 D QtiGsmDCT: [0]setupDataOnConnectableApns: apnContext {mApnType=supl mState=IDLE mWaitingApns={null} mApnSetting={null} mReason=radioTurnedOff mDataEnabled=false mDependencyMet=true}
06-21 23:13:48.460  2142  2142 D QtiGsmDCT: [0]setupDataOnConnectableApns: apnContext {mApnType=hipri mState=IDLE mWaitingApns={null} mApnSetting={null} mReason=radioTurnedOff mDataEnabled=false mDependencyMet=true}
06-21 23:13:48.460  2142  2142 D QtiGsmDCT: [0]setupDataOnConnectableApns: apnContext {mApnType=dun mState=IDLE mWaitingApns={null} mApnSetting={null} mReason=radioTurnedOff mDataEnabled=false mDependencyMet=true}
06-21 23:13:48.460  2142  2142 D QtiGsmDCT: [0]setupDataOnConnectableApns: apnContext {mApnType=fota mState=IDLE mWaitingApns={null} mApnSetting={null} mReason=radioTurnedOff mDataEnabled=false mDependencyMet=true}
06-21 23:13:48.460  2142  2142 D QtiGsmDCT: [0]setupDataOnConnectableApns: apnContext {mApnType=ims mState=IDLE mWaitingApns={null} mApnSetting={null} mReason=radioTurnedOff mDataEnabled=false mDependencyMet=true}
06-21 23:13:48.460  2142  2142 D QtiGsmDCT: [0]setupDataOnConnectableApns: apnContext {mApnType=default mState=IDLE mWaitingApns={null} mApnSetting={null} mReason=radioTurnedOff mDataEnabled=false mDependencyMet=true}
06-21 23:13:48.460  2142  2142 D QtiGsmDCT: [0]setupDataOnConnectableApns: apnContext {mApnType=cbs mState=IDLE mWaitingApns={null} mApnSetting={null} mReason=radioTurnedOff mDataEnabled=false mDependencyMet=true}
06-21 23:13:48.460  2142  2142 D QtiGsmDCT: [0]QtiDcTracker handleMessage msg={ when=-633ms what=270377 obj=android.os.AsyncResult@8f37d9d target=com.qualcomm.qti.internal.telephony.dataconnection.QtiDcTracker }
06-21 23:13:48.460  2142  2142 D QtiGsmDCT: [0]handleMessage msg={ when=-633ms what=270377 obj=android.os.AsyncResult@8f37d9d target=com.qualcomm.qti.internal.telephony.dataconnection.QtiDcTracker }
06-21 23:13:48.462  2142  2142 D RILJ    : [3692]> RIL_REQUEST_SEND_DEVICE_STATE 1:true [SUB0]
06-21 23:13:48.463  2142  2142 D RILJ    : [3693]> RIL_REQUEST_SEND_DEVICE_STATE 2:false [SUB0]
06-21 23:13:48.463  2142  2142 D RILJ    : [3694]> RIL_REQUEST_SEND_DEVICE_STATE 0:false [SUB0]
06-21 23:13:48.464  2142  2142 D RILJ    : [3695]> RIL_REQUEST_SET_UNSOLICITED_RESPONSE_FILTER 7 [SUB0]
06-21 23:13:48.464  2142  2142 D PseudoManager: [PseudoManager0] handle EVENT_RADIO_AVAILABLE
06-21 23:13:48.464  2142  2142 D TelephonyManager: setTelephonyProperty: success phoneId=0 property=gsm.operator.pseudoState value: true propVal=true
06-21 23:13:48.464  2142  2257 D RILJ    : [3692]< RIL_REQUEST_SEND_DEVICE_STATE  [SUB0]
06-21 23:13:48.465  2142  2257 D RILJ    : [3693]< RIL_REQUEST_SEND_DEVICE_STATE  [SUB0]
06-21 23:13:48.465  2142  2257 D RILJ    : [3694]< RIL_REQUEST_SEND_DEVICE_STATE  [SUB0]
06-21 23:13:48.465  2142  2142 D QtiGsmCdmaPhone: handleMessage: Event: 30
06-21 23:13:48.465  2142  2142 D QtiGsmCdmaPhone: handleMessage: Event: 37
06-21 23:13:48.465  2142  2142 D Phone   : config LCE service failed: com.android.internal.telephony.CommandException: INTERNAL_ERR
06-21 23:13:48.465  2142  2142 D GsmSMSDispatcher: GsmSMSDispatcher: subId = 2147483644 slotId = 1
06-21 23:13:48.465  2142  2142 D IccCardProxy: setExternalState: !override and newstate unchanged from UNKNOWN (slot 1)
06-21 23:13:48.465  2142  2142 D IccCardProxy: setExternalState: !override and newstate unchanged from UNKNOWN (slot 1)
06-21 23:13:48.466  2142  2142 D QtiGsmCdmaPhone: handleMessage: Event: 1
06-21 23:13:48.466  2142  2257 D RILJ    : [3695]< RIL_REQUEST_SET_UNSOLICITED_RESPONSE_FILTER  [SUB0]
06-21 23:13:48.467  2142  2142 D RILJ    : [3696]> BASEBAND_VERSION [SUB1]
06-21 23:13:48.467  2142  2142 D RILJ    : [3697]> RIL_REQUEST_DEVICE_IDENTITY [SUB1]
06-21 23:13:48.468  2142  2142 D RILJ    : [3698]> RIL_REQUEST_GET_RADIO_CAPABILITY [SUB1]
06-21 23:13:48.469  2142  2142 D RILJ    : [3699]> RIL_REQUEST_START_LCE reportIntervalMs = 200 pullMode = true [SUB1]
06-21 23:13:48.469  2142  2142 D QtiGsmCdmaPhone: handleMessage: Event: 8
06-21 23:13:48.469  2142  2142 D GsmCdmaPhone: [GsmCdmaPhone] Event EVENT_RADIO_OFF_OR_NOT_AVAILABLE Received
06-21 23:13:48.469  2142  2142 D QtiGsmCdmaPhone: handleMessage: Event: 41
06-21 23:13:48.469  2142  2142 D IccCardProxy: setExternalState: !override and newstate unchanged from UNKNOWN (slot 1)
06-21 23:13:48.469  2142  2142 D SST     : [GsmSST1] mDeviceShuttingDown=false, mDesiredPowerState=true, getRadioState=RADIO_OFF, mPowerOffDelayNeed=true, mAlarmSwitch=false, mRadioDisabledByCarrier=false
06-21 23:13:48.470  2142  2257 D RILJ    : convertHalRadioCapability: session=0, phase=0, rat=213320, logicModemUuid=1, status=1 [SUB1]
06-21 23:13:48.470  2142  2257 D RILJ    : [3698]< RIL_REQUEST_GET_RADIO_CAPABILITY {mPhoneId = 1 mVersion=1 mSession=0 mPhase=0 mRadioAccessFamily=213320 mLogicModemId=1 mStatus=1} [SUB1]
06-21 23:13:48.471  2142  2142 D RILJ    : [3700]> RADIO_POWER on = true [SUB1]
06-21 23:13:48.472  2142  2142 D SST     : [GsmSST1] pollState: modemTriggered=true
06-21 23:13:48.472  2142  2142 D SST     : [GsmSST1] Oos smooth soltId: 1, radiosState : false
06-21 23:13:48.472  1197  1197 D RILC    : setRadioPower: serial 52 on 1
06-21 23:13:48.472  2142  2142 D SST     : [GsmSST1] Oos smooth isNeedBlockOosNotify ret = false airplaneMode = false mMzBlockOosNotify = false simInserted = false isNeedBlockOosNotify = true
06-21 23:13:48.472  1197  1462 E RILQ    : (1/1197): RIL[1][(1197,1462)] qcril_data_lqe_start: Received invalid LCE status from modem
06-21 23:13:48.472  1197  1462 E RILQ    : (1/1197): RIL[1][(1197,1462)] qcril_data_lqe_start: respond to QCRIL as generic failure
06-21 23:13:48.472  2142  2142 D RILJ    : [3701]> OPERATOR [SUB1]
06-21 23:13:48.473  2142  2142 D RILJ    : [3702]> DATA_REGISTRATION_STATE [SUB1]
06-21 23:13:48.473  2142  2257 D RILJ    : [3699]< RIL_REQUEST_START_LCE error 38 [SUB1]
06-21 23:13:48.473  2142  2257 D RilRequest: [3699]< RIL_REQUEST_START_LCE error: com.android.internal.telephony.CommandException: INTERNAL_ERR ret=[0, 0]
06-21 23:13:48.473  2142  2142 D RILJ    : [3703]> VOICE_REGISTRATION_STATE [SUB1]
06-21 23:13:48.473  2142  2142 D RILJ    : [3704]> QUERY_NETWORK_SELECTION_MODE [SUB1]
06-21 23:13:48.474  2142  2142 D use-Rlog/RLOG-QC_RIL_OEM_HOOK: QcrilMsgTunnelService Connected Successfully (onServiceConnected)
06-21 23:13:48.474  2142  2142 D use-Rlog/RLOG-QC_RIL_OEM_HOOK: Calling onQcRilHookReady callback
06-21 23:13:48.474  2142  2142 D QtiRilInterface: Service ready, notifying registrants
06-21 23:13:48.474  2142  2142 D SST     : [GsmSST1] mDeviceShuttingDown=false, mDesiredPowerState=true, getRadioState=RADIO_OFF, mPowerOffDelayNeed=true, mAlarmSwitch=false, mRadioDisabledByCarrier=false
06-21 23:13:48.474  2142  2257 D RILJ    : [3696]< BASEBAND_VERSION 4.0.c2-00812.1-SDM845_GEN_PACK-1 [SUB1]
06-21 23:13:48.476  2142  2257 D RILJ    : [3701]< OPERATOR {, , } [SUB1]
06-21 23:13:48.477  1197  1258 I RILQ    : (1/1197):RIL[1][(1197,1258)] qcril_qmi_nas_reset_data_snapshot_cache_and_timer: Resetting snapshot timer
06-21 23:13:48.477  2142  2142 D RILJ    : [3705]> RADIO_POWER on = true [SUB1]
06-21 23:13:48.477  1197  1449 D RILC    : setRadioPower: serial 57 on 1
06-21 23:13:48.477  2142  2142 D SST     : [GsmSST1] pollState: modemTriggered=true
06-21 23:13:48.477  2142  2142 D SST     : [GsmSST1] Oos smooth soltId: 1, radiosState : false
06-21 23:13:48.478  2142  2142 D SST     : [GsmSST1] Oos smooth isNeedBlockOosNotify ret = false airplaneMode = false mMzBlockOosNotify = false simInserted = false isNeedBlockOosNotify = true
06-21 23:13:48.479  2142  2142 D RILJ    : [3706]> OPERATOR [SUB1]
06-21 23:13:48.479  2142  2257 D RILJ    : [3697]< RIL_REQUEST_DEVICE_IDENTITY {866778030012128, 00, 00000000, 00000000000000} [SUB1]
06-21 23:13:48.479  1197  1258 I RILQ    : (1/1197):RIL[1][(1197,1258)] qcril_qmi_nas_reset_data_snapshot_cache_and_timer: Resetting snapshot timer
06-21 23:13:48.480  2142  2142 D RILJ    : [3707]> DATA_REGISTRATION_STATE [SUB1]
06-21 23:13:48.480  2142  2257 D RILJ    : [3702]< DATA_REGISTRATION_STATE {.regState = NOT_REG_MT_SEARCHING_OP, .rat = 0, .reasonDataDenied = 0, .maxDataCalls = 20, .cellIdentity = {.cellInfoType = NONE, .cellIdentityGsm = [], .cellIdentityWcdma = [], .cellIdentityCdma = [], .cellIdentityLte = [], .cellIdentityTdscdma = []}} [SUB1]
06-21 23:13:48.480  2142  2142 D RILJ    : [3708]> VOICE_REGISTRATION_STATE [SUB1]
06-21 23:13:48.480  2142  2142 D RILJ    : [3709]> QUERY_NETWORK_SELECTION_MODE [SUB1]
06-21 23:13:48.481  2142  2142 I CSST    : PrefNetworkNotification: sendMessage() w/values: ,false,-1,false,false
06-21 23:13:48.481  2142  2142 I CSST    : canceling notifications: 1000
06-21 23:13:48.481  2142  2142 D Phone   : isWifiCallingEnabled =false
06-21 23:13:48.481  2142  2142 D CSST    : isPhoneRegisteredForWifiCalling: false
06-21 23:13:48.481  2142  2142 D Phone   : isWifiCallingEnabled =false
06-21 23:13:48.481  2142  2142 I CSST    : EmergencyNetworkNotification: sendMessage() w/values: ,false,-1,false,false
06-21 23:13:48.481  2142  2257 D RILJ    : [3703]< VOICE_REGISTRATION_STATE {.regState = NOT_REG_MT_SEARCHING_OP, .rat = 0, .cssSupported = false, .roamingIndicator = -1, .systemIsInPrl = -1, .defaultRoamingIndicator = -1, .reasonForDenial = 0, .cellIdentity = {.cellInfoType = NONE, .cellIdentityGsm = [], .cellIdentityWcdma = [], .cellIdentityCdma = [], .cellIdentityLte = [], .cellIdentityTdscdma = []}} [SUB1]
06-21 23:13:48.481  2142  2142 I CSST    : canceling notifications: 1001
06-21 23:13:48.482  2142  2142 I CSST    : PrefNetworkNotification: sendMessage() w/values: ,false,-1,false,false
06-21 23:13:48.482  2142  2142 I CSST    : canceling notifications: 1000
06-21 23:13:48.482  2142  2142 D Phone   : isWifiCallingEnabled =false
06-21 23:13:48.482  2142  2142 D CSST    : isPhoneRegisteredForWifiCalling: false
06-21 23:13:48.482  2142  2142 D Phone   : isWifiCallingEnabled =false
06-21 23:13:48.482  2142  2142 I CSST    : EmergencyNetworkNotification: sendMessage() w/values: ,false,-1,false,false
06-21 23:13:48.482  1197  2561 D RILC    : setRadioPowerResponse: serial 52
06-21 23:13:48.482  1053  2498 D RILC    : setRadioPowerResponse: serial 30
06-21 23:13:48.482  1197  2561 D RILC    : setRadioPowerResponse: serial 57
06-21 23:13:48.482  1053  2498 D RILC    : setRadioPowerResponse: serial 35
06-21 23:13:48.482  2142  2142 I CSST    : canceling notifications: 1001
06-21 23:13:48.482  2142  2257 D RILJ    : [3700]< RADIO_POWER  [SUB1]
06-21 23:13:48.482  2142  2142 D QtiGsmDCT: [1]QtiDcTracker handleMessage msg={ when=-486ms what=270369 obj=android.os.AsyncResult@a50de3 target=com.qualcomm.qti.internal.telephony.dataconnection.QtiDcTracker }
06-21 23:13:48.482  2142  2142 D QtiGsmDCT: [1]handleMessage msg={ when=-486ms what=270369 obj=android.os.AsyncResult@a50de3 target=com.qualcomm.qti.internal.telephony.dataconnection.QtiDcTracker }
06-21 23:13:48.482  2142  2142 D QtiGsmDCT: [1]QtiDcTracker handleMessage msg={ when=-481ms what=270337 obj=android.os.AsyncResult@11443e0 target=com.qualcomm.qti.internal.telephony.dataconnection.QtiDcTracker }
06-21 23:13:48.482  2142  2142 D QtiGsmDCT: [1]handleMessage msg={ when=-481ms what=270337 obj=android.os.AsyncResult@11443e0 target=com.qualcomm.qti.internal.telephony.dataconnection.QtiDcTracker }
06-21 23:13:48.482  2142  2142 D QtiGsmDCT: [1]onRadioAvailable
06-21 23:13:48.482  2142  2142 D QtiGsmDCT: [1]overall state is IDLE
06-21 23:13:48.482  2142  2142 D QtiGsmDCT: [1]QtiDcTracker handleMessage msg={ when=-481ms what=270342 obj=android.os.AsyncResult@18f5699 target=com.qualcomm.qti.internal.telephony.dataconnection.QtiDcTracker }
06-21 23:13:48.482  2142  2257 D RILJ    : [3678]< RADIO_POWER  [SUB0]
06-21 23:13:48.482  2142  2142 D QtiGsmDCT: [1]handleMessage msg={ when=-481ms what=270342 obj=android.os.AsyncResult@18f5699 target=com.qualcomm.qti.internal.telephony.dataconnection.QtiDcTracker }
06-21 23:13:48.482  2142  2142 D QtiGsmDCT: [1]onRadioOffOrNotAvailable: is off and clean up all connections
06-21 23:13:48.482  2142  2142 D QtiGsmDCT: [1]cleanUpAllConnections: tearDown=false reason=radioTurnedOff
06-21 23:13:48.483  2142  2142 D QtiGsmDCT: [1]cleanUpConnection: tearDown=false reason=radioTurnedOff apnContext={mApnType=default mState=IDLE mWaitingApns={null} mApnSetting={null} mReason=radioTurnedOff mDataEnabled=false mDependencyMet=true}
06-21 23:13:48.483  2142  2142 D GsmCdmaPhone: [GsmCdmaPhone] getDataConnectionState apnType=default ret=DISCONNECTED
06-21 23:13:48.483  2142  2257 D RILJ    : [3705]< RADIO_POWER  [SUB1]
06-21 23:13:48.483  1053  1275 D RILC    : radioStateChangedInd: radioState 10
06-21 23:13:48.483  2142  2142 D QtiGsmDCT: [1]isEmergency: result=false
06-21 23:13:48.483  2142  2142 D QtiGsmDCT: [1]get active apn string for type:default
06-21 23:13:48.483  2142  2257 D RILJ    : Unsol response received; Sending ack to ril.cpp [SUB0]
06-21 23:13:48.484  2142  2142 D QtiSubscriptionController: getPhoneId, received dummy subId 2147483644
06-21 23:13:48.484  1487  2170 D TelephonyRegistry: notifyDataConnectionForSubscriber: subId=2147483644 state=0 isDataAllowed=false reason='radioTurnedOff' apn='null' apnType=default networkType=0 mRecords.size()=20
06-21 23:13:48.484  2142  2257 V RILJ    : [UNSL]< UNSOL_OEM_HOOK_RAW 514f454d484f4f4bf2030800040000000050c011 [SUB0]
06-21 23:13:48.484  2142  2257 D RILJ    : [3683]< RADIO_POWER  [SUB0]
06-21 23:13:48.484  2142  2142 D QtiSubscriptionController: getPhoneId, received dummy subId 2147483644
06-21 23:13:48.485  1487  2170 D TelephonyRegistry: validatePhoneId: true
06-21 23:13:48.485  1487  2170 D TelephonyRegistry: handleRemoveListLocked: mRemoveList.size()=0
06-21 23:13:48.485  2142  2142 D QtiGsmDCT: [1]cleanUpConnection: X tearDown=false reason=radioTurnedOff apnContext={mApnType=default mState=IDLE mWaitingApns={null} mApnSetting={null} mReason=radioTurnedOff mDataEnabled=false mDependencyMet=true} dcac=null
06-21 23:13:48.486  2142  2142 D QtiGsmDCT: [1]cleanUpConnection: tearDown=false reason=radioTurnedOff apnContext={mApnType=mms mState=IDLE mWaitingApns={null} mApnSetting={null} mReason=radioTurnedOff mDataEnabled=false mDependencyMet=true}
06-21 23:13:48.486  2142  2142 D GsmCdmaPhone: [GsmCdmaPhone] getDataConnectionState apnType=mms ret=DISCONNECTED
06-21 23:13:48.486  2142  2442 D QtiSubscriptionController: getPhoneId, received dummy subId 2147483644
06-21 23:13:48.487  2142  2162 D QtiSubscriptionController: getPhoneId, received dummy subId 2147483644
06-21 23:13:48.487  2142  2257 D RILJ    : Unsol response received; Sending ack to ril.cpp [SUB0]
06-21 23:13:48.487  2142  2257 D RILJ    : [UNSL]< UNSOL_RESPONSE_RADIO_STATE_CHANGED radioStateChanged: RADIO_ON [SUB0]
06-21 23:13:48.487  2142  2162 D QtiSubscriptionController: getPhoneId, received dummy subId 2147483644
06-21 23:13:48.487  2142  2257 D RILJ    : Unsol response received; Sending ack to ril.cpp [SUB1]
06-21 23:13:48.487  2142  2257 V RILJ    : [UNSL]< UNSOL_OEM_HOOK_RAW 514f454d484f4f4bf2030800040000000050dc11 [SUB1]
06-21 23:13:48.487  2142  2162 D QtiSubscriptionController: getPhoneId, received dummy subId 2147483644
06-21 23:13:48.488  2142  2162 D QtiSubscriptionController: getPhoneId, received dummy subId 2147483644
06-21 23:13:48.488  2142  2257 D RILJ    : [3704]< QUERY_NETWORK_SELECTION_MODE {0} [SUB1]
06-21 23:13:48.488  2142  2162 D QtiGsmDCT: [1]getDataEnabled: retVal=true
06-21 23:13:48.489  2142  2442 D QtiSubscriptionController: getPhoneId, received dummy subId 2147483644
06-21 23:13:48.489  2142  2142 D QtiGsmDCT: [1]isEmergency: result=false
06-21 23:13:48.489  2142  2442 D QtiGsmDCT: [1]getDataEnabled: retVal=true
06-21 23:13:48.489  2142  2142 D QtiGsmDCT: [1]get active apn string for type:mms
06-21 23:13:48.489  2142  2257 D RILJ    : [3706]< OPERATOR {, , } [SUB1]
06-21 23:13:48.489  1197  1258 I RILQ    : (1/1197):RIL[1][(1197,1258)] qcril_qmi_nas_reset_data_snapshot_cache_and_timer: Resetting snapshot timer
06-21 23:13:48.490  2142  2142 D QtiSubscriptionController: getPhoneId, received dummy subId 2147483644
06-21 23:13:48.490  2142  2257 D RILJ    : [3707]< DATA_REGISTRATION_STATE {.regState = NOT_REG_MT_SEARCHING_OP, .rat = 0, .reasonDataDenied = 0, .maxDataCalls = 20, .cellIdentity = {.cellInfoType = NONE, .cellIdentityGsm = [], .cellIdentityWcdma = [], .cellIdentityCdma = [], .cellIdentityLte = [], .cellIdentityTdscdma = []}} [SUB1]
06-21 23:13:48.490  1487  1911 D TelephonyRegistry: notifyDataConnectionForSubscriber: subId=2147483644 state=0 isDataAllowed=false reason='radioTurnedOff' apn='null' apnType=mms networkType=0 mRecords.size()=20
06-21 23:13:48.491  2142  2142 D QtiSubscriptionController: getPhoneId, received dummy subId 2147483644
06-21 23:13:48.492  1487  1911 D TelephonyRegistry: validatePhoneId: true
06-21 23:13:48.492  1487  1911 D TelephonyRegistry: handleRemoveListLocked: mRemoveList.size()=0
06-21 23:13:48.493  1197  1258 I RILQ    : (1/1197):RIL[1][(1197,1258)] qcril_qmi_nas_reset_data_snapshot_cache_and_timer: Resetting snapshot timer
06-21 23:13:48.493  2142  2142 D QtiGsmDCT: [1]cleanUpConnection: X tearDown=false reason=radioTurnedOff apnContext={mApnType=mms mState=IDLE mWaitingApns={null} mApnSetting={null} mReason=radioTurnedOff mDataEnabled=false mDependencyMet=true} dcac=null
06-21 23:13:48.493  2142  2142 D QtiGsmDCT: [1]cleanUpConnection: tearDown=false reason=radioTurnedOff apnContext={mApnType=cbs mState=IDLE mWaitingApns={null} mApnSetting={null} mReason=radioTurnedOff mDataEnabled=false mDependencyMet=true}
06-21 23:13:48.493  2142  2142 D GsmCdmaPhone: [GsmCdmaPhone] getDataConnectionState apnType=cbs ret=DISCONNECTED
06-21 23:13:48.495  2142  2257 D RILJ    : [3708]< VOICE_REGISTRATION_STATE {.regState = NOT_REG_MT_SEARCHING_OP, .rat = 0, .cssSupported = false, .roamingIndicator = -1, .systemIsInPrl = -1, .defaultRoamingIndicator = -1, .reasonForDenial = 0, .cellIdentity = {.cellInfoType = NONE, .cellIdentityGsm = [], .cellIdentityWcdma = [], .cellIdentityCdma = [], .cellIdentityLte = [], .cellIdentityTdscdma = []}} [SUB1]
06-21 23:13:48.495  1197  1258 D RILC    : radioStateChangedInd: radioState 10
06-21 23:13:48.495  2142  2142 D QtiGsmDCT: [1]isEmergency: result=false
06-21 23:13:48.496  2142  2142 D QtiGsmDCT: [1]get active apn string for type:cbs
06-21 23:13:48.497  2142  2257 D RILJ    : Unsol response received; Sending ack to ril.cpp [SUB1]
06-21 23:13:48.497  2142  2257 D RILJ    : [UNSL]< UNSOL_RESPONSE_RADIO_STATE_CHANGED radioStateChanged: RADIO_ON [SUB1]
06-21 23:13:48.497  2142  2257 D RILJ    : [3709]< QUERY_NETWORK_SELECTION_MODE {0} [SUB1]
06-21 23:13:48.499  2142  2142 D QtiSubscriptionController: getPhoneId, received dummy subId 2147483644
06-21 23:13:48.499  1487  1911 D TelephonyRegistry: notifyDataConnectionForSubscriber: subId=2147483644 state=0 isDataAllowed=false reason='radioTurnedOff' apn='null' apnType=cbs networkType=0 mRecords.size()=20
06-21 23:13:48.499  2142  2142 D QtiSubscriptionController: getPhoneId, received dummy subId 2147483644
06-21 23:13:48.499  1487  1911 D TelephonyRegistry: validatePhoneId: true
06-21 23:13:48.499  1487  1911 D TelephonyRegistry: handleRemoveListLocked: mRemoveList.size()=0
06-21 23:13:48.500  2142  2142 D QtiGsmDCT: [1]cleanUpConnection: X tearDown=false reason=radioTurnedOff apnContext={mApnType=cbs mState=IDLE mWaitingApns={null} mApnSetting={null} mReason=radioTurnedOff mDataEnabled=false mDependencyMet=true} dcac=null
06-21 23:13:48.500  2142  2142 D QtiGsmDCT: [1]cleanUpConnection: tearDown=false reason=radioTurnedOff apnContext={mApnType=fota mState=IDLE mWaitingApns={null} mApnSetting={null} mReason=radioTurnedOff mDataEnabled=false mDependencyMet=true}
06-21 23:13:48.500  2142  2142 D GsmCdmaPhone: [GsmCdmaPhone] getDataConnectionState apnType=fota ret=DISCONNECTED
06-21 23:13:48.502  2142  2142 D QtiGsmDCT: [1]isEmergency: result=false
06-21 23:13:48.502  2142  2142 D QtiGsmDCT: [1]get active apn string for type:fota
06-21 23:13:48.503  2142  2142 D QtiSubscriptionController: getPhoneId, received dummy subId 2147483644
06-21 23:13:48.503  1487  1911 D TelephonyRegistry: notifyDataConnectionForSubscriber: subId=2147483644 state=0 isDataAllowed=false reason='radioTurnedOff' apn='null' apnType=fota networkType=0 mRecords.size()=20
06-21 23:13:48.504  2142  2142 D QtiSubscriptionController: getPhoneId, received dummy subId 2147483644
06-21 23:13:48.504  1487  1911 D TelephonyRegistry: validatePhoneId: true
06-21 23:13:48.504  1487  1911 D TelephonyRegistry: handleRemoveListLocked: mRemoveList.size()=0
06-21 23:13:48.506  2142  2142 D QtiGsmDCT: [1]cleanUpConnection: X tearDown=false reason=radioTurnedOff apnContext={mApnType=fota mState=IDLE mWaitingApns={null} mApnSetting={null} mReason=radioTurnedOff mDataEnabled=false mDependencyMet=true} dcac=null
06-21 23:13:48.506  2142  2142 D QtiGsmDCT: [1]cleanUpConnection: tearDown=false reason=radioTurnedOff apnContext={mApnType=supl mState=IDLE mWaitingApns={null} mApnSetting={null} mReason=radioTurnedOff mDataEnabled=false mDependencyMet=true}
06-21 23:13:48.506  2142  2142 D GsmCdmaPhone: [GsmCdmaPhone] getDataConnectionState apnType=supl ret=DISCONNECTED
06-21 23:13:48.507  2142  2142 D QtiGsmDCT: [1]isEmergency: result=false
06-21 23:13:48.507  2142  2142 D QtiGsmDCT: [1]get active apn string for type:supl
06-21 23:13:48.507  2142  2142 D QtiSubscriptionController: getPhoneId, received dummy subId 2147483644
06-21 23:13:48.507  1487  1911 D TelephonyRegistry: notifyDataConnectionForSubscriber: subId=2147483644 state=0 isDataAllowed=false reason='radioTurnedOff' apn='null' apnType=supl networkType=0 mRecords.size()=20
06-21 23:13:48.508  2142  2142 D QtiSubscriptionController: getPhoneId, received dummy subId 2147483644
06-21 23:13:48.508  1487  1911 D TelephonyRegistry: validatePhoneId: true
06-21 23:13:48.508  1487  1911 D TelephonyRegistry: handleRemoveListLocked: mRemoveList.size()=0
06-21 23:13:48.508  2142  2142 D QtiGsmDCT: [1]cleanUpConnection: X tearDown=false reason=radioTurnedOff apnContext={mApnType=supl mState=IDLE mWaitingApns={null} mApnSetting={null} mReason=radioTurnedOff mDataEnabled=false mDependencyMet=true} dcac=null
06-21 23:13:48.508  2142  2142 D QtiGsmDCT: [1]cleanUpConnection: tearDown=false reason=radioTurnedOff apnContext={mApnType=emergency mState=IDLE mWaitingApns={null} mApnSetting={null} mReason=radioTurnedOff mDataEnabled=false mDependencyMet=true}
06-21 23:13:48.508  2142  2142 D GsmCdmaPhone: [GsmCdmaPhone] getDataConnectionState apnType=emergency ret=DISCONNECTED
06-21 23:13:48.509  2142  2142 D QtiGsmDCT: [1]isEmergency: result=false
06-21 23:13:48.509  2142  2142 D QtiGsmDCT: [1]get active apn string for type:emergency
06-21 23:13:48.509  2142  2142 D QtiSubscriptionController: getPhoneId, received dummy subId 2147483644
06-21 23:13:48.510  1487  2097 D TelephonyRegistry: notifyDataConnectionForSubscriber: subId=2147483644 state=0 isDataAllowed=false reason='radioTurnedOff' apn='null' apnType=emergency networkType=0 mRecords.size()=20
06-21 23:13:48.510  2142  2142 D QtiSubscriptionController: getPhoneId, received dummy subId 2147483644
06-21 23:13:48.511  1487  2097 D TelephonyRegistry: validatePhoneId: true
06-21 23:13:48.511  1487  2097 D TelephonyRegistry: handleRemoveListLocked: mRemoveList.size()=0
06-21 23:13:48.512  2142  2142 D QtiGsmDCT: [1]cleanUpConnection: X tearDown=false reason=radioTurnedOff apnContext={mApnType=emergency mState=IDLE mWaitingApns={null} mApnSetting={null} mReason=radioTurnedOff mDataEnabled=false mDependencyMet=true} dcac=null
06-21 23:13:48.512  2142  2142 D QtiGsmDCT: [1]cleanUpConnection: tearDown=false reason=radioTurnedOff apnContext={mApnType=dun mState=IDLE mWaitingApns={null} mApnSetting={null} mReason=radioTurnedOff mDataEnabled=false mDependencyMet=true}
06-21 23:13:48.512  2142  2142 D GsmCdmaPhone: [GsmCdmaPhone] getDataConnectionState apnType=dun ret=DISCONNECTED
06-21 23:13:48.513  2142  2142 D QtiGsmDCT: [1]isEmergency: result=false
06-21 23:13:48.513  2142  2142 D QtiGsmDCT: [1]get active apn string for type:dun
06-21 23:13:48.514  2142  2142 D QtiSubscriptionController: getPhoneId, received dummy subId 2147483644
06-21 23:13:48.514  1487  2097 D TelephonyRegistry: notifyDataConnectionForSubscriber: subId=2147483644 state=0 isDataAllowed=false reason='radioTurnedOff' apn='null' apnType=dun networkType=0 mRecords.size()=20
06-21 23:13:48.514  2142  2142 D QtiSubscriptionController: getPhoneId, received dummy subId 2147483644
06-21 23:13:48.514  1487  2097 D TelephonyRegistry: validatePhoneId: true
06-21 23:13:48.514  1487  2097 D TelephonyRegistry: handleRemoveListLocked: mRemoveList.size()=0
06-21 23:13:48.514  2142  2142 D QtiGsmDCT: [1]cleanUpConnection: X tearDown=false reason=radioTurnedOff apnContext={mApnType=dun mState=IDLE mWaitingApns={null} mApnSetting={null} mReason=radioTurnedOff mDataEnabled=false mDependencyMet=true} dcac=null
06-21 23:13:48.515  2142  2142 D QtiGsmDCT: [1]cleanUpConnection: tearDown=false reason=radioTurnedOff apnContext={mApnType=hipri mState=IDLE mWaitingApns={null} mApnSetting={null} mReason=radioTurnedOff mDataEnabled=false mDependencyMet=true}
06-21 23:13:48.515  2142  2142 D GsmCdmaPhone: [GsmCdmaPhone] getDataConnectionState apnType=hipri ret=DISCONNECTED
06-21 23:13:48.515  2142  2142 D QtiGsmDCT: [1]isEmergency: result=false
06-21 23:13:48.515  2142  2142 D QtiGsmDCT: [1]get active apn string for type:hipri
06-21 23:13:48.516  2142  2142 D QtiSubscriptionController: getPhoneId, received dummy subId 2147483644
06-21 23:13:48.516  1487  2097 D TelephonyRegistry: notifyDataConnectionForSubscriber: subId=2147483644 state=0 isDataAllowed=false reason='radioTurnedOff' apn='null' apnType=hipri networkType=0 mRecords.size()=20
06-21 23:13:48.516  2142  2142 D QtiSubscriptionController: getPhoneId, received dummy subId 2147483644
06-21 23:13:48.516  1487  2097 D TelephonyRegistry: validatePhoneId: true
06-21 23:13:48.516  1487  2097 D TelephonyRegistry: handleRemoveListLocked: mRemoveList.size()=0
06-21 23:13:48.516  2142  2142 D QtiGsmDCT: [1]cleanUpConnection: X tearDown=false reason=radioTurnedOff apnContext={mApnType=hipri mState=IDLE mWaitingApns={null} mApnSetting={null} mReason=radioTurnedOff mDataEnabled=false mDependencyMet=true} dcac=null
06-21 23:13:48.516  2142  2142 D QtiGsmDCT: [1]cleanUpConnection: tearDown=false reason=radioTurnedOff apnContext={mApnType=ims mState=IDLE mWaitingApns={null} mApnSetting={null} mReason=radioTurnedOff mDataEnabled=false mDependencyMet=true}
06-21 23:13:48.517  2142  2142 D GsmCdmaPhone: [GsmCdmaPhone] getDataConnectionState apnType=ims ret=DISCONNECTED
06-21 23:13:48.517  2142  2142 D QtiGsmDCT: [1]isEmergency: result=false
06-21 23:13:48.517  2142  2142 D QtiGsmDCT: [1]get active apn string for type:ims
06-21 23:13:48.518  2142  2142 D QtiSubscriptionController: getPhoneId, received dummy subId 2147483644
06-21 23:13:48.518  1487  2097 D TelephonyRegistry: notifyDataConnectionForSubscriber: subId=2147483644 state=0 isDataAllowed=false reason='radioTurnedOff' apn='null' apnType=ims networkType=0 mRecords.size()=20
06-21 23:13:48.518  2142  2142 D QtiSubscriptionController: getPhoneId, received dummy subId 2147483644
06-21 23:13:48.518  1487  2097 D TelephonyRegistry: validatePhoneId: true
06-21 23:13:48.518  1487  2097 D TelephonyRegistry: handleRemoveListLocked: mRemoveList.size()=0
06-21 23:13:48.519  2142  2142 D QtiGsmDCT: [1]cleanUpConnection: X tearDown=false reason=radioTurnedOff apnContext={mApnType=ims mState=IDLE mWaitingApns={null} mApnSetting={null} mReason=radioTurnedOff mDataEnabled=false mDependencyMet=true} dcac=null
06-21 23:13:48.519  2142  2142 D QtiGsmDCT: [1]stopNetStatPoll
06-21 23:13:48.520  2142  2142 D QtiSubscriptionController: getPhoneId, received dummy subId 2147483644
06-21 23:13:48.520  1487  2097 D TelephonyRegistry: validatePhoneId: true
06-21 23:13:48.520  1487  2097 D TelephonyRegistry: handleRemoveListLocked: mRemoveList.size()=0
06-21 23:13:48.521  2142  2142 D QtiGsmDCT: [1]cleanUpConnection: mDisconnectPendingCount = 0
06-21 23:13:48.521  2142  2142 D QtiGsmDCT: [1]notifyOffApnOfAvailability type:default
06-21 23:13:48.521  2142  2142 D QtiGsmDCT: [1]isEmergency: result=false
06-21 23:13:48.521  2142  2142 D QtiGsmDCT: [1]get active apn string for type:default
06-21 23:13:48.522  2142  2142 D QtiSubscriptionController: getPhoneId, received dummy subId 2147483644
06-21 23:13:48.522  1487  2097 D TelephonyRegistry: notifyDataConnectionForSubscriber: subId=2147483644 state=0 isDataAllowed=false reason='radioTurnedOff' apn='null' apnType=default networkType=0 mRecords.size()=20
06-21 23:13:48.522  2142  2142 D QtiSubscriptionController: getPhoneId, received dummy subId 2147483644
06-21 23:13:48.522  1487  2097 D TelephonyRegistry: validatePhoneId: true
06-21 23:13:48.522  1487  2097 D TelephonyRegistry: handleRemoveListLocked: mRemoveList.size()=0
06-21 23:13:48.524  2142  2442 D QtiSubscriptionController: getPhoneId, received dummy subId 2147483644
06-21 23:13:48.524  2142  2142 D QtiGsmDCT: [1]notifyOffApnOfAvailability type:mms
06-21 23:13:48.524  2142  2442 D QtiSubscriptionController: getPhoneId, received dummy subId 2147483644
06-21 23:13:48.525  2142  2142 D QtiGsmDCT: [1]isEmergency: result=false
06-21 23:13:48.525  2142  2142 D QtiGsmDCT: [1]get active apn string for type:mms
06-21 23:13:48.526  2142  2142 D QtiSubscriptionController: getPhoneId, received dummy subId 2147483644
06-21 23:13:48.526  1487  1911 D TelephonyRegistry: notifyDataConnectionForSubscriber: subId=2147483644 state=0 isDataAllowed=false reason='radioTurnedOff' apn='null' apnType=mms networkType=0 mRecords.size()=20
06-21 23:13:48.527  2142  2442 D QtiSubscriptionController: getPhoneId, received dummy subId 2147483644
06-21 23:13:48.528  2142  2442 D QtiSubscriptionController: getPhoneId, received dummy subId 2147483644
06-21 23:13:48.528  2142  2142 D QtiSubscriptionController: getPhoneId, received dummy subId 2147483644
06-21 23:13:48.528  1487  1911 D TelephonyRegistry: validatePhoneId: true
06-21 23:13:48.528  1487  1911 D TelephonyRegistry: handleRemoveListLocked: mRemoveList.size()=0
06-21 23:13:48.529  2142  2142 D QtiGsmDCT: [1]notifyOffApnOfAvailability type:cbs
06-21 23:13:48.529  2142  2442 D QtiSubscriptionController: getPhoneId, received dummy subId 2147483644
06-21 23:13:48.529  2142  2442 D QtiGsmDCT: [1]getDataEnabled: retVal=true
06-21 23:13:48.530  2142  2442 D QtiSubscriptionController: getPhoneId, received dummy subId 2147483644
06-21 23:13:48.530  2142  2442 D QtiGsmDCT: [1]getDataEnabled: retVal=true
06-21 23:13:48.532  2142  2142 D QtiGsmDCT: [1]isEmergency: result=false
06-21 23:13:48.532  2142  2142 D QtiGsmDCT: [1]get active apn string for type:cbs
06-21 23:13:48.533  2142  2142 D QtiSubscriptionController: getPhoneId, received dummy subId 2147483644
