06-21 23:13:48.075  1487  1911 D TelephonyRegistry: notifyServiceStateForSubscriber: r={callingPackage=com.android.phone binder=android.os.BinderProxy@30a03b4 callback=com.android.internal.telephony.IPhoneStateListener$Stub$Proxy@99c9bdd onSubscriptionsChangedListenererCallback=null callerUserId=0 subId=2147483647 phoneId=0 events=10000 canReadPhoneState=false} subId=2147483644 phoneId=1 state={mVoiceRegState=1(OUT_OF_SERVICE), mDataRegState=1(OUT_OF_SERVICE), mVoiceRoamingType=home, mDataRoamingType=home, mVoiceOperatorAlphaLong=null, mVoiceOperatorAlphaShort=null, mDataOperatorAlphaLong=null, mDataOperatorAlphaShort=null, isManualNetworkSelection=false(automatic), mRilVoiceRadioTechnology=0(Unknown), mRilDataRadioTechnology=0(Unknown), mCssIndicator=unsupported, mNetworkId=0, mSystemId=0, mCdmaRoamingIndicator=0, mCdmaDefaultRoamingIndicator=0, mIsEmergencyOnly=false, mIsDataRoamingFromRegistration=false, mIsUsingCarrierAggregation=false, mLteEarfcnRsrpBoost=0}
06-21 23:13:48.075  1487  1911 D TelephonyRegistry: notifyServiceStateForSubscriber: r={callingPackage=com.android.phone binder=android.os.BinderProxy@6b92f41 callback=null onSubscriptionsChangedListenererCallback=com.android.internal.telephony.IOnSubscriptionsChangedListener$Stub$Proxy@5e0f628 callerUserId=0 subId=-1 phoneId=-1 events=0 canReadPhoneState=true} subId=2147483644 phoneId=1 state={mVoiceRegState=1(OUT_OF_SERVICE), mDataRegState=1(OUT_OF_SERVICE), mVoiceRoamingType=home, mDataRoamingType=home, mVoiceOperatorAlphaLong=null, mVoiceOperatorAlphaShort=null, mDataOperatorAlphaLong=null, mDataOperatorAlphaShort=null, isManualNetworkSelection=false(automatic), mRilVoiceRadioTechnology=0(Unknown), mRilDataRadioTechnology=0(Unknown), mCssIndicator=unsupported, mNetworkId=0, mSystemId=0, mCdmaRoamingIndicator=0, mCdmaDefaultRoamingIndicator=0, mIsEmergencyOnly=false, mIsDataRoamingFromRegistration=false, mIsUsingCarrierAggregation=false, mLteEarfcnRsrpBoost=0}
06-21 23:13:48.075  1487  1911 D TelephonyRegistry: notifyServiceStateForSubscriber: r={callingPackage=com.android.phone binder=android.os.BinderProxy@3bb00ed callback=null onSubscriptionsChangedListenererCallback=com.android.internal.telephony.IOnSubscriptionsChangedListener$Stub$Proxy@5d9304 callerUserId=0 subId=-1 phoneId=-1 events=0 canReadPhoneState=true} subId=2147483644 phoneId=1 state={mVoiceRegState=1(OUT_OF_SERVICE), mDataRegState=1(OUT_OF_SERVICE), mVoiceRoamingType=home, mDataRoamingType=home, mVoiceOperatorAlphaLong=null, mVoiceOperatorAlphaShort=null, mDataOperatorAlphaLong=null, mDataOperatorAlphaShort=null, isManualNetworkSelection=false(automatic), mRilVoiceRadioTechnology=0(Unknown), mRilDataRadioTechnology=0(Unknown), mCssIndicator=unsupported, mNetworkId=0, mSystemId=0, mCdmaRoamingIndicator=0, mCdmaDefaultRoamingIndicator=0, mIsEmergencyOnly=false, mIsDataRoamingFromRegistration=false, mIsUsingCarrierAggregation=false, mLteEarfcnRsrpBoost=0}
06-21 23:13:48.075  1487  1911 D TelephonyRegistry: notifyServiceStateForSubscriber: r={callingPackage=com.android.phone binder=android.os.BinderProxy@2a2db70 callback=com.android.internal.telephony.IPhoneStateListener$Stub$Proxy@6d3bee9 onSubscriptionsChangedListenererCallback=null callerUserId=0 subId=2147483647 phoneId=0 events=10000 canReadPhoneState=false} subId=2147483644 phoneId=1 state={mVoiceRegState=1(OUT_OF_SERVICE), mDataRegState=1(OUT_OF_SERVICE), mVoiceRoamingType=home, mDataRoamingType=home, mVoiceOperatorAlphaLong=null, mVoiceOperatorAlphaShort=null, mDataOperatorAlphaLong=null, mDataOperatorAlphaShort=null, isManualNetworkSelection=false(automatic), mRilVoiceRadioTechnology=0(Unknown), mRilDataRadioTechnology=0(Unknown), mCssIndicator=unsupported, mNetworkId=0, mSystemId=0, mCdmaRoamingIndicator=0, mCdmaDefaultRoamingIndicator=0, mIsEmergencyOnly=false, mIsDataRoamingFromRegistration=false, mIsUsingCarrierAggregation=false, mLteEarfcnRsrpBoost=0}
06-21 23:13:48.075  1487  1911 D TelephonyRegistry: handleRemoveListLocked: mRemoveList.size()=0
06-21 23:13:48.075  2142  2142 D QtiSubscriptionController: getPhoneId, received dummy subId 2147483643
06-21 23:13:48.077  2142  2142 D CallManager: registerPhone(ImsPhone Handler (com.android.internal.telephony.imsphone.ImsPhone) {208dc8b})
06-21 23:13:48.077  1487  1911 D TelephonyRegistry: listen oscl: E pkg=SubscriptionMonitor myUserId=0 callerUserId=0 callback=com.android.internal.telephony.IOnSubscriptionsChangedListener$Stub$Proxy@a9bbc7 callback.asBinder=android.os.BinderProxy@265c5f4
06-21 23:13:48.078  1487  1911 D TelephonyRegistry: listen oscl: add new record
06-21 23:13:48.078  1487  1911 D TelephonyRegistry: listen oscl:  Register r={callingPackage=SubscriptionMonitor binder=android.os.BinderProxy@265c5f4 callback=null onSubscriptionsChangedListenererCallback=com.android.internal.telephony.IOnSubscriptionsChangedListener$Stub$Proxy@a9bbc7 callerUserId=0 subId=-1 phoneId=-1 events=0 canReadPhoneState=true}
06-21 23:13:48.078  1487  1911 D TelephonyRegistry: listen oscl: hasNotifySubscriptionInfoChangedOccurred==false no callback
06-21 23:13:48.079  2142  2142 D SubscriptionController: [getPhoneId]- no sims, returning default phoneId=0
06-21 23:13:48.080  2142  2142 D QtiTelephonyComponentFactory: makeQtiPhoneSwitcher
06-21 23:13:48.081  1487  1911 D TelephonyRegistry: listen oscl: E pkg=PhoneSwitcher myUserId=0 callerUserId=0 callback=com.android.internal.telephony.IOnSubscriptionsChangedListener$Stub$Proxy@a0b6219 callback.asBinder=android.os.BinderProxy@71292de
06-21 23:13:48.081  1487  1911 D TelephonyRegistry: listen oscl: add new record
06-21 23:13:48.081  1487  1911 D TelephonyRegistry: listen oscl:  Register r={callingPackage=PhoneSwitcher binder=android.os.BinderProxy@71292de callback=null onSubscriptionsChangedListenererCallback=com.android.internal.telephony.IOnSubscriptionsChangedListener$Stub$Proxy@a0b6219 callerUserId=0 subId=-1 phoneId=-1 events=0 canReadPhoneState=true}
06-21 23:13:48.081  1487  1911 D TelephonyRegistry: listen oscl: hasNotifySubscriptionInfoChangedOccurred==false no callback
06-21 23:13:48.083  2142  2142 D PhoneSwitcher: PhoneSwitcher started
06-21 23:13:48.086  2142  2142 D ProxyController: Constructor - Enter
06-21 23:13:48.090  2142  2142 D ProxyController: clearTransaction
06-21 23:13:48.090  2142  2142 D ProxyController: clearTransaction: phoneId=0 status=IDLE
06-21 23:13:48.090  2142  2142 D ProxyController: clearTransaction: phoneId=1 status=IDLE
06-21 23:13:48.090  2142  2142 D ProxyController: Constructor - Exit
06-21 23:13:48.097  2142  2142 D TelephonyNetworkFactory[0]: Registering NetworkFactory
06-21 23:13:48.097  2142  2142 D TelephonyNetworkFactory[1]: Registering NetworkFactory
06-21 23:13:48.097  2142  2142 D QtiTelephonyComponentFactory:  makeExtTelephonyClasses 
06-21 23:13:48.098  2142  2142 D QtiUiccCardProvisioner:  Invoking constructor, no of phones = 2
06-21 23:13:48.104  2142  2142 D QtiRadioCapabilityController: getInstance
06-21 23:13:48.105  2142  2142 D QtiRadioCapabilityController: Constructor - Exit
06-21 23:13:48.106  2142  2142 D ExtTelephonyServiceImpl: init constructor 
06-21 23:13:48.107  2142  2142 D CallManager: registerPhone(GSM Handler (com.qualcomm.qti.internal.telephony.QtiGsmCdmaPhone) {378286f})
06-21 23:13:48.107  2142  2142 D CallManager: registerPhone(GSM Handler (com.qualcomm.qti.internal.telephony.QtiGsmCdmaPhone) {4202981})
06-21 23:13:48.118  2142  2142 D QcomExternalSimManager: getDefault()
06-21 23:13:48.119  2142  2142 D QcomExternalSimManager: construtor 1 parameter is called - start
06-21 23:13:48.127  2142  2142 D QcomExternalSimManager: broadcast to raise CosMaster in ExternalSimManager constructor
06-21 23:13:48.127  2142  2142 D QcomExternalSimManager: broadcastCosSocketState state: disconnected
06-21 23:13:48.128  2142  2142 D QcomExternalSimManager: construtor is called - end
06-21 23:13:48.130  2142  2142 D MzRadioManager-app: [MzRadioManager] Initialize MzRadioManager under airplane mode:0
06-21 23:13:48.130  2142  2142 D MzRadioManager-app: [MzRadioManager] Convert phoneCount 2 into bitmap 3
06-21 23:13:48.130  2142  2452 D QcomExternalSimManager: listenConnection() - start
06-21 23:13:48.163  1487  1911 D TelephonyRegistry: listen oscl: E pkg=com.android.phone myUserId=0 callerUserId=0 callback=com.android.internal.telephony.IOnSubscriptionsChangedListener$Stub$Proxy@f04d38 callback.asBinder=android.os.BinderProxy@f282111
06-21 23:13:48.163  1487  1911 D TelephonyRegistry: listen oscl: add new record
06-21 23:13:48.163  1487  1911 D TelephonyRegistry: listen oscl:  Register r={callingPackage=com.android.phone binder=android.os.BinderProxy@f282111 callback=null onSubscriptionsChangedListenererCallback=com.android.internal.telephony.IOnSubscriptionsChangedListener$Stub$Proxy@f04d38 callerUserId=0 subId=-1 phoneId=-1 events=0 canReadPhoneState=true}
06-21 23:13:48.163  1487  1911 D TelephonyRegistry: listen oscl: hasNotifySubscriptionInfoChangedOccurred==false no callback
06-21 23:13:48.164  2142  2142 D SubscriptionController: [getActiveSubInfoList] Sub Controller not ready
06-21 23:13:48.165  2142  2142 D SubscriptionController: [getActiveSubInfoList] Sub Controller not ready
06-21 23:13:48.165  2142  2442 D QtiSubscriptionController: getPhoneId, received dummy subId 2147483643
06-21 23:13:48.166  2142  2142 D RILJ    : [3668]> SET_SUPP_SVC_NOTIFICATION enable = true [SUB0]
06-21 23:13:48.166  2142  2142 D RILJ    : [3669]> SET_SUPP_SVC_NOTIFICATION enable = true [SUB1]
06-21 23:13:48.167  2142  2142 D CallManager: registerForMmiComplete
06-21 23:13:48.172  2142  2442 D QtiSubscriptionController: getPhoneId, received dummy subId 2147483644
06-21 23:13:48.175  2142  2442 D QtiSubscriptionController: getPhoneId, received dummy subId 2147483643
06-21 23:13:48.176  2142  2442 D QtiSubscriptionController: getPhoneId, received dummy subId 2147483643
06-21 23:13:48.177  2142  2257 D RILJ    : [3668]< SET_SUPP_SVC_NOTIFICATION  [SUB0]
06-21 23:13:48.180  2142  2257 D RILJ    : [3669]< SET_SUPP_SVC_NOTIFICATION  [SUB1]
06-21 23:13:48.191  2142  2142 D QtiSubscriptionController: getPhoneId, received dummy subId 2147483643
06-21 23:13:48.192  2142  2142 D QtiSubscriptionController: getPhoneId, received dummy subId 2147483644
06-21 23:13:48.195  2142  2142 D RILJ    : [3670]> RIL_REQUEST_SET_TTY_MODE ttyMode = 0 [SUB0]
06-21 23:13:48.196  2142  2142 D ImsPhone: sendErrorResponse
06-21 23:13:48.198  2142  2142 D RILJ    : [3671]> RIL_REQUEST_SET_TTY_MODE ttyMode = 0 [SUB1]
06-21 23:13:48.199  2142  2142 D ImsPhone: sendErrorResponse
06-21 23:13:48.199  1487  2153 D TelephonyRegistry: listen oscl: E pkg=com.android.phone myUserId=0 callerUserId=0 callback=com.android.internal.telephony.IOnSubscriptionsChangedListener$Stub$Proxy@eaf7d75 callback.asBinder=android.os.BinderProxy@670410a
06-21 23:13:48.199  1487  2153 D TelephonyRegistry: listen oscl: add new record
06-21 23:13:48.199  1487  2153 D TelephonyRegistry: listen oscl:  Register r={callingPackage=com.android.phone binder=android.os.BinderProxy@670410a callback=null onSubscriptionsChangedListenererCallback=com.android.internal.telephony.IOnSubscriptionsChangedListener$Stub$Proxy@eaf7d75 callerUserId=0 subId=-1 phoneId=-1 events=0 canReadPhoneState=true}
06-21 23:13:48.199  1487  2153 D TelephonyRegistry: listen oscl: hasNotifySubscriptionInfoChangedOccurred==false no callback
06-21 23:13:48.200  1487  2153 D TelephonyRegistry: listen: E pkg=com.android.phone events=0x1 notifyNow=true subId=2147483647 myUserId=0 callerUserId=0
06-21 23:13:48.200  1487  2153 D TelephonyRegistry: listen: add new record
06-21 23:13:48.200  2142  2142 D SubscriptionController: [getPhoneId] asked for default subId=2147483643
06-21 23:13:48.200  2142  2142 D QtiSubscriptionController: getPhoneId, received dummy subId 2147483643
06-21 23:13:48.200  1487  2153 D TelephonyRegistry: listen:  Register r={callingPackage=com.android.phone binder=android.os.BinderProxy@958ed7b callback=com.android.internal.telephony.IPhoneStateListener$Stub$Proxy@b5ac798 onSubscriptionsChangedListenererCallback=null callerUserId=0 subId=2147483647 phoneId=0 events=1 canReadPhoneState=false} r.subId=2147483647 phoneId=0
06-21 23:13:48.200  1487  2153 D TelephonyRegistry: validatePhoneId: true
06-21 23:13:48.200  1487  2153 D TelephonyRegistry: listen: call onSSC state={mVoiceRegState=1(OUT_OF_SERVICE), mDataRegState=1(OUT_OF_SERVICE), mVoiceRoamingType=home, mDataRoamingType=home, mVoiceOperatorAlphaLong=null, mVoiceOperatorAlphaShort=null, mDataOperatorAlphaLong=null, mDataOperatorAlphaShort=null, isManualNetworkSelection=false(automatic), mRilVoiceRadioTechnology=0(Unknown), mRilDataRadioTechnology=0(Unknown), mCssIndicator=unsupported, mNetworkId=0, mSystemId=0, mCdmaRoamingIndicator=0, mCdmaDefaultRoamingIndicator=0, mIsEmergencyOnly=false, mIsDataRoamingFromRegistration=false, mIsUsingCarrierAggregation=false, mLteEarfcnRsrpBoost=0}
06-21 23:13:48.201  1487  2153 D TelephonyRegistry: validateEventsAndUserLocked: valid=false r.callerUserId=0 foregroundUser=0 r.events=1 events=16
06-21 23:13:48.201  1487  2153 D TelephonyRegistry: validateEventsAndUserLocked: valid=false r.callerUserId=0 foregroundUser=0 r.events=1 events=1024
06-21 23:13:48.208  2142  2257 D RILJ    : [3670]< RIL_REQUEST_SET_TTY_MODE  [SUB0]
06-21 23:13:48.212  2142  2257 D RILJ    : [3671]< RIL_REQUEST_SET_TTY_MODE  [SUB1]
06-21 23:13:48.221  2142  2142 D QtiSubscriptionController: getPhoneId, received dummy subId 2147483643
06-21 23:13:48.227  2142  2142 D QtiSubscriptionController: getPhoneId, received dummy subId 2147483643
06-21 23:13:48.227  2142  2142 D QtiSubscriptionController: getPhoneId, received dummy subId 2147483644
06-21 23:13:48.227  2142  2142 D QtiSubscriptionController: getPhoneId, received dummy subId 2147483644
06-21 23:13:48.232  2142  2442 D SubscriptionController: [getActiveSubInfoList] Sub Controller not ready
06-21 23:13:48.246  2142  2142 D UiccController: Received EVENT_ICC_STATUS_CHANGED, calling getIccCardStatus
06-21 23:13:48.247  2142  2142 D RILJ    : [3672]> GET_SIM_STATUS [SUB0]
06-21 23:13:48.248  2142  2142 D UiccController: EVENT_RADIO_UNAVAILABLE, dispose card
06-21 23:13:48.248  2142  2142 D UiccController: Received EVENT_ICC_STATUS_CHANGED, calling getIccCardStatus
06-21 23:13:48.249  2142  2257 D RILJ    : responseIccCardStatus: from HIDL: IccCardState {CARDSTATE_ABSENT,PINSTATE_UNKNOWN,num_apps=0,gsm_id=-1,cdma_id=-1,ims_id=-1} [SUB0]
06-21 23:13:48.249  2142  2257 D RILJ    : [3672]< GET_SIM_STATUS IccCardState {CARDSTATE_ABSENT,PINSTATE_UNKNOWN,num_apps=0,gsm_id=-1,cdma_id=-1,ims_id=-1} [SUB0]
06-21 23:13:48.252  2142  2142 D RILJ    : [3673]> GET_SIM_STATUS [SUB1]
06-21 23:13:48.252  2142  2142 D QtiGsmCdmaPhone: handleMessage: Event: 30
06-21 23:13:48.252  2142  2142 D QtiGsmCdmaPhone: handleMessage: Event: 37
06-21 23:13:48.252  2142  2142 D Phone   : config LCE service failed: com.android.internal.telephony.CommandException: INTERNAL_ERR
06-21 23:13:48.252  2142  2142 D GsmSMSDispatcher: GsmSMSDispatcher: subId = 2147483643 slotId = 0
06-21 23:13:48.252  2142  2142 D IccCardProxy: setExternalState: !override and newstate unchanged from UNKNOWN (slot 0)
06-21 23:13:48.252  2142  2142 D IccCardProxy: setExternalState: !override and newstate unchanged from UNKNOWN (slot 0)
06-21 23:13:48.252  2142  2142 D QtiGsmCdmaPhone: handleMessage: Event: 1
06-21 23:13:48.253  2142  2142 D RILJ    : [3674]> BASEBAND_VERSION [SUB0]
06-21 23:13:48.253  2142  2142 D RILJ    : [3675]> RIL_REQUEST_DEVICE_IDENTITY [SUB0]
06-21 23:13:48.253  2142  2142 D RILJ    : [3676]> RIL_REQUEST_GET_RADIO_CAPABILITY [SUB0]
06-21 23:13:48.254  2142  2257 D RILJ    : responseIccCardStatus: from HIDL: IccCardState {CARDSTATE_ABSENT,PINSTATE_UNKNOWN,num_apps=0,gsm_id=-1,cdma_id=-1,ims_id=-1} [SUB1]
06-21 23:13:48.254  2142  2257 D RILJ    : [3673]< GET_SIM_STATUS IccCardState {CARDSTATE_ABSENT,PINSTATE_UNKNOWN,num_apps=0,gsm_id=-1,cdma_id=-1,ims_id=-1} [SUB1]
06-21 23:13:48.255  2142  2257 D RILJ    : convertHalRadioCapability: session=0, phase=0, rat=213320, logicModemUuid=0, status=1 [SUB0]
06-21 23:13:48.255  2142  2257 D RILJ    : [3676]< RIL_REQUEST_GET_RADIO_CAPABILITY {mPhoneId = 0 mVersion=1 mSession=0 mPhase=0 mRadioAccessFamily=213320 mLogicModemId=0 mStatus=1} [SUB0]
06-21 23:13:48.258  2142  2142 D RILJ    : [3677]> RIL_REQUEST_START_LCE reportIntervalMs = 200 pullMode = true [SUB0]
06-21 23:13:48.258  2142  2142 D QtiGsmCdmaPhone: handleMessage: Event: 8
06-21 23:13:48.258  2142  2142 D GsmCdmaPhone: [GsmCdmaPhone] Event EVENT_RADIO_OFF_OR_NOT_AVAILABLE Received
06-21 23:13:48.259  2142  2142 D QtiGsmCdmaPhone: handleMessage: Event: 41
06-21 23:13:48.259  2142  2142 D IccCardProxy: setExternalState: !override and newstate unchanged from UNKNOWN (slot 0)
06-21 23:13:48.259  2142  2142 D SST     : [GsmSST0] mDeviceShuttingDown=false, mDesiredPowerState=true, getRadioState=RADIO_OFF, mPowerOffDelayNeed=true, mAlarmSwitch=false, mRadioDisabledByCarrier=false
06-21 23:13:48.259  2142  2142 D RILJ    : [3678]> RADIO_POWER on = true [SUB0]
06-21 23:13:48.259  1053  1053 D RILC    : setRadioPower: serial 30 on 1
06-21 23:13:48.259  2142  2142 D SST     : [GsmSST0] pollState: modemTriggered=true
06-21 23:13:48.260  2142  2442 D QtiSubscriptionController: getPhoneId, received dummy subId 2147483643
06-21 23:13:48.261  2142  2442 D QtiSubscriptionController: getPhoneId, received dummy subId 2147483644
06-21 23:13:48.264  2142  2442 D QtiSubscriptionController: getPhoneId, received dummy subId 2147483643
06-21 23:13:48.265  2142  2442 D QtiSubscriptionController: getPhoneId, received dummy subId 2147483643
06-21 23:13:48.265  2142  2142 D SST     : [GsmSST0] Oos smooth soltId: 0, radiosState : false
06-21 23:13:48.266  2142  2142 D SST     : [GsmSST0] Oos smooth isNeedBlockOosNotify ret = false airplaneMode = false mMzBlockOosNotify = false simInserted = false isNeedBlockOosNotify = true
06-21 23:13:48.266  2142  2142 D RILJ    : [3679]> OPERATOR [SUB0]
06-21 23:13:48.267  2142  2142 D RILJ    : [3680]> DATA_REGISTRATION_STATE [SUB0]
06-21 23:13:48.268  2142  2142 D RILJ    : [3681]> VOICE_REGISTRATION_STATE [SUB0]
06-21 23:13:48.270  2142  2142 D RILJ    : [3682]> QUERY_NETWORK_SELECTION_MODE [SUB0]
06-21 23:13:48.270  2142  2257 D RILJ    : [3674]< BASEBAND_VERSION 4.0.c2-00812.1-SDM845_GEN_PACK-1 [SUB0]
06-21 23:13:48.270  2142  2142 D SST     : [GsmSST0] mDeviceShuttingDown=false, mDesiredPowerState=true, getRadioState=RADIO_OFF, mPowerOffDelayNeed=true, mAlarmSwitch=false, mRadioDisabledByCarrier=false
06-21 23:13:48.270  2142  2257 D RILJ    : [3679]< OPERATOR {, , } [SUB0]
06-21 23:13:48.271  2142  2257 D RILJ    : [3675]< RIL_REQUEST_DEVICE_IDENTITY {866778030012110, 00, 805B603E, 86677803001211} [SUB0]
06-21 23:13:48.271  1053  1275 I RILQ    : (0/1053):RIL[0][(1053,1275)] qcril_qmi_nas_reset_data_snapshot_cache_and_timer: Resetting snapshot timer
06-21 23:13:48.272  2142  2142 D RILJ    : [3683]> RADIO_POWER on = true [SUB0]
06-21 23:13:48.272  2142  2142 D SST     : [GsmSST0] pollState: modemTriggered=true
06-21 23:13:48.272  2142  2142 D SST     : [GsmSST0] Oos smooth soltId: 0, radiosState : false
06-21 23:13:48.272  2142  2257 D RILJ    : [3680]< DATA_REGISTRATION_STATE {.regState = NOT_REG_MT_NOT_SEARCHING_OP, .rat = 0, .reasonDataDenied = 0, .maxDataCalls = 20, .cellIdentity = {.cellInfoType = NONE, .cellIdentityGsm = [], .cellIdentityWcdma = [], .cellIdentityCdma = [], .cellIdentityLte = [], .cellIdentityTdscdma = []}} [SUB0]
06-21 23:13:48.273  2142  2142 D SST     : [GsmSST0] Oos smooth isNeedBlockOosNotify ret = false airplaneMode = false mMzBlockOosNotify = false simInserted = false isNeedBlockOosNotify = true
06-21 23:13:48.274  1053  1053 D RILC    : setRadioPower: serial 35 on 1
06-21 23:13:48.274  2142  2142 D RILJ    : [3684]> OPERATOR [SUB0]
06-21 23:13:48.274  2142  2142 D RILJ    : [3685]> DATA_REGISTRATION_STATE [SUB0]
06-21 23:13:48.275  2142  2142 D RILJ    : [3686]> VOICE_REGISTRATION_STATE [SUB0]
06-21 23:13:48.275  2142  2142 D RILJ    : [3687]> QUERY_NETWORK_SELECTION_MODE [SUB0]
06-21 23:13:48.275  2142  2142 I CSST    : PrefNetworkNotification: sendMessage() w/values: ,false,-1,false,false
06-21 23:13:48.276  2142  2142 I CSST    : canceling notifications: 1000
06-21 23:13:48.276  2142  2142 D Phone   : isWifiCallingEnabled =false
06-21 23:13:48.276  2142  2142 D CSST    : isPhoneRegisteredForWifiCalling: false
06-21 23:13:48.276  2142  2142 D Phone   : isWifiCallingEnabled =false
06-21 23:13:48.276  2142  2142 I CSST    : EmergencyNetworkNotification: sendMessage() w/values: ,false,-1,false,false
06-21 23:13:48.276  2142  2142 I CSST    : canceling notifications: 1001
06-21 23:13:48.276  2142  2142 I CSST    : PrefNetworkNotification: sendMessage() w/values: ,false,-1,false,false
06-21 23:13:48.276  2142  2142 I CSST    : canceling notifications: 1000
06-21 23:13:48.276  2142  2142 D Phone   : isWifiCallingEnabled =false
06-21 23:13:48.276  2142  2142 D CSST    : isPhoneRegisteredForWifiCalling: false
06-21 23:13:48.276  2142  2142 D Phone   : isWifiCallingEnabled =false
06-21 23:13:48.276  2142  2142 I CSST    : EmergencyNetworkNotification: sendMessage() w/values: ,false,-1,false,false
06-21 23:13:48.276  2142  2142 I CSST    : canceling notifications: 1001
06-21 23:13:48.277  2142  2142 D QtiGsmDCT: [0]QtiDcTracker handleMessage msg={ when=-461ms what=270369 obj=android.os.AsyncResult@5d77c6b target=com.qualcomm.qti.internal.telephony.dataconnection.QtiDcTracker }
06-21 23:13:48.277  2142  2142 D QtiGsmDCT: [0]handleMessage msg={ when=-462ms what=270369 obj=android.os.AsyncResult@5d77c6b target=com.qualcomm.qti.internal.telephony.dataconnection.QtiDcTracker }
06-21 23:13:48.277  2142  2142 D QtiGsmDCT: [0]QtiDcTracker handleMessage msg={ when=-451ms what=270337 obj=android.os.AsyncResult@a6ac3c8 target=com.qualcomm.qti.internal.telephony.dataconnection.QtiDcTracker }
06-21 23:13:48.277  2142  2142 D QtiGsmDCT: [0]handleMessage msg={ when=-451ms what=270337 obj=android.os.AsyncResult@a6ac3c8 target=com.qualcomm.qti.internal.telephony.dataconnection.QtiDcTracker }
06-21 23:13:48.277  2142  2142 D QtiGsmDCT: [0]onRadioAvailable
06-21 23:13:48.277  2142  2142 D QtiGsmDCT: [0]overall state is IDLE
06-21 23:13:48.277  2142  2142 D QtiGsmDCT: [0]QtiDcTracker handleMessage msg={ when=-451ms what=270342 obj=android.os.AsyncResult@bcc7c61 target=com.qualcomm.qti.internal.telephony.dataconnection.QtiDcTracker }
06-21 23:13:48.277  2142  2142 D QtiGsmDCT: [0]handleMessage msg={ when=-451ms what=270342 obj=android.os.AsyncResult@bcc7c61 target=com.qualcomm.qti.internal.telephony.dataconnection.QtiDcTracker }
06-21 23:13:48.277  2142  2142 D QtiGsmDCT: [0]onRadioOffOrNotAvailable: is off and clean up all connections
06-21 23:13:48.277  2142  2142 D QtiGsmDCT: [0]cleanUpAllConnections: tearDown=false reason=radioTurnedOff
06-21 23:13:48.277  2142  2142 D QtiGsmDCT: [0]cleanUpConnection: tearDown=false reason=radioTurnedOff apnContext={mApnType=default mState=IDLE mWaitingApns={null} mApnSetting={null} mReason=radioTurnedOff mDataEnabled=false mDependencyMet=true}
06-21 23:13:48.278  2142  2142 D GsmCdmaPhone: [GsmCdmaPhone] getDataConnectionState apnType=default ret=DISCONNECTED
06-21 23:13:48.279  2142  2142 D QtiGsmDCT: [0]isEmergency: result=false
06-21 23:13:48.279  2142  2142 D QtiGsmDCT: [0]get active apn string for type:default
06-21 23:13:48.279  2142  2142 D QtiSubscriptionController: getPhoneId, received dummy subId 2147483643
06-21 23:13:48.280  1487  1911 D TelephonyRegistry: notifyDataConnectionForSubscriber: subId=2147483643 state=0 isDataAllowed=false reason='radioTurnedOff' apn='null' apnType=default networkType=0 mRecords.size()=20
06-21 23:13:48.280  2142  2142 D QtiSubscriptionController: getPhoneId, received dummy subId 2147483643
06-21 23:13:48.280  1487  1911 D TelephonyRegistry: validatePhoneId: true
06-21 23:13:48.280  1487  1911 D TelephonyRegistry: handleRemoveListLocked: mRemoveList.size()=0
06-21 23:13:48.283  1053  1275 I RILQ    : (0/1053):RIL[0][(1053,1275)] qcril_qmi_nas_reset_data_snapshot_cache_and_timer: Resetting snapshot timer
06-21 23:13:48.283  1053  1387 E RILQ    : (0/1053): RIL[0][(1053,1387)] qcril_data_lqe_start: Received invalid LCE status from modem
06-21 23:13:48.283  1053  1387 E RILQ    : (0/1053): RIL[0][(1053,1387)] qcril_data_lqe_start: respond to QCRIL as generic failure
06-21 23:13:48.285  2142  2257 D RILJ    : [3677]< RIL_REQUEST_START_LCE error 38 [SUB0]
06-21 23:13:48.285  2142  2257 D RilRequest: [3677]< RIL_REQUEST_START_LCE error: com.android.internal.telephony.CommandException: INTERNAL_ERR ret=[0, 0]
06-21 23:13:48.285  2142  2257 D RILJ    : [3681]< VOICE_REGISTRATION_STATE {.regState = NOT_REG_MT_SEARCHING_OP, .rat = 0, .cssSupported = false, .roamingIndicator = -1, .systemIsInPrl = -1, .defaultRoamingIndicator = -1, .reasonForDenial = 0, .cellIdentity = {.cellInfoType = NONE, .cellIdentityGsm = [], .cellIdentityWcdma = [], .cellIdentityCdma = [], .cellIdentityLte = [], .cellIdentityTdscdma = []}} [SUB0]
06-21 23:13:48.286  2142  2257 D RILJ    : [3682]< QUERY_NETWORK_SELECTION_MODE {0} [SUB0]
06-21 23:13:48.286  2142  2442 D QtiSubscriptionController: getPhoneId, received dummy subId 2147483643
06-21 23:13:48.286  2142  2142 D QtiGsmDCT: [0]cleanUpConnection: X tearDown=false reason=radioTurnedOff apnContext={mApnType=default mState=IDLE mWaitingApns={null} mApnSetting={null} mReason=radioTurnedOff mDataEnabled=false mDependencyMet=true} dcac=null
06-21 23:13:48.286  2142  2142 D QtiGsmDCT: [0]cleanUpConnection: tearDown=false reason=radioTurnedOff apnContext={mApnType=mms mState=IDLE mWaitingApns={null} mApnSetting={null} mReason=radioTurnedOff mDataEnabled=false mDependencyMet=true}
06-21 23:13:48.286  2142  2142 D GsmCdmaPhone: [GsmCdmaPhone] getDataConnectionState apnType=mms ret=DISCONNECTED
06-21 23:13:48.287  2142  2442 D QtiSubscriptionController: getPhoneId, received dummy subId 2147483643
06-21 23:13:48.287  2142  2257 D RILJ    : [3684]< OPERATOR {, , } [SUB0]
06-21 23:13:48.288  1053  1275 I RILQ    : (0/1053):RIL[0][(1053,1275)] qcril_qmi_nas_reset_data_snapshot_cache_and_timer: Resetting snapshot timer
06-21 23:13:48.288  2142  2442 D QtiSubscriptionController: getPhoneId, received dummy subId 2147483643
06-21 23:13:48.288  2142  2442 I chatty  : uid=1001(radio) Binder:2142_5 identical 1 line
06-21 23:13:48.289  2142  2442 D QtiSubscriptionController: getPhoneId, received dummy subId 2147483643
06-21 23:13:48.289  2142  2442 D QtiGsmDCT: [0]getDataEnabled: retVal=true
06-21 23:13:48.290  2142  2442 D QtiSubscriptionController: getPhoneId, received dummy subId 2147483643
06-21 23:13:48.290  2142  2442 D QtiGsmDCT: [0]getDataEnabled: retVal=true
06-21 23:13:48.291  2142  2257 D RILJ    : [3685]< DATA_REGISTRATION_STATE {.regState = NOT_REG_MT_SEARCHING_OP, .rat = 0, .reasonDataDenied = 0, .maxDataCalls = 20, .cellIdentity = {.cellInfoType = NONE, .cellIdentityGsm = [], .cellIdentityWcdma = [], .cellIdentityCdma = [], .cellIdentityLte = [], .cellIdentityTdscdma = []}} [SUB0]
06-21 23:13:48.293  1197  1258 I RILQ    : (1/1197):RIL[1][(1197,1258)] qcril_qmi_nas_reset_data_snapshot_cache_and_timer: Resetting snapshot timer
06-21 23:13:48.296  1197  1258 I RILQ    : (1/1197):RIL[1][(1197,1258)] qcril_qmi_nas_reset_data_snapshot_cache_and_timer: Resetting snapshot timer
06-21 23:13:48.296  1053  1275 I RILQ    : (0/1053):RIL[0][(1053,1275)] qcril_qmi_nas_reset_data_snapshot_cache_and_timer: Resetting snapshot timer
06-21 23:13:48.297  2142  2142 D QtiGsmDCT: [0]isEmergency: result=false
06-21 23:13:48.297  1053  1275 I RILQ    : (0/1053):RIL[0][(1053,1275)] qcril_qmi_nas_reset_data_snapshot_cache_and_timer: Resetting snapshot timer
06-21 23:13:48.298  1197  1258 I RILQ    : (1/1197):RIL[1][(1197,1258)] qcril_qmi_nas_dms_op_state_update_handler: reported op mode ONLINE
06-21 23:13:48.298  2142  2142 D QtiGsmDCT: [0]get active apn string for type:mms
06-21 23:13:48.299  2142  2142 D QtiSubscriptionController: getPhoneId, received dummy subId 2147483643
06-21 23:13:48.299  1487  1911 D TelephonyRegistry: notifyDataConnectionForSubscriber: subId=2147483643 state=0 isDataAllowed=false reason='radioTurnedOff' apn='null' apnType=mms networkType=0 mRecords.size()=20
06-21 23:13:48.300  2142  2257 D RILJ    : Unsol response received; Sending ack to ril.cpp [SUB1]
06-21 23:13:48.300  2142  2257 D RILJ    : [UNSL]< UNSOL_RESPONSE_NETWORK_STATE_CHANGED [SUB1]
06-21 23:13:48.300  2142  2257 W SignalStrength: initialize: SignalStrength: 99 0 -1 -1 -1 -1 -1 99 2147483647 2147483647 2147483647 2147483647 0 2147483647 cdma 0
06-21 23:13:48.301  2142  2142 D QtiSubscriptionController: getPhoneId, received dummy subId 2147483643
06-21 23:13:48.305  1197  1258 I RILQ    : (1/1197):RIL[1][(1197,1258)] qcril_qmi_nas_reset_data_snapshot_cache_and_timer: Resetting snapshot timer
06-21 23:13:48.305  2142  2257 D RILJ    : Unsol response received; Sending ack to ril.cpp [SUB0]
06-21 23:13:48.305  2142  2257 D RILJ    : [UNSL]< UNSOL_RESPONSE_NETWORK_STATE_CHANGED [SUB0]
06-21 23:13:48.305  1053  1275 I RILQ    : (0/1053):RIL[0][(1053,1275)] qcril_qmi_nas_dms_op_state_update_handler: reported op mode ONLINE
06-21 23:13:48.305  1053  1275 I RILQ    : (0/1053):RIL[0][(1053,1275)] qcril_qmi_nas_dms_op_state_update_handler: expected op mode ONLINE
06-21 23:13:48.305  2142  2257 W SignalStrength: initialize: SignalStrength: 99 0 -1 -1 -1 -1 -1 99 2147483647 2147483647 2147483647 2147483647 0 2147483647 cdma 0
06-21 23:13:48.307  1487  1911 D TelephonyRegistry: validatePhoneId: true
06-21 23:13:48.307  1487  1911 D TelephonyRegistry: handleRemoveListLocked: mRemoveList.size()=0
06-21 23:13:48.310  2142  2257 D RILJ    : Unsol response received; Sending ack to ril.cpp [SUB1]
06-21 23:13:48.310  2142  2257 D RILJ    : [UNSL]< UNSOL_RESPONSE_NETWORK_STATE_CHANGED [SUB1]
06-21 23:13:48.310  1053  1275 I RILQ    : (0/1053):RIL[0][(1053,1275)] qcril_qmi_nas_reset_data_snapshot_cache_and_timer: Resetting snapshot timer
06-21 23:13:48.311  1197  1258 E RILQ    : (1/1197): RIL[1][(1197,1258)] get_ecc_property_name: ecc list name : ril.ecclist1.
06-21 23:13:48.311  2142  2142 D QtiGsmDCT: [0]cleanUpConnection: X tearDown=false reason=radioTurnedOff apnContext={mApnType=mms mState=IDLE mWaitingApns={null} mApnSetting={null} mReason=radioTurnedOff mDataEnabled=false mDependencyMet=true} dcac=null
06-21 23:13:48.311  2142  2142 D QtiGsmDCT: [0]cleanUpConnection: tearDown=false reason=radioTurnedOff apnContext={mApnType=cbs mState=IDLE mWaitingApns={null} mApnSetting={null} mReason=radioTurnedOff mDataEnabled=false mDependencyMet=true}
06-21 23:13:48.311  2142  2142 D GsmCdmaPhone: [GsmCdmaPhone] getDataConnectionState apnType=cbs ret=DISCONNECTED
06-21 23:13:48.313  2142  2142 D QtiGsmDCT: [0]isEmergency: result=false
06-21 23:13:48.313  2142  2142 D QtiGsmDCT: [0]get active apn string for type:cbs
06-21 23:13:48.315  2142  2257 D RILJ    : Unsol response received; Sending ack to ril.cpp [SUB0]
06-21 23:13:48.315  2142  2257 D RILJ    : [UNSL]< UNSOL_RESPONSE_NETWORK_STATE_CHANGED [SUB0]
06-21 23:13:48.315  2142  2142 D QtiSubscriptionController: getPhoneId, received dummy subId 2147483643
06-21 23:13:48.315  1487  1911 D TelephonyRegistry: notifyDataConnectionForSubscriber: subId=2147483643 state=0 isDataAllowed=false reason='radioTurnedOff' apn='null' apnType=cbs networkType=0 mRecords.size()=20
06-21 23:13:48.316  2142  2142 D QtiSubscriptionController: getPhoneId, received dummy subId 2147483643
06-21 23:13:48.316  1487  1911 D TelephonyRegistry: validatePhoneId: true
06-21 23:13:48.316  1487  1911 D TelephonyRegistry: handleRemoveListLocked: mRemoveList.size()=0
06-21 23:13:48.316  2142  2142 D QtiGsmDCT: [0]cleanUpConnection: X tearDown=false reason=radioTurnedOff apnContext={mApnType=cbs mState=IDLE mWaitingApns={null} mApnSetting={null} mReason=radioTurnedOff mDataEnabled=false mDependencyMet=true} dcac=null
06-21 23:13:48.316  2142  2142 D QtiGsmDCT: [0]cleanUpConnection: tearDown=false reason=radioTurnedOff apnContext={mApnType=fota mState=IDLE mWaitingApns={null} mApnSetting={null} mReason=radioTurnedOff mDataEnabled=false mDependencyMet=true}
06-21 23:13:48.316  2142  2142 D GsmCdmaPhone: [GsmCdmaPhone] getDataConnectionState apnType=fota ret=DISCONNECTED
06-21 23:13:48.317  2142  2142 D QtiGsmDCT: [0]isEmergency: result=false
06-21 23:13:48.317  2142  2142 D QtiGsmDCT: [0]get active apn string for type:fota
06-21 23:13:48.317  2142  2142 D QtiSubscriptionController: getPhoneId, received dummy subId 2147483643
06-21 23:13:48.318  1487  1911 D TelephonyRegistry: notifyDataConnectionForSubscriber: subId=2147483643 state=0 isDataAllowed=false reason='radioTurnedOff' apn='null' apnType=fota networkType=0 mRecords.size()=20
06-21 23:13:48.318  2142  2142 D QtiSubscriptionController: getPhoneId, received dummy subId 2147483643
06-21 23:13:48.318  1487  1911 D TelephonyRegistry: validatePhoneId: true
06-21 23:13:48.318  1487  1911 D TelephonyRegistry: handleRemoveListLocked: mRemoveList.size()=0
06-21 23:13:48.319  2142  2142 D QtiGsmDCT: [0]cleanUpConnection: X tearDown=false reason=radioTurnedOff apnContext={mApnType=fota mState=IDLE mWaitingApns={null} mApnSetting={null} mReason=radioTurnedOff mDataEnabled=false mDependencyMet=true} dcac=null
06-21 23:13:48.319  2142  2142 D QtiGsmDCT: [0]cleanUpConnection: tearDown=false reason=radioTurnedOff apnContext={mApnType=supl mState=IDLE mWaitingApns={null} mApnSetting={null} mReason=radioTurnedOff mDataEnabled=false mDependencyMet=true}
06-21 23:13:48.319  2142  2142 D GsmCdmaPhone: [GsmCdmaPhone] getDataConnectionState apnType=supl ret=DISCONNECTED
06-21 23:13:48.320  1197  1258 E RILQ    : (1/1197): RIL[1][(1197,1258)] get_ecc_property_name: ecc list name : ril.ecclist1.
06-21 23:13:48.321  1053  1275 I RILQ    : (0/1053):RIL[0][(1053,1275)] qcril_qmi_nas_reset_data_snapshot_cache_and_timer: Resetting snapshot timer
06-21 23:13:48.323  2142  2257 D RILJ    : [3686]< VOICE_REGISTRATION_STATE {.regState = NOT_REG_MT_SEARCHING_OP, .rat = 0, .cssSupported = false, .roamingIndicator = -1, .systemIsInPrl = -1, .defaultRoamingIndicator = -1, .reasonForDenial = 0, .cellIdentity = {.cellInfoType = NONE, .cellIdentityGsm = [], .cellIdentityWcdma = [], .cellIdentityCdma = [], .cellIdentityLte = [], .cellIdentityTdscdma = []}} [SUB0]
06-21 23:13:48.323  2142  2142 D QtiGsmDCT: [0]isEmergency: result=false
06-21 23:13:48.323  2142  2142 D QtiGsmDCT: [0]get active apn string for type:supl
06-21 23:13:48.324  2142  2257 D RILJ    : [3687]< QUERY_NETWORK_SELECTION_MODE {0} [SUB0]
06-21 23:13:48.325  2142  2142 D QtiSubscriptionController: getPhoneId, received dummy subId 2147483643
06-21 23:13:48.325  1487  2170 D TelephonyRegistry: notifyDataConnectionForSubscriber: subId=2147483643 state=0 isDataAllowed=false reason='radioTurnedOff' apn='null' apnType=supl networkType=0 mRecords.size()=20
06-21 23:13:48.326  2142  2142 D QtiSubscriptionController: getPhoneId, received dummy subId 2147483643
06-21 23:13:48.326  1487  2170 D TelephonyRegistry: validatePhoneId: true
06-21 23:13:48.326  1487  2170 D TelephonyRegistry: handleRemoveListLocked: mRemoveList.size()=0
06-21 23:13:48.327  2142  2142 D QtiGsmDCT: [0]cleanUpConnection: X tearDown=false reason=radioTurnedOff apnContext={mApnType=supl mState=IDLE mWaitingApns={null} mApnSetting={null} mReason=radioTurnedOff mDataEnabled=false mDependencyMet=true} dcac=null
06-21 23:13:48.327  2142  2142 D QtiGsmDCT: [0]cleanUpConnection: tearDown=false reason=radioTurnedOff apnContext={mApnType=emergency mState=IDLE mWaitingApns={null} mApnSetting={null} mReason=radioTurnedOff mDataEnabled=false mDependencyMet=true}
06-21 23:13:48.327  2142  2142 D GsmCdmaPhone: [GsmCdmaPhone] getDataConnectionState apnType=emergency ret=DISCONNECTED
06-21 23:13:48.327  1053  1275 E RILQ    : (0/1053): RIL[0][(1053,1275)] get_ecc_property_name: ecc list name : ril.ecclist.
06-21 23:13:48.328  2142  2142 D QtiGsmDCT: [0]isEmergency: result=false
06-21 23:13:48.328  2142  2142 D QtiGsmDCT: [0]get active apn string for type:emergency
06-21 23:13:48.328  1197  1258 E RILQ    : (1/1197): RIL[1][(1197,1258)] get_ecc_property_name: ecc list name : ril.ecclist1.
06-21 23:13:48.328  2142  2142 D QtiSubscriptionController: getPhoneId, received dummy subId 2147483643
06-21 23:13:48.328  1197  1258 E RILQ    : (1/1197): RIL[1][(1197,1258)] get_ecc_property_name: ecc list name : ril.ecclist1.
06-21 23:13:48.329  1487  2170 D TelephonyRegistry: notifyDataConnectionForSubscriber: subId=2147483643 state=0 isDataAllowed=false reason='radioTurnedOff' apn='null' apnType=emergency networkType=0 mRecords.size()=20
06-21 23:13:48.329  1197  1258 E RILQ    : (1/1197): RIL[1][(1197,1258)] get_ecc_property_name: ecc list name : ril.ecclist1.
06-21 23:13:48.329  2142  2142 D QtiSubscriptionController: getPhoneId, received dummy subId 2147483643
06-21 23:13:48.329  1487  2170 D TelephonyRegistry: validatePhoneId: true
06-21 23:13:48.329  1487  2170 D TelephonyRegistry: handleRemoveListLocked: mRemoveList.size()=0
06-21 23:13:48.331  2142  2142 D QtiGsmDCT: [0]cleanUpConnection: X tearDown=false reason=radioTurnedOff apnContext={mApnType=emergency mState=IDLE mWaitingApns={null} mApnSetting={null} mReason=radioTurnedOff mDataEnabled=false mDependencyMet=true} dcac=null
06-21 23:13:48.331  2142  2142 D QtiGsmDCT: [0]cleanUpConnection: tearDown=false reason=radioTurnedOff apnContext={mApnType=dun mState=IDLE mWaitingApns={null} mApnSetting={null} mReason=radioTurnedOff mDataEnabled=false mDependencyMet=true}
06-21 23:13:48.331  2142  2142 D GsmCdmaPhone: [GsmCdmaPhone] getDataConnectionState apnType=dun ret=DISCONNECTED
06-21 23:13:48.332  1197  1258 E RILQ    : (1/1197): RIL[1][(1197,1258)] get_ecc_property_name: ecc list name : ril.ecclist1.
06-21 23:13:48.332  1053  1275 E RILQ    : (0/1053): RIL[0][(1053,1275)] get_ecc_property_name: ecc list name : ril.ecclist.
06-21 23:13:48.333  2142  2142 D QtiGsmDCT: [0]isEmergency: result=false
06-21 23:13:48.334  2142  2142 D QtiGsmDCT: [0]get active apn string for type:dun
06-21 23:13:48.335  2142  2142 D QtiSubscriptionController: getPhoneId, received dummy subId 2147483643
06-21 23:13:48.336  1487  2170 D TelephonyRegistry: notifyDataConnectionForSubscriber: subId=2147483643 state=0 isDataAllowed=false reason='radioTurnedOff' apn='null' apnType=dun networkType=0 mRecords.size()=20
06-21 23:13:48.336  1053  1275 E RILQ    : (0/1053): RIL[0][(1053,1275)] get_ecc_property_name: ecc list name : ril.ecclist.
06-21 23:13:48.337  2142  2142 D QtiSubscriptionController: getPhoneId, received dummy subId 2147483643
06-21 23:13:48.337  1487  2170 D TelephonyRegistry: validatePhoneId: true
06-21 23:13:48.337  1487  2170 D TelephonyRegistry: handleRemoveListLocked: mRemoveList.size()=0
06-21 23:13:48.337  1053  1275 E RILQ    : (0/1053): RIL[0][(1053,1275)] get_ecc_property_name: ecc list name : ril.ecclist.
06-21 23:13:48.338  2142  2142 D QtiGsmDCT: [0]cleanUpConnection: X tearDown=false reason=radioTurnedOff apnContext={mApnType=dun mState=IDLE mWaitingApns={null} mApnSetting={null} mReason=radioTurnedOff mDataEnabled=false mDependencyMet=true} dcac=null
06-21 23:13:48.338  2142  2142 D QtiGsmDCT: [0]cleanUpConnection: tearDown=false reason=radioTurnedOff apnContext={mApnType=hipri mState=IDLE mWaitingApns={null} mApnSetting={null} mReason=radioTurnedOff mDataEnabled=false mDependencyMet=true}
06-21 23:13:48.338  2142  2142 D GsmCdmaPhone: [GsmCdmaPhone] getDataConnectionState apnType=hipri ret=DISCONNECTED
06-21 23:13:48.338  2142  2142 D QtiGsmDCT: [0]isEmergency: result=false
06-21 23:13:48.338  2142  2142 D QtiGsmDCT: [0]get active apn string for type:hipri
06-21 23:13:48.339  2142  2142 D QtiSubscriptionController: getPhoneId, received dummy subId 2147483643
06-21 23:13:48.339  1487  2170 D TelephonyRegistry: notifyDataConnectionForSubscriber: subId=2147483643 state=0 isDataAllowed=false reason='radioTurnedOff' apn='null' apnType=hipri networkType=0 mRecords.size()=20
06-21 23:13:48.340  2142  2142 D QtiSubscriptionController: getPhoneId, received dummy subId 2147483643
06-21 23:13:48.340  1487  2170 D TelephonyRegistry: validatePhoneId: true
06-21 23:13:48.340  1487  2170 D TelephonyRegistry: handleRemoveListLocked: mRemoveList.size()=0
06-21 23:13:48.341  2142  2142 D QtiGsmDCT: [0]cleanUpConnection: X tearDown=false reason=radioTurnedOff apnContext={mApnType=hipri mState=IDLE mWaitingApns={null} mApnSetting={null} mReason=radioTurnedOff mDataEnabled=false mDependencyMet=true} dcac=null
06-21 23:13:48.341  2142  2142 D QtiGsmDCT: [0]cleanUpConnection: tearDown=false reason=radioTurnedOff apnContext={mApnType=ims mState=IDLE mWaitingApns={null} mApnSetting={null} mReason=radioTurnedOff mDataEnabled=false mDependencyMet=true}
06-21 23:13:48.341  2142  2142 D GsmCdmaPhone: [GsmCdmaPhone] getDataConnectionState apnType=ims ret=DISCONNECTED
06-21 23:13:48.342  2142  2142 D QtiGsmDCT: [0]isEmergency: result=false
06-21 23:13:48.342  2142  2142 D QtiGsmDCT: [0]get active apn string for type:ims
06-21 23:13:48.343  2142  2142 D QtiSubscriptionController: getPhoneId, received dummy subId 2147483643
06-21 23:13:48.343  1487  2170 D TelephonyRegistry: notifyDataConnectionForSubscriber: subId=2147483643 state=0 isDataAllowed=false reason='radioTurnedOff' apn='null' apnType=ims networkType=0 mRecords.size()=20
06-21 23:13:48.343  2142  2142 D QtiSubscriptionController: getPhoneId, received dummy subId 2147483643
06-21 23:13:48.343  1487  2170 D TelephonyRegistry: validatePhoneId: true
06-21 23:13:48.343  1487  2170 D TelephonyRegistry: handleRemoveListLocked: mRemoveList.size()=0
06-21 23:13:48.344  2142  2142 D QtiGsmDCT: [0]cleanUpConnection: X tearDown=false reason=radioTurnedOff apnContext={mApnType=ims mState=IDLE mWaitingApns={null} mApnSetting={null} mReason=radioTurnedOff mDataEnabled=false mDependencyMet=true} dcac=null
06-21 23:13:48.344  2142  2142 D QtiGsmDCT: [0]stopNetStatPoll
06-21 23:13:48.344  2142  2142 D QtiSubscriptionController: getPhoneId, received dummy subId 2147483643
06-21 23:13:48.344  1487  2170 D TelephonyRegistry: validatePhoneId: true
06-21 23:13:48.344  1487  2170 D TelephonyRegistry: handleRemoveListLocked: mRemoveList.size()=0
06-21 23:13:48.344  2142  2142 D QtiGsmDCT: [0]cleanUpConnection: mDisconnectPendingCount = 0
06-21 23:13:48.344  2142  2142 D QtiGsmDCT: [0]notifyOffApnOfAvailability type:default
06-21 23:13:48.345  2142  2142 D QtiGsmDCT: [0]isEmergency: result=false
06-21 23:13:48.345  2142  2142 D QtiGsmDCT: [0]get active apn string for type:default
06-21 23:13:48.345  2142  2142 D QtiSubscriptionController: getPhoneId, received dummy subId 2147483643
06-21 23:13:48.346  1487  2170 D TelephonyRegistry: notifyDataConnectionForSubscriber: subId=2147483643 state=0 isDataAllowed=false reason='radioTurnedOff' apn='null' apnType=default networkType=0 mRecords.size()=20
06-21 23:13:48.346  2142  2142 D QtiSubscriptionController: getPhoneId, received dummy subId 2147483643
06-21 23:13:48.346  1487  2170 D TelephonyRegistry: validatePhoneId: true
06-21 23:13:48.346  1487  2170 D TelephonyRegistry: handleRemoveListLocked: mRemoveList.size()=0
06-21 23:13:48.346  2142  2142 D QtiGsmDCT: [0]notifyOffApnOfAvailability type:mms
06-21 23:13:48.350  2142  2442 D QtiSubscriptionController: getPhoneId, received dummy subId 2147483643
06-21 23:13:48.351  2142  2442 I chatty  : uid=1001(radio) Binder:2142_5 identical 2 lines
06-21 23:13:48.351  2142  2442 D QtiSubscriptionController: getPhoneId, received dummy subId 2147483643
06-21 23:13:48.352  2142  2142 D QtiGsmDCT: [0]isEmergency: result=false
06-21 23:13:48.352  2142  2142 D QtiGsmDCT: [0]get active apn string for type:mms
06-21 23:13:48.352  2142  2442 D QtiSubscriptionController: getPhoneId, received dummy subId 2147483643
06-21 23:13:48.352  2142  2442 D QtiGsmDCT: [0]getDataEnabled: retVal=true
06-21 23:13:48.353  2142  2442 D QtiSubscriptionController: getPhoneId, received dummy subId 2147483643
06-21 23:13:48.353  2142  2442 D QtiGsmDCT: [0]getDataEnabled: retVal=true
06-21 23:13:48.353  2142  2142 D QtiSubscriptionController: getPhoneId, received dummy subId 2147483643
06-21 23:13:48.353  1487  1911 D TelephonyRegistry: notifyDataConnectionForSubscriber: subId=2147483643 state=0 isDataAllowed=false reason='radioTurnedOff' apn='null' apnType=mms networkType=0 mRecords.size()=20
06-21 23:13:48.354  2142  2142 D QtiSubscriptionController: getPhoneId, received dummy subId 2147483643
06-21 23:13:48.354  1487  1911 D TelephonyRegistry: validatePhoneId: true
06-21 23:13:48.355  1487  1911 D TelephonyRegistry: handleRemoveListLocked: mRemoveList.size()=0
06-21 23:13:48.355  2142  2142 D QtiGsmDCT: [0]notifyOffApnOfAvailability type:cbs
06-21 23:13:48.356  2142  2142 D QtiGsmDCT: [0]isEmergency: result=false
06-21 23:13:48.356  2142  2142 D QtiGsmDCT: [0]get active apn string for type:cbs
06-21 23:13:48.356  2142  2142 D QtiSubscriptionController: getPhoneId, received dummy subId 2147483643
06-21 23:13:48.357  1487  1911 D TelephonyRegistry: notifyDataConnectionForSubscriber: subId=2147483643 state=0 isDataAllowed=false reason='radioTurnedOff' apn='null' apnType=cbs networkType=0 mRecords.size()=20
06-21 23:13:48.359  2142  2142 D QtiSubscriptionController: getPhoneId, received dummy subId 2147483643
06-21 23:13:48.359  1487  1911 D TelephonyRegistry: validatePhoneId: true
06-21 23:13:48.359  1487  1911 D TelephonyRegistry: handleRemoveListLocked: mRemoveList.size()=0
06-21 23:13:48.360  2142  2142 D QtiGsmDCT: [0]notifyOffApnOfAvailability type:fota
06-21 23:13:48.361  2142  2142 D QtiGsmDCT: [0]isEmergency: result=false
06-21 23:13:48.361  2142  2142 D QtiGsmDCT: [0]get active apn string for type:fota
06-21 23:13:48.361  2142  2142 D QtiSubscriptionController: getPhoneId, received dummy subId 2147483643
06-21 23:13:48.361  1487  1911 D TelephonyRegistry: notifyDataConnectionForSubscriber: subId=2147483643 state=0 isDataAllowed=false reason='radioTurnedOff' apn='null' apnType=fota networkType=0 mRecords.size()=20
06-21 23:13:48.361  2142  2142 D QtiSubscriptionController: getPhoneId, received dummy subId 2147483643
06-21 23:13:48.362  1487  1911 D TelephonyRegistry: validatePhoneId: true
06-21 23:13:48.362  1487  1911 D TelephonyRegistry: handleRemoveListLocked: mRemoveList.size()=0
06-21 23:13:48.362  2142  2142 D QtiGsmDCT: [0]notifyOffApnOfAvailability type:supl
06-21 23:13:48.363  2142  2142 D QtiGsmDCT: [0]isEmergency: result=false
06-21 23:13:48.363  2142  2142 D QtiGsmDCT: [0]get active apn string for type:supl
06-21 23:13:48.363  2142  2142 D QtiSubscriptionController: getPhoneId, received dummy subId 2147483643
06-21 23:13:48.363  1487  1911 D TelephonyRegistry: notifyDataConnectionForSubscriber: subId=2147483643 state=0 isDataAllowed=false reason='radioTurnedOff' apn='null' apnType=supl networkType=0 mRecords.size()=20
06-21 23:13:48.364  2142  2142 D QtiSubscriptionController: getPhoneId, received dummy subId 2147483643
06-21 23:13:48.364  1487  1911 D TelephonyRegistry: validatePhoneId: true
06-21 23:13:48.364  1487  1911 D TelephonyRegistry: handleRemoveListLocked: mRemoveList.size()=0
06-21 23:13:48.365  2142  2142 D QtiGsmDCT: [0]notifyOffApnOfAvailability type:emergency
06-21 23:13:48.365  2142  2142 D QtiGsmDCT: [0]isEmergency: result=false
06-21 23:13:48.365  2142  2142 D QtiGsmDCT: [0]get active apn string for type:emergency
06-21 23:13:48.366  2142  2142 D QtiSubscriptionController: getPhoneId, received dummy subId 2147483643
06-21 23:13:48.366  1487  1911 D TelephonyRegistry: notifyDataConnectionForSubscriber: subId=2147483643 state=0 isDataAllowed=false reason='radioTurnedOff' apn='null' apnType=emergency networkType=0 mRecords.size()=20
06-21 23:13:48.366  2142  2142 D QtiSubscriptionController: getPhoneId, received dummy subId 2147483643
06-21 23:13:48.366  1487  1911 D TelephonyRegistry: validatePhoneId: true
06-21 23:13:48.366  1487  1911 D TelephonyRegistry: handleRemoveListLocked: mRemoveList.size()=0
06-21 23:13:48.368  2142  2142 D QtiGsmDCT: [0]notifyOffApnOfAvailability type:dun
06-21 23:13:48.369  2142  2142 D QtiGsmDCT: [0]isEmergency: result=false
06-21 23:13:48.369  2142  2142 D QtiGsmDCT: [0]get active apn string for type:dun
06-21 23:13:48.369  2142  2142 D QtiSubscriptionController: getPhoneId, received dummy subId 2147483643
06-21 23:13:48.369  1487  2153 D TelephonyRegistry: notifyDataConnectionForSubscriber: subId=2147483643 state=0 isDataAllowed=false reason='radioTurnedOff' apn='null' apnType=dun networkType=0 mRecords.size()=20
06-21 23:13:48.371  2142  2142 D QtiSubscriptionController: getPhoneId, received dummy subId 2147483643
06-21 23:13:48.371  1487  2153 D TelephonyRegistry: validatePhoneId: true
06-21 23:13:48.371  1487  2153 D TelephonyRegistry: handleRemoveListLocked: mRemoveList.size()=0
06-21 23:13:48.371  2142  2142 D QtiGsmDCT: [0]notifyOffApnOfAvailability type:hipri
06-21 23:13:48.372  2142  2142 D QtiGsmDCT: [0]isEmergency: result=false
06-21 23:13:48.372  2142  2142 D QtiGsmDCT: [0]get active apn string for type:hipri
06-21 23:13:48.373  2142  2142 D QtiSubscriptionController: getPhoneId, received dummy subId 2147483643
06-21 23:13:48.373  1487  1911 D TelephonyRegistry: notifyDataConnectionForSubscriber: subId=2147483643 state=0 isDataAllowed=false reason='radioTurnedOff' apn='null' apnType=hipri networkType=0 mRecords.size()=20
06-21 23:13:48.373  2142  2142 D QtiSubscriptionController: getPhoneId, received dummy subId 2147483643
06-21 23:13:48.373  1487  1911 D TelephonyRegistry: validatePhoneId: true
06-21 23:13:48.373  1487  1911 D TelephonyRegistry: handleRemoveListLocked: mRemoveList.size()=0
06-21 23:13:48.375  2142  2142 D QtiGsmDCT: [0]notifyOffApnOfAvailability type:ims
06-21 23:13:48.377  2142  2142 D QtiGsmDCT: [0]isEmergency: result=false
06-21 23:13:48.377  2142  2142 D QtiGsmDCT: [0]get active apn string for type:ims
