06-21 23:13:48.533  1487  1911 D TelephonyRegistry: notifyDataConnectionForSubscriber: subId=2147483644 state=0 isDataAllowed=false reason='radioTurnedOff' apn='null' apnType=cbs networkType=0 mRecords.size()=20
06-21 23:13:48.533  2142  2142 D QtiSubscriptionController: getPhoneId, received dummy subId 2147483644
06-21 23:13:48.533  1487  1911 D TelephonyRegistry: validatePhoneId: true
06-21 23:13:48.533  1487  1911 D TelephonyRegistry: handleRemoveListLocked: mRemoveList.size()=0
06-21 23:13:48.534  2142  2142 D QtiGsmDCT: [1]notifyOffApnOfAvailability type:fota
06-21 23:13:48.536  2142  2142 D QtiGsmDCT: [1]isEmergency: result=false
06-21 23:13:48.536  2142  2142 D QtiGsmDCT: [1]get active apn string for type:fota
06-21 23:13:48.537  2142  2142 D QtiSubscriptionController: getPhoneId, received dummy subId 2147483644
06-21 23:13:48.537  1487  1911 D TelephonyRegistry: notifyDataConnectionForSubscriber: subId=2147483644 state=0 isDataAllowed=false reason='radioTurnedOff' apn='null' apnType=fota networkType=0 mRecords.size()=20
06-21 23:13:48.537  2142  2142 D QtiSubscriptionController: getPhoneId, received dummy subId 2147483644
06-21 23:13:48.537  1487  1911 D TelephonyRegistry: validatePhoneId: true
06-21 23:13:48.537  1487  1911 D TelephonyRegistry: handleRemoveListLocked: mRemoveList.size()=0
06-21 23:13:48.538  2142  2142 D QtiGsmDCT: [1]notifyOffApnOfAvailability type:supl
06-21 23:13:48.539  2142  2142 D QtiGsmDCT: [1]isEmergency: result=false
06-21 23:13:48.539  2142  2142 D QtiGsmDCT: [1]get active apn string for type:supl
06-21 23:13:48.539  2142  2142 D QtiSubscriptionController: getPhoneId, received dummy subId 2147483644
06-21 23:13:48.539  1487  1911 D TelephonyRegistry: notifyDataConnectionForSubscriber: subId=2147483644 state=0 isDataAllowed=false reason='radioTurnedOff' apn='null' apnType=supl networkType=0 mRecords.size()=20
06-21 23:13:48.540  2142  2142 D QtiSubscriptionController: getPhoneId, received dummy subId 2147483644
06-21 23:13:48.540  1487  1911 D TelephonyRegistry: validatePhoneId: true
06-21 23:13:48.540  1487  1911 D TelephonyRegistry: handleRemoveListLocked: mRemoveList.size()=0
06-21 23:13:48.540  2142  2142 D QtiGsmDCT: [1]notifyOffApnOfAvailability type:emergency
06-21 23:13:48.541  2142  2142 D QtiGsmDCT: [1]isEmergency: result=false
06-21 23:13:48.542  2142  2142 D QtiGsmDCT: [1]get active apn string for type:emergency
06-21 23:13:48.542  2142  2142 D QtiSubscriptionController: getPhoneId, received dummy subId 2147483644
06-21 23:13:48.542  1487  1911 D TelephonyRegistry: notifyDataConnectionForSubscriber: subId=2147483644 state=0 isDataAllowed=false reason='radioTurnedOff' apn='null' apnType=emergency networkType=0 mRecords.size()=20
06-21 23:13:48.542  2142  2142 D QtiSubscriptionController: getPhoneId, received dummy subId 2147483644
06-21 23:13:48.542  1487  1911 D TelephonyRegistry: validatePhoneId: true
06-21 23:13:48.542  1487  1911 D TelephonyRegistry: handleRemoveListLocked: mRemoveList.size()=0
06-21 23:13:48.544  2142  2142 D QtiGsmDCT: [1]notifyOffApnOfAvailability type:dun
06-21 23:13:48.548  2142  2142 D QtiGsmDCT: [1]isEmergency: result=false
06-21 23:13:48.548  2142  2142 D QtiGsmDCT: [1]get active apn string for type:dun
06-21 23:13:48.548  2142  2142 D QtiSubscriptionController: getPhoneId, received dummy subId 2147483644
06-21 23:13:48.549  1487  2097 D TelephonyRegistry: notifyDataConnectionForSubscriber: subId=2147483644 state=0 isDataAllowed=false reason='radioTurnedOff' apn='null' apnType=dun networkType=0 mRecords.size()=20
06-21 23:13:48.549  2142  2142 D QtiSubscriptionController: getPhoneId, received dummy subId 2147483644
06-21 23:13:48.549  1487  2097 D TelephonyRegistry: validatePhoneId: true
06-21 23:13:48.549  1487  2097 D TelephonyRegistry: handleRemoveListLocked: mRemoveList.size()=0
06-21 23:13:48.549  2142  2142 D QtiGsmDCT: [1]notifyOffApnOfAvailability type:hipri
06-21 23:13:48.550  2142  2142 D QtiGsmDCT: [1]isEmergency: result=false
06-21 23:13:48.550  2142  2142 D QtiGsmDCT: [1]get active apn string for type:hipri
06-21 23:13:48.551  2142  2142 D QtiSubscriptionController: getPhoneId, received dummy subId 2147483644
06-21 23:13:48.551  1487  2097 D TelephonyRegistry: notifyDataConnectionForSubscriber: subId=2147483644 state=0 isDataAllowed=false reason='radioTurnedOff' apn='null' apnType=hipri networkType=0 mRecords.size()=20
06-21 23:13:48.551  2142  2142 D QtiSubscriptionController: getPhoneId, received dummy subId 2147483644
06-21 23:13:48.551  1487  2097 D TelephonyRegistry: validatePhoneId: true
06-21 23:13:48.551  1487  2097 D TelephonyRegistry: handleRemoveListLocked: mRemoveList.size()=0
06-21 23:13:48.552  2142  2142 D QtiGsmDCT: [1]notifyOffApnOfAvailability type:ims
06-21 23:13:48.552  2142  2142 D QtiGsmDCT: [1]isEmergency: result=false
06-21 23:13:48.552  2142  2142 D QtiGsmDCT: [1]get active apn string for type:ims
06-21 23:13:48.553  2142  2142 D QtiSubscriptionController: getPhoneId, received dummy subId 2147483644
06-21 23:13:48.553  1487  2097 D TelephonyRegistry: notifyDataConnectionForSubscriber: subId=2147483644 state=0 isDataAllowed=false reason='radioTurnedOff' apn='null' apnType=ims networkType=0 mRecords.size()=20
06-21 23:13:48.554  2142  2142 D QtiSubscriptionController: getPhoneId, received dummy subId 2147483644
06-21 23:13:48.554  1487  2097 D TelephonyRegistry: validatePhoneId: true
06-21 23:13:48.554  1487  2097 D TelephonyRegistry: handleRemoveListLocked: mRemoveList.size()=0
06-21 23:13:48.554  2142  2142 D QtiGsmDCT: [1]QtiDcTracker handleMessage msg={ when=-553ms what=270345 obj=android.os.AsyncResult@9c0ad5e target=com.qualcomm.qti.internal.telephony.dataconnection.QtiDcTracker }
06-21 23:13:48.554  2142  2142 D QtiGsmDCT: [1]handleMessage msg={ when=-553ms what=270345 obj=android.os.AsyncResult@9c0ad5e target=com.qualcomm.qti.internal.telephony.dataconnection.QtiDcTracker }
06-21 23:13:48.554  2142  2142 D QtiGsmDCT: [1]onDataConnectionDetached: stop polling and notify detached
06-21 23:13:48.555  2142  2142 D QtiGsmDCT: [1]stopNetStatPoll
06-21 23:13:48.555  2142  2142 D QtiSubscriptionController: getPhoneId, received dummy subId 2147483644
06-21 23:13:48.556  1487  2097 D TelephonyRegistry: validatePhoneId: true
06-21 23:13:48.556  1487  2097 D TelephonyRegistry: handleRemoveListLocked: mRemoveList.size()=0
06-21 23:13:48.556  2142  2142 D QtiGsmDCT: [1]notifyDataConnection: reason=dataDetached
06-21 23:13:48.556  2142  2142 D QtiGsmDCT: [1]notifyOffApnOfAvailability type:default
06-21 23:13:48.556  2142  2142 D QtiGsmDCT: [1]isEmergency: result=false
06-21 23:13:48.556  2142  2142 D QtiGsmDCT: [1]get active apn string for type:default
06-21 23:13:48.557  2142  2142 D QtiSubscriptionController: getPhoneId, received dummy subId 2147483644
06-21 23:13:48.557  1487  2097 D TelephonyRegistry: notifyDataConnectionForSubscriber: subId=2147483644 state=0 isDataAllowed=false reason='dataDetached' apn='null' apnType=default networkType=0 mRecords.size()=20
06-21 23:13:48.557  2142  2142 D QtiSubscriptionController: getPhoneId, received dummy subId 2147483644
06-21 23:13:48.558  1487  2097 D TelephonyRegistry: validatePhoneId: true
06-21 23:13:48.558  1487  2097 D TelephonyRegistry: handleRemoveListLocked: mRemoveList.size()=0
06-21 23:13:48.558  2142  2142 D QtiGsmDCT: [1]notifyOffApnOfAvailability type:mms
06-21 23:13:48.559  2142  2442 D QtiSubscriptionController: getPhoneId, received dummy subId 2147483644
06-21 23:13:48.559  2142  2162 D QtiSubscriptionController: getPhoneId, received dummy subId 2147483644
06-21 23:13:48.560  2142  2162 D QtiSubscriptionController: getPhoneId, received dummy subId 2147483644
06-21 23:13:48.561  2142  2442 D QtiSubscriptionController: getPhoneId, received dummy subId 2147483644
06-21 23:13:48.562  2142  2442 D QtiSubscriptionController: getPhoneId, received dummy subId 2147483644
06-21 23:13:48.562  2142  2442 D QtiGsmDCT: [1]getDataEnabled: retVal=true
06-21 23:13:48.562  2142  2442 D QtiSubscriptionController: getPhoneId, received dummy subId 2147483644
06-21 23:13:48.562  2142  2442 D QtiGsmDCT: [1]getDataEnabled: retVal=true
06-21 23:13:48.564  2142  2142 D QtiGsmDCT: [1]isEmergency: result=false
06-21 23:13:48.564  2142  2142 D QtiGsmDCT: [1]get active apn string for type:mms
06-21 23:13:48.565  2142  2442 D SubscriptionController: [getActiveSubInfoList] Sub Controller not ready
06-21 23:13:48.565  2142  2142 D QtiSubscriptionController: getPhoneId, received dummy subId 2147483644
06-21 23:13:48.565  1487  2097 D TelephonyRegistry: notifyDataConnectionForSubscriber: subId=2147483644 state=0 isDataAllowed=false reason='dataDetached' apn='null' apnType=mms networkType=0 mRecords.size()=20
06-21 23:13:48.566  2142  2142 D QtiSubscriptionController: getPhoneId, received dummy subId 2147483644
06-21 23:13:48.566  1487  2097 D TelephonyRegistry: validatePhoneId: true
06-21 23:13:48.566  1487  2097 D TelephonyRegistry: handleRemoveListLocked: mRemoveList.size()=0
06-21 23:13:48.567  2142  2142 D QtiGsmDCT: [1]notifyOffApnOfAvailability type:cbs
06-21 23:13:48.567  2142  2142 D QtiGsmDCT: [1]isEmergency: result=false
06-21 23:13:48.567  2142  2142 D QtiGsmDCT: [1]get active apn string for type:cbs
06-21 23:13:48.568  2142  2142 D QtiSubscriptionController: getPhoneId, received dummy subId 2147483644
06-21 23:13:48.568  1487  2097 D TelephonyRegistry: notifyDataConnectionForSubscriber: subId=2147483644 state=0 isDataAllowed=false reason='dataDetached' apn='null' apnType=cbs networkType=0 mRecords.size()=20
06-21 23:13:48.568  2142  2142 D QtiSubscriptionController: getPhoneId, received dummy subId 2147483644
06-21 23:13:48.568  1487  2097 D TelephonyRegistry: validatePhoneId: true
06-21 23:13:48.568  1487  2097 D TelephonyRegistry: handleRemoveListLocked: mRemoveList.size()=0
06-21 23:13:48.569  2142  2142 D QtiGsmDCT: [1]notifyOffApnOfAvailability type:fota
06-21 23:13:48.569  2142  2142 D QtiGsmDCT: [1]isEmergency: result=false
06-21 23:13:48.570  2142  2142 D QtiGsmDCT: [1]get active apn string for type:fota
06-21 23:13:48.570  2142  2142 D QtiSubscriptionController: getPhoneId, received dummy subId 2147483644
06-21 23:13:48.570  1487  1911 D TelephonyRegistry: notifyDataConnectionForSubscriber: subId=2147483644 state=0 isDataAllowed=false reason='dataDetached' apn='null' apnType=fota networkType=0 mRecords.size()=20
06-21 23:13:48.570  2142  2142 D QtiSubscriptionController: getPhoneId, received dummy subId 2147483644
06-21 23:13:48.570  1487  1911 D TelephonyRegistry: validatePhoneId: true
06-21 23:13:48.570  1487  1911 D TelephonyRegistry: handleRemoveListLocked: mRemoveList.size()=0
06-21 23:13:48.572  2142  2142 D QtiGsmDCT: [1]notifyOffApnOfAvailability type:supl
06-21 23:13:48.572  2142  2142 D QtiGsmDCT: [1]isEmergency: result=false
06-21 23:13:48.572  2142  2142 D QtiGsmDCT: [1]get active apn string for type:supl
06-21 23:13:48.573  2142  2142 D QtiSubscriptionController: getPhoneId, received dummy subId 2147483644
06-21 23:13:48.574  1487  1911 D TelephonyRegistry: notifyDataConnectionForSubscriber: subId=2147483644 state=0 isDataAllowed=false reason='dataDetached' apn='null' apnType=supl networkType=0 mRecords.size()=20
06-21 23:13:48.574  2142  2142 D QtiSubscriptionController: getPhoneId, received dummy subId 2147483644
06-21 23:13:48.574  1487  1911 D TelephonyRegistry: validatePhoneId: true
06-21 23:13:48.574  1487  1911 D TelephonyRegistry: handleRemoveListLocked: mRemoveList.size()=0
06-21 23:13:48.575  2142  2442 D QtiSubscriptionController: getPhoneId, received dummy subId 2147483643
06-21 23:13:48.576  2142  2142 D QtiGsmDCT: [1]notifyOffApnOfAvailability type:emergency
06-21 23:13:48.577  2142  2142 D QtiGsmDCT: [1]isEmergency: result=false
06-21 23:13:48.577  2142  2142 D QtiGsmDCT: [1]get active apn string for type:emergency
06-21 23:13:48.578  2142  2142 D QtiSubscriptionController: getPhoneId, received dummy subId 2147483644
06-21 23:13:48.578  1487  2153 D TelephonyRegistry: notifyDataConnectionForSubscriber: subId=2147483644 state=0 isDataAllowed=false reason='dataDetached' apn='null' apnType=emergency networkType=0 mRecords.size()=20
06-21 23:13:48.578  2142  2142 D QtiSubscriptionController: getPhoneId, received dummy subId 2147483644
06-21 23:13:48.578  1487  2153 D TelephonyRegistry: validatePhoneId: true
06-21 23:13:48.578  1487  2153 D TelephonyRegistry: handleRemoveListLocked: mRemoveList.size()=0
06-21 23:13:48.580  2142  2142 D QtiGsmDCT: [1]notifyOffApnOfAvailability type:dun
06-21 23:13:48.580  2142  2142 D QtiGsmDCT: [1]isEmergency: result=false
06-21 23:13:48.580  2142  2142 D QtiGsmDCT: [1]get active apn string for type:dun
06-21 23:13:48.581  2142  2142 D QtiSubscriptionController: getPhoneId, received dummy subId 2147483644
06-21 23:13:48.581  1487  2097 D TelephonyRegistry: notifyDataConnectionForSubscriber: subId=2147483644 state=0 isDataAllowed=false reason='dataDetached' apn='null' apnType=dun networkType=0 mRecords.size()=20
06-21 23:13:48.581  2142  2142 D QtiSubscriptionController: getPhoneId, received dummy subId 2147483644
06-21 23:13:48.581  1487  2097 D TelephonyRegistry: validatePhoneId: true
06-21 23:13:48.581  1487  2097 D TelephonyRegistry: handleRemoveListLocked: mRemoveList.size()=0
06-21 23:13:48.582  2142  2142 D QtiGsmDCT: [1]notifyOffApnOfAvailability type:hipri
06-21 23:13:48.582  2142  2142 D QtiGsmDCT: [1]isEmergency: result=false
06-21 23:13:48.583  2142  2142 D QtiGsmDCT: [1]get active apn string for type:hipri
06-21 23:13:48.583  2142  2142 D QtiSubscriptionController: getPhoneId, received dummy subId 2147483644
06-21 23:13:48.583  1487  2153 D TelephonyRegistry: notifyDataConnectionForSubscriber: subId=2147483644 state=0 isDataAllowed=false reason='dataDetached' apn='null' apnType=hipri networkType=0 mRecords.size()=20
06-21 23:13:48.583  2142  2142 D QtiSubscriptionController: getPhoneId, received dummy subId 2147483644
06-21 23:13:48.583  1487  2153 D TelephonyRegistry: validatePhoneId: true
06-21 23:13:48.583  1487  2153 D TelephonyRegistry: handleRemoveListLocked: mRemoveList.size()=0
06-21 23:13:48.586  2142  2142 D QtiGsmDCT: [1]notifyOffApnOfAvailability type:ims
06-21 23:13:48.587  2142  2142 D QtiGsmDCT: [1]isEmergency: result=false
06-21 23:13:48.587  2142  2142 D QtiGsmDCT: [1]get active apn string for type:ims
06-21 23:13:48.588  2142  2142 D QtiSubscriptionController: getPhoneId, received dummy subId 2147483644
06-21 23:13:48.588  1487  2153 D TelephonyRegistry: notifyDataConnectionForSubscriber: subId=2147483644 state=0 isDataAllowed=false reason='dataDetached' apn='null' apnType=ims networkType=0 mRecords.size()=20
06-21 23:13:48.588  2142  2142 D QtiSubscriptionController: getPhoneId, received dummy subId 2147483644
06-21 23:13:48.588  1487  2153 D TelephonyRegistry: validatePhoneId: true
06-21 23:13:48.588  1487  2153 D TelephonyRegistry: handleRemoveListLocked: mRemoveList.size()=0
06-21 23:13:48.589  2142  2142 D QtiGsmDCT: [1]QtiDcTracker handleMessage msg={ when=-587ms what=270348 obj=android.os.AsyncResult@90a53f target=com.qualcomm.qti.internal.telephony.dataconnection.QtiDcTracker }
06-21 23:13:48.589  2142  2142 D QtiGsmDCT: [1]handleMessage msg={ when=-587ms what=270348 obj=android.os.AsyncResult@90a53f target=com.qualcomm.qti.internal.telephony.dataconnection.QtiDcTracker }
06-21 23:13:48.589  2142  2142 D QtiGsmDCT: [1]onDataRoamingOff
06-21 23:13:48.589  2142  2142 D QtiGsmDCT: [1]getDataRoamingEnabled: phoneSubId=2147483644 isDataRoamingEnabled=false
06-21 23:13:48.589  2142  2142 D QtiGsmDCT: [1]setInitialApn: E mPreferredApn=null
06-21 23:13:48.589  2142  2142 D QtiGsmDCT: [1]setInitialAttachApn: X There in no available apn
06-21 23:13:48.589  2142  2142 D QtiGsmDCT: [1]setDataProfilesAsNeeded
06-21 23:13:48.589  2142  2142 D QtiGsmDCT: [1]notifyOffApnOfAvailability type:default
06-21 23:13:48.589  2142  2442 D SubscriptionController: [getActiveSubInfoList] Sub Controller not ready
06-21 23:13:48.590  2142  2142 D QtiGsmDCT: [1]isEmergency: result=false
06-21 23:13:48.590  2142  2142 D QtiGsmDCT: [1]get active apn string for type:default
06-21 23:13:48.590  2142  2142 D QtiSubscriptionController: getPhoneId, received dummy subId 2147483644
06-21 23:13:48.590  1487  1911 D TelephonyRegistry: notifyDataConnectionForSubscriber: subId=2147483644 state=0 isDataAllowed=false reason='roamingOff' apn='null' apnType=default networkType=0 mRecords.size()=20
06-21 23:13:48.590  2142  2142 D QtiSubscriptionController: getPhoneId, received dummy subId 2147483644
06-21 23:13:48.590  1487  1911 D TelephonyRegistry: validatePhoneId: true
06-21 23:13:48.591  1487  1911 D TelephonyRegistry: handleRemoveListLocked: mRemoveList.size()=0
06-21 23:13:48.591  2142  2142 D QtiGsmDCT: [1]notifyOffApnOfAvailability type:mms
06-21 23:13:48.592  2142  2142 D QtiGsmDCT: [1]isEmergency: result=false
06-21 23:13:48.592  2142  2142 D QtiGsmDCT: [1]get active apn string for type:mms
06-21 23:13:48.592  2142  2142 D QtiSubscriptionController: getPhoneId, received dummy subId 2147483644
06-21 23:13:48.593  1487  1911 D TelephonyRegistry: notifyDataConnectionForSubscriber: subId=2147483644 state=0 isDataAllowed=false reason='roamingOff' apn='null' apnType=mms networkType=0 mRecords.size()=20
06-21 23:13:48.593  2142  2142 D QtiSubscriptionController: getPhoneId, received dummy subId 2147483644
06-21 23:13:48.593  1487  1911 D TelephonyRegistry: validatePhoneId: true
06-21 23:13:48.593  1487  1911 D TelephonyRegistry: handleRemoveListLocked: mRemoveList.size()=0
06-21 23:13:48.593  2142  2162 D QtiSubscriptionController: getPhoneId, received dummy subId 2147483644
06-21 23:13:48.593  2142  2162 I chatty  : uid=1001(radio) Binder:2142_2 identical 1 line
06-21 23:13:48.594  2142  2162 D QtiSubscriptionController: getPhoneId, received dummy subId 2147483644
06-21 23:13:48.594  2142  2142 D QtiGsmDCT: [1]notifyOffApnOfAvailability type:cbs
06-21 23:13:48.594  2142  2162 D QtiSubscriptionController: getPhoneId, received dummy subId 2147483644
06-21 23:13:48.595  2142  2442 D QtiSubscriptionController: getPhoneId, received dummy subId 2147483644
06-21 23:13:48.595  2142  2442 D QtiGsmDCT: [1]getDataEnabled: retVal=true
06-21 23:13:48.596  2142  2142 D QtiGsmDCT: [1]isEmergency: result=false
06-21 23:13:48.596  2142  2142 D QtiGsmDCT: [1]get active apn string for type:cbs
06-21 23:13:48.596  2142  2442 D QtiSubscriptionController: getPhoneId, received dummy subId 2147483644
06-21 23:13:48.596  2142  2142 D QtiSubscriptionController: getPhoneId, received dummy subId 2147483644
06-21 23:13:48.596  1487  2097 D TelephonyRegistry: notifyDataConnectionForSubscriber: subId=2147483644 state=0 isDataAllowed=false reason='roamingOff' apn='null' apnType=cbs networkType=0 mRecords.size()=20
06-21 23:13:48.596  2142  2442 D QtiGsmDCT: [1]getDataEnabled: retVal=true
06-21 23:13:48.598  2142  2142 D QtiSubscriptionController: getPhoneId, received dummy subId 2147483644
06-21 23:13:48.598  1487  2097 D TelephonyRegistry: validatePhoneId: true
06-21 23:13:48.599  1487  2097 D TelephonyRegistry: handleRemoveListLocked: mRemoveList.size()=0
06-21 23:13:48.600  2142  2142 D QtiGsmDCT: [1]notifyOffApnOfAvailability type:fota
06-21 23:13:48.602  2142  2162 D QtiSubscriptionController: getPhoneId, received dummy subId 2147483643
06-21 23:13:48.603  2142  2142 D QtiGsmDCT: [1]isEmergency: result=false
06-21 23:13:48.603  2142  2142 D QtiGsmDCT: [1]get active apn string for type:fota
06-21 23:13:48.605  2142  2142 D QtiSubscriptionController: getPhoneId, received dummy subId 2147483644
06-21 23:13:48.605  1487  1911 D TelephonyRegistry: notifyDataConnectionForSubscriber: subId=2147483644 state=0 isDataAllowed=false reason='roamingOff' apn='null' apnType=fota networkType=0 mRecords.size()=20
06-21 23:13:48.606  2142  2142 D QtiSubscriptionController: getPhoneId, received dummy subId 2147483644
06-21 23:13:48.606  1487  1911 D TelephonyRegistry: validatePhoneId: true
06-21 23:13:48.606  1487  1911 D TelephonyRegistry: handleRemoveListLocked: mRemoveList.size()=0
06-21 23:13:48.607  1487  2097 D TelephonyRegistry: listen oscl: E pkg=com.android.systemui myUserId=0 callerUserId=0 callback=com.android.internal.telephony.IOnSubscriptionsChangedListener$Stub$Proxy@1bab645 callback.asBinder=android.os.BinderProxy@e66d19a
06-21 23:13:48.607  1487  2097 D TelephonyRegistry: listen oscl: add new record
06-21 23:13:48.607  1487  2097 D TelephonyRegistry: listen oscl:  Register r={callingPackage=com.android.systemui binder=android.os.BinderProxy@e66d19a callback=null onSubscriptionsChangedListenererCallback=com.android.internal.telephony.IOnSubscriptionsChangedListener$Stub$Proxy@1bab645 callerUserId=0 subId=-1 phoneId=-1 events=0 canReadPhoneState=true}
06-21 23:13:48.607  1487  2097 D TelephonyRegistry: listen oscl: hasNotifySubscriptionInfoChangedOccurred==false no callback
06-21 23:13:48.607  2142  2142 D QtiGsmDCT: [1]notifyOffApnOfAvailability type:supl
06-21 23:13:48.608  2142  2142 D QtiGsmDCT: [1]isEmergency: result=false
06-21 23:13:48.608  2142  2142 D QtiGsmDCT: [1]get active apn string for type:supl
06-21 23:13:48.610  2142  2142 D QtiSubscriptionController: getPhoneId, received dummy subId 2147483644
06-21 23:13:48.610  1487  1911 D TelephonyRegistry: notifyDataConnectionForSubscriber: subId=2147483644 state=0 isDataAllowed=false reason='roamingOff' apn='null' apnType=supl networkType=0 mRecords.size()=21
06-21 23:13:48.610  2142  2142 D QtiSubscriptionController: getPhoneId, received dummy subId 2147483644
06-21 23:13:48.611  1487  1911 D TelephonyRegistry: validatePhoneId: true
06-21 23:13:48.611  1487  1911 D TelephonyRegistry: handleRemoveListLocked: mRemoveList.size()=0
06-21 23:13:48.611  2142  2162 D SubscriptionController: [getActiveSubInfoList] Sub Controller not ready
06-21 23:13:48.611  2142  2142 D QtiGsmDCT: [1]notifyOffApnOfAvailability type:emergency
06-21 23:13:48.612  2142  2142 D QtiGsmDCT: [1]isEmergency: result=false
06-21 23:13:48.612  2142  2142 D QtiGsmDCT: [1]get active apn string for type:emergency
06-21 23:13:48.612  2142  2142 D QtiSubscriptionController: getPhoneId, received dummy subId 2147483644
06-21 23:13:48.612  1487  1911 D TelephonyRegistry: notifyDataConnectionForSubscriber: subId=2147483644 state=0 isDataAllowed=false reason='roamingOff' apn='null' apnType=emergency networkType=0 mRecords.size()=21
06-21 23:13:48.613  2142  2142 D QtiSubscriptionController: getPhoneId, received dummy subId 2147483644
06-21 23:13:48.613  1487  1911 D TelephonyRegistry: validatePhoneId: true
06-21 23:13:48.613  1487  1911 D TelephonyRegistry: handleRemoveListLocked: mRemoveList.size()=0
06-21 23:13:48.613  2142  2142 D QtiGsmDCT: [1]notifyOffApnOfAvailability type:dun
06-21 23:13:48.614  2142  2142 D QtiGsmDCT: [1]isEmergency: result=false
06-21 23:13:48.614  2142  2142 D QtiGsmDCT: [1]get active apn string for type:dun
06-21 23:13:48.615  2142  2142 D QtiSubscriptionController: getPhoneId, received dummy subId 2147483644
06-21 23:13:48.615  1487  2153 D TelephonyRegistry: notifyDataConnectionForSubscriber: subId=2147483644 state=0 isDataAllowed=false reason='roamingOff' apn='null' apnType=dun networkType=0 mRecords.size()=21
06-21 23:13:48.615  2142  2142 D QtiSubscriptionController: getPhoneId, received dummy subId 2147483644
06-21 23:13:48.615  1487  2153 D TelephonyRegistry: validatePhoneId: true
06-21 23:13:48.615  1487  2153 D TelephonyRegistry: handleRemoveListLocked: mRemoveList.size()=0
06-21 23:13:48.616  2142  2142 D QtiGsmDCT: [1]notifyOffApnOfAvailability type:hipri
06-21 23:13:48.618  2142  2142 D QtiGsmDCT: [1]isEmergency: result=false
06-21 23:13:48.618  2142  2142 D QtiGsmDCT: [1]get active apn string for type:hipri
06-21 23:13:48.619  2142  2142 D QtiSubscriptionController: getPhoneId, received dummy subId 2147483644
06-21 23:13:48.620  1487  1911 D TelephonyRegistry: notifyDataConnectionForSubscriber: subId=2147483644 state=0 isDataAllowed=false reason='roamingOff' apn='null' apnType=hipri networkType=0 mRecords.size()=21
06-21 23:13:48.620  2142  2142 D QtiSubscriptionController: getPhoneId, received dummy subId 2147483644
06-21 23:13:48.620  1487  1911 D TelephonyRegistry: validatePhoneId: true
06-21 23:13:48.621  1487  1911 D TelephonyRegistry: handleRemoveListLocked: mRemoveList.size()=0
06-21 23:13:48.622  2142  2142 D QtiGsmDCT: [1]notifyOffApnOfAvailability type:ims
06-21 23:13:48.623  2142  2142 D QtiGsmDCT: [1]isEmergency: result=false
06-21 23:13:48.623  2142  2142 D QtiGsmDCT: [1]get active apn string for type:ims
06-21 23:13:48.623  2142  2142 D QtiSubscriptionController: getPhoneId, received dummy subId 2147483644
06-21 23:13:48.623  1487  1911 D TelephonyRegistry: notifyDataConnectionForSubscriber: subId=2147483644 state=0 isDataAllowed=false reason='roamingOff' apn='null' apnType=ims networkType=0 mRecords.size()=21
06-21 23:13:48.624  2142  2142 D QtiSubscriptionController: getPhoneId, received dummy subId 2147483644
06-21 23:13:48.624  1487  1911 D TelephonyRegistry: validatePhoneId: true
06-21 23:13:48.624  1487  1911 D TelephonyRegistry: handleRemoveListLocked: mRemoveList.size()=0
06-21 23:13:48.624  2142  2142 D QtiGsmDCT: [1]setupDataOnConnectableApns: roamingOff
06-21 23:13:48.624  2142  2142 D QtiGsmDCT: [1]setupDataOnConnectableApns: apnContext {mApnType=emergency mState=IDLE mWaitingApns={null} mApnSetting={null} mReason=radioTurnedOff mDataEnabled=false mDependencyMet=true}
06-21 23:13:48.624  2142  2142 D QtiGsmDCT: [1]setupDataOnConnectableApns: apnContext {mApnType=mms mState=IDLE mWaitingApns={null} mApnSetting={null} mReason=radioTurnedOff mDataEnabled=false mDependencyMet=true}
06-21 23:13:48.624  2142  2142 D QtiGsmDCT: [1]setupDataOnConnectableApns: apnContext {mApnType=supl mState=IDLE mWaitingApns={null} mApnSetting={null} mReason=radioTurnedOff mDataEnabled=false mDependencyMet=true}
06-21 23:13:48.624  2142  2142 D QtiGsmDCT: [1]setupDataOnConnectableApns: apnContext {mApnType=hipri mState=IDLE mWaitingApns={null} mApnSetting={null} mReason=radioTurnedOff mDataEnabled=false mDependencyMet=true}
06-21 23:13:48.624  2142  2142 D QtiGsmDCT: [1]setupDataOnConnectableApns: apnContext {mApnType=dun mState=IDLE mWaitingApns={null} mApnSetting={null} mReason=radioTurnedOff mDataEnabled=false mDependencyMet=true}
06-21 23:13:48.624  2142  2142 D QtiGsmDCT: [1]setupDataOnConnectableApns: apnContext {mApnType=fota mState=IDLE mWaitingApns={null} mApnSetting={null} mReason=radioTurnedOff mDataEnabled=false mDependencyMet=true}
06-21 23:13:48.625  2142  2142 D QtiGsmDCT: [1]setupDataOnConnectableApns: apnContext {mApnType=ims mState=IDLE mWaitingApns={null} mApnSetting={null} mReason=radioTurnedOff mDataEnabled=false mDependencyMet=true}
06-21 23:13:48.625  2142  2142 D QtiGsmDCT: [1]setupDataOnConnectableApns: apnContext {mApnType=default mState=IDLE mWaitingApns={null} mApnSetting={null} mReason=radioTurnedOff mDataEnabled=false mDependencyMet=true}
06-21 23:13:48.625  2142  2142 D QtiGsmDCT: [1]setupDataOnConnectableApns: apnContext {mApnType=cbs mState=IDLE mWaitingApns={null} mApnSetting={null} mReason=radioTurnedOff mDataEnabled=false mDependencyMet=true}
06-21 23:13:48.625  2142  2142 D QtiGsmDCT: [1]QtiDcTracker handleMessage msg={ when=-622ms what=270377 obj=android.os.AsyncResult@da9be0c target=com.qualcomm.qti.internal.telephony.dataconnection.QtiDcTracker }
06-21 23:13:48.625  2142  2142 D QtiGsmDCT: [1]handleMessage msg={ when=-622ms what=270377 obj=android.os.AsyncResult@da9be0c target=com.qualcomm.qti.internal.telephony.dataconnection.QtiDcTracker }
06-21 23:13:48.625  2142  2142 D RILJ    : [3714]> RIL_REQUEST_SEND_DEVICE_STATE 1:true [SUB1]
06-21 23:13:48.626  2142  2142 D RILJ    : [3715]> RIL_REQUEST_SEND_DEVICE_STATE 2:false [SUB1]
06-21 23:13:48.626  2142  2142 D RILJ    : [3716]> RIL_REQUEST_SEND_DEVICE_STATE 0:false [SUB1]
06-21 23:13:48.627  2142  2142 D RILJ    : [3717]> RIL_REQUEST_SET_UNSOLICITED_RESPONSE_FILTER 7 [SUB1]
06-21 23:13:48.627  2142  2142 D PseudoManager: [PseudoManager1] handle EVENT_RADIO_AVAILABLE
06-21 23:13:48.627  2142  2257 D RILJ    : [3714]< RIL_REQUEST_SEND_DEVICE_STATE  [SUB1]
06-21 23:13:48.627  2142  2142 D TelephonyManager: setTelephonyProperty: success phoneId=1 property=gsm.operator.pseudoState value: true propVal=true,true
06-21 23:13:48.628  2142  2257 D RILJ    : [3715]< RIL_REQUEST_SEND_DEVICE_STATE  [SUB1]
06-21 23:13:48.628  2142  2142 D ImsPhoneCallTracker: [ImsPhoneCallTracker] handleMessage what=23
06-21 23:13:48.628  2142  2257 D RILJ    : [3716]< RIL_REQUEST_SEND_DEVICE_STATE  [SUB1]
06-21 23:13:48.628  2142  2142 D ImsPhoneCallTracker: [ImsPhoneCallTracker] onDataEnabledChanged: enabled=true, reason=0
06-21 23:13:48.628  2142  2142 I ImsManager: Creating ImsService using ImsResolver
06-21 23:13:48.629  2142  2142 W ImsManager: getServiceProxy: b is null! Phone Id: 0
06-21 23:13:48.629  2142  2257 D RILJ    : [3717]< RIL_REQUEST_SET_UNSOLICITED_RESPONSE_FILTER  [SUB1]
06-21 23:13:48.629  2142  2142 D ImsManager: setDataEnabled: true
06-21 23:13:48.631  2142  2142 D ImsPhoneCallTracker: [ImsPhoneCallTracker] Ignore data enabled - carrier policy indicates that data is not metered for ViLTE calls.
06-21 23:13:48.631  2142  2142 D ImsPhoneCallTracker: [ImsPhoneCallTracker] handleMessage what=24
06-21 23:13:48.631  2142  2142 D ImsPhoneCallTracker: [ImsPhoneCallTracker] getImsService
06-21 23:13:48.631  2142  2142 I ImsManager: Creating ImsService using ImsResolver
06-21 23:13:48.631  2142  2142 W ImsManager: getServiceProxy: b is null! Phone Id: 0
06-21 23:13:48.631  2142  2142 E ImsPhoneCallTracker: [ImsPhoneCallTracker] getImsService: com.android.ims.ImsException: Binder is not active!(106)
06-21 23:13:48.631  2142  2142 I ImsManager: Creating ImsService using ImsResolver
06-21 23:13:48.632  2142  2142 W ImsManager: getServiceProxy: b is null! Phone Id: 0
06-21 23:13:48.632  2142  2142 E ImsPhoneCallTracker: [ImsPhoneCallTracker] getImsService: Retrying getting ImsService...
06-21 23:13:48.632  2142  2142 D QtiGsmDCT: [0]QtiDcTracker handleMessage msg={ when=-569ms what=270377 obj=android.os.AsyncResult@666416a target=com.qualcomm.qti.internal.telephony.dataconnection.QtiDcTracker }
06-21 23:13:48.632  2142  2142 D QtiGsmDCT: [0]handleMessage msg={ when=-569ms what=270377 obj=android.os.AsyncResult@666416a target=com.qualcomm.qti.internal.telephony.dataconnection.QtiDcTracker }
06-21 23:13:48.632  2142  2142 D ImsPhone: handleMessage what=52
06-21 23:13:48.632  2142  2142 D ImsPhone: EVENT_DEFAULT_PHONE_DATA_STATE_CHANGED
06-21 23:13:48.632  2142  2142 D ImsPhone: updateDataServiceState: defSs = {mVoiceRegState=1(OUT_OF_SERVICE), mDataRegState=1(OUT_OF_SERVICE), mVoiceRoamingType=home, mDataRoamingType=home, mVoiceOperatorAlphaLong=null, mVoiceOperatorAlphaShort=null, mDataOperatorAlphaLong=null, mDataOperatorAlphaShort=null, isManualNetworkSelection=false(automatic), mRilVoiceRadioTechnology=0(Unknown), mRilDataRadioTechnology=0(Unknown), mCssIndicator=unsupported, mNetworkId=-1, mSystemId=-1, mCdmaRoamingIndicator=-1, mCdmaDefaultRoamingIndicator=-1, mIsEmergencyOnly=false, mIsDataRoamingFromRegistration=false, mIsUsingCarrierAggregation=false, mLteEarfcnRsrpBoost=0} imsSs = {mVoiceRegState=1(OUT_OF_SERVICE), mDataRegState=1(OUT_OF_SERVICE), mVoiceRoamingType=home, mDataRoamingType=home, mVoiceOperatorAlphaLong=null, mVoiceOperatorAlphaShort=null, mDataOperatorAlphaLong=null, mDataOperatorAlphaShort=null, isManualNetworkSelection=false(automatic), mRilVoiceRadioTechnology=0(Unknown), mRilDataRadioTechnology=0(Unknown), mCssIndicator=unsupported, mNetworkId=-1, mSystemId=-1, mCdmaRoamingIndicator=-1, mCdmaDefaultRoamingIndicator=-1, mIsEmergencyOnly=false, mIsDataRoamingFromRegistration=false, mIsUsingCarrierAggregation=false, mLteEarfcnRsrpBoost=0}
06-21 23:13:48.632  2142  2142 D ImsPhoneCallTracker: [ImsPhoneCallTracker] handleMessage what=23
06-21 23:13:48.632  2142  2142 D ImsPhoneCallTracker: [ImsPhoneCallTracker] onDataEnabledChanged: enabled=true, reason=0
06-21 23:13:48.632  2142  2142 I ImsManager: Creating ImsService using ImsResolver
06-21 23:13:48.632  2142  2142 W ImsManager: getServiceProxy: b is null! Phone Id: 1
06-21 23:13:48.633  2142  2142 D ImsManager: setDataEnabled: true
06-21 23:13:48.634  2142  2142 D ImsPhoneCallTracker: [ImsPhoneCallTracker] Ignore data enabled - carrier policy indicates that data is not metered for ViLTE calls.
06-21 23:13:48.634  2142  2142 D ImsPhoneCallTracker: [ImsPhoneCallTracker] handleMessage what=24
06-21 23:13:48.634  2142  2142 D ImsPhoneCallTracker: [ImsPhoneCallTracker] getImsService
06-21 23:13:48.634  2142  2142 I ImsManager: Creating ImsService using ImsResolver
06-21 23:13:48.636  2142  2142 W ImsManager: getServiceProxy: b is null! Phone Id: 1
06-21 23:13:48.636  2142  2142 E ImsPhoneCallTracker: [ImsPhoneCallTracker] getImsService: com.android.ims.ImsException: Binder is not active!(106)
06-21 23:13:48.636  2142  2142 I ImsManager: Creating ImsService using ImsResolver
06-21 23:13:48.637  2142  2142 W ImsManager: getServiceProxy: b is null! Phone Id: 1
06-21 23:13:48.637  2142  2142 E ImsPhoneCallTracker: [ImsPhoneCallTracker] getImsService: Retrying getting ImsService...
06-21 23:13:48.637  2142  2142 D QtiGsmDCT: [1]QtiDcTracker handleMessage msg={ when=-563ms what=270377 obj=android.os.AsyncResult@374565b target=com.qualcomm.qti.internal.telephony.dataconnection.QtiDcTracker }
06-21 23:13:48.637  2142  2142 D QtiGsmDCT: [1]handleMessage msg={ when=-564ms what=270377 obj=android.os.AsyncResult@374565b target=com.qualcomm.qti.internal.telephony.dataconnection.QtiDcTracker }
06-21 23:13:48.637  2142  2142 D ImsPhone: handleMessage what=52
06-21 23:13:48.637  2142  2142 D ImsPhone: EVENT_DEFAULT_PHONE_DATA_STATE_CHANGED
06-21 23:13:48.637  2142  2142 D ImsPhone: updateDataServiceState: defSs = {mVoiceRegState=1(OUT_OF_SERVICE), mDataRegState=1(OUT_OF_SERVICE), mVoiceRoamingType=home, mDataRoamingType=home, mVoiceOperatorAlphaLong=null, mVoiceOperatorAlphaShort=null, mDataOperatorAlphaLong=null, mDataOperatorAlphaShort=null, isManualNetworkSelection=false(automatic), mRilVoiceRadioTechnology=0(Unknown), mRilDataRadioTechnology=0(Unknown), mCssIndicator=unsupported, mNetworkId=-1, mSystemId=-1, mCdmaRoamingIndicator=-1, mCdmaDefaultRoamingIndicator=-1, mIsEmergencyOnly=false, mIsDataRoamingFromRegistration=false, mIsUsingCarrierAggregation=false, mLteEarfcnRsrpBoost=0} imsSs = {mVoiceRegState=1(OUT_OF_SERVICE), mDataRegState=1(OUT_OF_SERVICE), mVoiceRoamingType=home, mDataRoamingType=home, mVoiceOperatorAlphaLong=null, mVoiceOperatorAlphaShort=null, mDataOperatorAlphaLong=null, mDataOperatorAlphaShort=null, isManualNetworkSelection=false(automatic), mRilVoiceRadioTechnology=0(Unknown), mRilDataRadioTechnology=0(Unknown), mCssIndicator=unsupported, mNetworkId=-1, mSystemId=-1, mCdmaRoamingIndicator=-1, mCdmaDefaultRoamingIndicator=-1, mIsEmergencyOnly=false, mIsDataRoamingFromRegistration=false, mIsUsingCarrierAggregation=false, mLteEarfcnRsrpBoost=0}
06-21 23:13:48.637  2142  2142 D TelephonyNetworkFactory[0]: onActivePhoneSwitch(false, false)
06-21 23:13:48.637  2142  2142 D TelephonyNetworkFactory[0]: onSubIdChange -1->2147483643
06-21 23:13:48.637  2142  2142 D TelephonyNetworkFactory[1]: onActivePhoneSwitch(false, false)
06-21 23:13:48.637  2142  2142 D TelephonyNetworkFactory[1]: onSubIdChange -1->2147483644
06-21 23:13:48.637  2142  2142 D TelephonyNetworkFactory[0]: got request NetworkRequest [ REQUEST id=1, [ Capabilities: INTERNET&NOT_RESTRICTED&TRUSTED&NOT_VPN] ] with score 0
06-21 23:13:48.637  2142  2142 D TelephonyNetworkFactory[0]: got request NetworkRequest [ TRACK_DEFAULT id=3, [ Capabilities: INTERNET&NOT_RESTRICTED&TRUSTED&NOT_VPN] ] with score 0
06-21 23:13:48.637  2142  2142 D TelephonyNetworkFactory[0]: got request NetworkRequest [ BACKGROUND_REQUEST id=2, [ Transports: CELLULAR Capabilities: INTERNET&NOT_RESTRICTED&TRUSTED&NOT_VPN] ] with score 0
06-21 23:13:48.637  2142  2142 D TelephonyNetworkFactory[0]: got request NetworkRequest [ TRACK_DEFAULT id=6, [ Capabilities: INTERNET&NOT_RESTRICTED&TRUSTED&NOT_VPN] ] with score 0
06-21 23:13:48.637  2142  2142 D TelephonyNetworkFactory[0]: got request NetworkRequest [ TRACK_DEFAULT id=9, [ Capabilities: INTERNET&NOT_RESTRICTED&TRUSTED&NOT_VPN] ] with score 0
06-21 23:13:48.638  2142  2142 D TelephonyNetworkFactory[1]: got request NetworkRequest [ REQUEST id=1, [ Capabilities: INTERNET&NOT_RESTRICTED&TRUSTED&NOT_VPN] ] with score 0
06-21 23:13:48.638  2142  2142 E QtiUiccCardProvisioner: Error: Invalid card index EVENT_ICC_CHANGED 
06-21 23:13:48.638  2142  2142 D TelephonyNetworkFactory[1]: got request NetworkRequest [ TRACK_DEFAULT id=3, [ Capabilities: INTERNET&NOT_RESTRICTED&TRUSTED&NOT_VPN] ] with score 0
06-21 23:13:48.638  2142  2142 D TelephonyNetworkFactory[1]: got request NetworkRequest [ BACKGROUND_REQUEST id=2, [ Transports: CELLULAR Capabilities: INTERNET&NOT_RESTRICTED&TRUSTED&NOT_VPN] ] with score 0
06-21 23:13:48.638  2142  2142 D TelephonyNetworkFactory[1]: got request NetworkRequest [ TRACK_DEFAULT id=6, [ Capabilities: INTERNET&NOT_RESTRICTED&TRUSTED&NOT_VPN] ] with score 0
06-21 23:13:48.638  2142  2142 D TelephonyNetworkFactory[1]: got request NetworkRequest [ TRACK_DEFAULT id=9, [ Capabilities: INTERNET&NOT_RESTRICTED&TRUSTED&NOT_VPN] ] with score 0
06-21 23:13:48.647  2142  2142 D QtiSubscriptionController: getPhoneId, received dummy subId 2147483643
06-21 23:13:48.648  2142  2142 D QtiSubscriptionController: getPhoneId, received dummy subId 2147483644
06-21 23:13:48.659  2142  2142 D RILJ    : [3718]> RIL_REQUEST_QUERY_TTY_MODE [SUB0]
06-21 23:13:48.662  2142  2142 D RILJ    : [3719]> RIL_REQUEST_QUERY_TTY_MODE [SUB1]
06-21 23:13:48.669  2142  2257 D RILJ    : [3719]< RIL_REQUEST_QUERY_TTY_MODE {0} [SUB1]
06-21 23:13:48.671  2142  2257 D RILJ    : [3718]< RIL_REQUEST_QUERY_TTY_MODE {0} [SUB0]
06-21 23:13:48.696  1487  1911 D TelephonyRegistry: listen: E pkg=com.android.systemui events=0x20 notifyNow=true subId=2147483647 myUserId=0 callerUserId=0
06-21 23:13:48.697  1487  1911 D TelephonyRegistry: listen: add new record
06-21 23:13:48.697  2142  2442 D SubscriptionController: [getPhoneId] asked for default subId=2147483643
06-21 23:13:48.697  2142  2442 D QtiSubscriptionController: getPhoneId, received dummy subId 2147483643
06-21 23:13:48.698  1487  1911 D TelephonyRegistry: listen:  Register r={callingPackage=com.android.systemui binder=android.os.BinderProxy@528af7c callback=com.android.internal.telephony.IPhoneStateListener$Stub$Proxy@db2b005 onSubscriptionsChangedListenererCallback=null callerUserId=0 subId=2147483647 phoneId=0 events=20 canReadPhoneState=true} r.subId=2147483647 phoneId=0
06-21 23:13:48.698  1487  1911 D TelephonyRegistry: validatePhoneId: true
06-21 23:13:48.698  1487  1911 D TelephonyRegistry: validateEventsAndUserLocked: valid=false r.callerUserId=0 foregroundUser=0 r.events=32 events=16
06-21 23:13:48.698  1487  1911 D TelephonyRegistry: validateEventsAndUserLocked: valid=false r.callerUserId=0 foregroundUser=0 r.events=32 events=1024
06-21 23:13:48.715  2142  2142 D SubscriptionController: [getActiveSubInfoList] Sub Controller not ready
06-21 23:13:48.718  1487  1911 D TelephonyRegistry: listen oscl: E pkg=org.codeaurora.ims myUserId=0 callerUserId=0 callback=com.android.internal.telephony.IOnSubscriptionsChangedListener$Stub$Proxy@a18a475 callback.asBinder=android.os.BinderProxy@617dc0a
06-21 23:13:48.718  1487  1911 D TelephonyRegistry: listen oscl: add new record
06-21 23:13:48.718  1487  1911 D TelephonyRegistry: listen oscl:  Register r={callingPackage=org.codeaurora.ims binder=android.os.BinderProxy@617dc0a callback=null onSubscriptionsChangedListenererCallback=com.android.internal.telephony.IOnSubscriptionsChangedListener$Stub$Proxy@a18a475 callerUserId=0 subId=-1 phoneId=-1 events=0 canReadPhoneState=true}
06-21 23:13:48.718  1487  1911 D TelephonyRegistry: listen oscl: hasNotifySubscriptionInfoChangedOccurred==false no callback
06-21 23:13:48.749  1053  1053 E RILQ    : (0/1053): RIL[0][rild(1053,1053)] processRequest: ImsRadioImpl::processRequest - Error 0
06-21 23:13:48.758  1197  1449 E RILQ    : (1/1197): RIL[1][(1197,1449)] processRequest: ImsRadioImpl::processRequest - Error 0
06-21 23:13:48.764  2142  2442 D QtiSubscriptionController: getPhoneId, received dummy subId 2147483643
06-21 23:13:48.765  2142  2442 D QtiSubscriptionController: getPhoneId, received dummy subId 2147483644
06-21 23:13:48.767  2142  2442 D QtiSubscriptionController: getPhoneId, received dummy subId 2147483643
06-21 23:13:48.768  2142  2442 D QtiSubscriptionController: getPhoneId, received dummy subId 2147483643
06-21 23:13:48.813  2142  2142 D QtiGsmCdmaPhone: handleMessage: Event: 30
06-21 23:13:48.813  2142  2142 D GsmSMSDispatcher: GsmSMSDispatcher: subId = 2147483643 slotId = 0
06-21 23:13:48.813  2142  2142 D IccCardProxy: setExternalState: !override and newstate unchanged from UNKNOWN (slot 0)
06-21 23:13:48.813  2142  2142 D QtiGsmDCT: [0]QtiDcTracker handleMessage msg={ when=-565ms what=270369 obj=android.os.AsyncResult@49af1f target=com.qualcomm.qti.internal.telephony.dataconnection.QtiDcTracker }
06-21 23:13:48.813  2142  2142 D QtiGsmDCT: [0]handleMessage msg={ when=-565ms what=270369 obj=android.os.AsyncResult@49af1f target=com.qualcomm.qti.internal.telephony.dataconnection.QtiDcTracker }
06-21 23:13:48.813  2142  2142 D QtiGsmCdmaPhone: handleMessage: Event: 30
06-21 23:13:48.813  2142  2142 D GsmSMSDispatcher: GsmSMSDispatcher: subId = 2147483644 slotId = 1
06-21 23:13:48.813  2142  2142 D IccCardProxy: setExternalState: !override and newstate unchanged from UNKNOWN (slot 1)
06-21 23:13:48.813  2142  2142 D QtiGsmDCT: [1]QtiDcTracker handleMessage msg={ when=-565ms what=270369 obj=android.os.AsyncResult@3b5326c target=com.qualcomm.qti.internal.telephony.dataconnection.QtiDcTracker }
06-21 23:13:48.813  2142  2142 D QtiGsmDCT: [1]handleMessage msg={ when=-565ms what=270369 obj=android.os.AsyncResult@3b5326c target=com.qualcomm.qti.internal.telephony.dataconnection.QtiDcTracker }
06-21 23:13:48.814  2142  2142 D QtiUiccCardProvisioner: updateIccAvailability, uicc card null, ignore 1
06-21 23:13:48.814  2142  2142 D UiccController: Received EVENT_GET_ICC_STATUS_DONE
06-21 23:13:48.814  2142  2142 E UiccCard: Creating (slot 0)
06-21 23:13:48.814  2142  2142 E UiccCard: 0 applications (slot 0)
06-21 23:13:48.814  2142  2142 E UiccCard: Before privilege rules: null : CARDSTATE_ABSENT (slot 0)
06-21 23:13:48.815  2142  2142 E UiccCard: update: radioState=RADIO_ON mLastRadioState=RADIO_UNAVAILABLE (slot 0)
06-21 23:13:48.815  2142  2142 D UiccController: Notifying IccChangedRegistrants
06-21 23:13:48.815  2142  2142 D UiccController: Received EVENT_GET_ICC_STATUS_DONE
06-21 23:13:48.815  2142  2142 E UiccCard: Creating (slot 0)
06-21 23:13:48.815  2142  2142 E UiccCard: 0 applications (slot 1)
06-21 23:13:48.815  2142  2142 E UiccCard: Before privilege rules: null : CARDSTATE_ABSENT (slot 1)
06-21 23:13:48.815  2142  2142 E UiccCard: update: radioState=RADIO_ON mLastRadioState=RADIO_UNAVAILABLE (slot 1)
06-21 23:13:48.815  2142  2142 D UiccController: Notifying IccChangedRegistrants
06-21 23:13:48.815  2142  2142 D QtiGsmCdmaPhone: handleMessage: Event: 35
06-21 23:13:48.816  2142  2142 D QtiRadioCapabilityController:  radioCapabilityUpdated phoneId[0] rc = {mPhoneId = 0 mVersion=1 mSession=0 mPhase=0 mRadioAccessFamily=213320 mLogicModemId=0 mStatus=1}
06-21 23:13:48.816  2142  2142 D GsmCdmaPhone: EVENT_GET_RADIO_CAPABILITY: phone rc: {mPhoneId = 0 mVersion=1 mSession=0 mPhase=0 mRadioAccessFamily=213320 mLogicModemId=0 mStatus=1}
06-21 23:13:48.816  2142  2142 D QtiGsmCdmaPhone: handleMessage: Event: 6
06-21 23:13:48.816  2142  2142 D GsmCdmaPhone: [GsmCdmaPhone] Baseband version: 4.0.c2-00812.1-SDM845_GEN_PACK-1
06-21 23:13:48.817  2142  2142 D QtiGsmCdmaPhone: handleMessage: Event: 21
06-21 23:13:48.818  2142  2142 D GsmCdmaPhone: SIM1 mMeid: 86677803001211
06-21 23:13:48.818  2142  2142 D TelephonyManager: setTelephonyProperty: success phoneId=0 property=ril.gsm.imei value: 866778030012110 propVal=866778030012110
06-21 23:13:48.819  2142  2142 D GsmCdmaPhone: EVENT_GET_DEVICE_IDENTITY_DONE, IMEI: 866778030012110, phoneId: 0
06-21 23:13:48.819  2142  2142 D GsmCdmaPhone: [GsmCdmaPhone] broadcastImeiReadyIntent
06-21 23:13:48.833  2142  2142 D QtiGsmCdmaPhone: handleMessage: Event: 37
06-21 23:13:48.833  2142  2142 D Phone   : config LCE service failed: com.android.internal.telephony.CommandException: INTERNAL_ERR
06-21 23:13:48.833  2142  2142 D SST     : [GsmSST0] EVENT_POLL_STATE_NETWORK_SELECTION_MODE
06-21 23:13:48.834  2142  2142 D SpnOverride: No SPN in OEM image = /oem/telephony/spn-conf.xml Load SPN from system image
06-21 23:13:48.848  2142  2142 D SpnOverride: loadVirtualSpnOverridesByEfSpn
06-21 23:13:48.852  2142  2142 W SpnOverride: test mccmncspn = 20408Hi, name = Hi
06-21 23:13:48.852  2142  2142 W SpnOverride: test mccmncspn = 20408Ortel NL, name = Ortel NL
06-21 23:13:48.852  2142  2142 W SpnOverride: test mccmncspn = 20408Rabo Mobiel, name = Rabo Mobiel
06-21 23:13:48.852  2142  2142 W SpnOverride: test mccmncspn = 20412Lebara, name = Lebara
06-21 23:13:48.852  2142  2142 W SpnOverride: test mccmncspn = 20610LYCAMOBILE, name = LYCAMOBILE
06-21 23:13:48.853  2142  2142 W SpnOverride: test mccmncspn = 20620Ortel BE, name = Ortel
06-21 23:13:48.853  2142  2142 W SpnOverride: test mccmncspn = 20801C le mobile, name = NRJ Mobile
06-21 23:13:48.853  2142  2142 W SpnOverride: test mccmncspn = 20801NRJ Mobile, name = NRJ Mobile
06-21 23:13:48.853  2142  2142 W SpnOverride: test mccmncspn = 20810A MOBILE, name = A MOBILE
06-21 23:13:48.853  2142  2142 W SpnOverride: test mccmncspn = 20810AfoneMobile, name = Afone
06-21 23:13:48.853  2142  2142 W SpnOverride: test mccmncspn = 20810C le mobile, name = NRJ
06-21 23:13:48.853  2142  2142 W SpnOverride: test mccmncspn = 20810La Poste Mobile, name = La Poste Mobile
06-21 23:13:48.853  2142  2142 W SpnOverride: test mccmncspn = 20810NRJ Mobile, name = NRJ
06-21 23:13:48.853  2142  2142 W SpnOverride: test mccmncspn = 20810Simplicime, name = Simplicime
06-21 23:13:48.853  2142  2142 W SpnOverride: test mccmncspn = 22201tiscalimobile, name = Tiscali Mobile
06-21 23:13:48.853  2142  2142 W SpnOverride: test mccmncspn = 22201COOP, name = Coop
06-21 23:13:48.853  2142  2142 W SpnOverride: test mccmncspn = 22201Noverca, name = Noverca
06-21 23:13:48.853  2142  2142 W SpnOverride: test mccmncspn = 22207Noverca, name = Noverca
06-21 23:13:48.853  2142  2142 W SpnOverride: test mccmncspn = 22210BT Italia, name = BT Italia Mobile
06-21 23:13:48.853  2142  2142 W SpnOverride: test mccmncspn = 22210ERG, name = ERG Mobile
06-21 23:13:48.853  2142  2142 W SpnOverride: test mccmncspn = 22210ERG mobile, name = ERG Mobile
06-21 23:13:48.853  2142  2142 W SpnOverride: test mccmncspn = 22210PosteMobile, name = Poste Mobile
06-21 23:13:48.853  2142  2142 W SpnOverride: test mccmncspn = 22299FASTWEB, name = Fastweb
06-21 23:13:48.853  2142  2142 W SpnOverride: test mccmncspn = 23401Vectone Mobile, name = Vectone
06-21 23:13:48.853  2142  2142 W SpnOverride: test mccmncspn = 23410TESCO, name = TESCO
06-21 23:13:48.853  2142  2142 W SpnOverride: test mccmncspn = 23415ASDA Mobile, name = ASDA Mobile
06-21 23:13:48.853  2142  2142 W SpnOverride: test mccmncspn = 23415BT, name = BT Mobile
06-21 23:13:48.853  2142  2142 W SpnOverride: test mccmncspn = 23415Lebara, name = Lebara
06-21 23:13:48.853  2142  2142 W SpnOverride: test mccmncspn = 23420Lebara, name = Lebara
06-21 23:13:48.853  2142  2142 W SpnOverride: test mccmncspn = 23426GT mobile, name = GT mobile
06-21 23:13:48.853  2142  2142 W SpnOverride: test mccmncspn = 23426Lycamobile, name = Lycamobile
06-21 23:13:48.853  2142  2142 W SpnOverride: test mccmncspn = 23430Virgin, name = Virgin
06-21 23:13:48.853  2142  2142 W SpnOverride: test mccmncspn = 23431Virgin, name = Virgin
06-21 23:13:48.853  2142  2142 W SpnOverride: test mccmncspn = 23432Virgin, name = Virgin
06-21 23:13:48.853  2142  2142 W SpnOverride: test mccmncspn = 23433Now mobile, name = Now mobile
06-21 23:13:48.853  2142  2142 W SpnOverride: test mccmncspn = 26201congstar, name = Telekom.de
06-21 23:13:48.853  2142  2142 W SpnOverride: test mccmncspn = 26203blau.de, name = blau.de
06-21 23:13:48.853  2142  2142 W SpnOverride: test mccmncspn = 26203AY YILDIZ, name = AY YILDIZ
06-21 23:13:48.853  2142  2142 W SpnOverride: test mccmncspn = 26203simVOICE, name = simVOICE
06-21 23:13:48.853  2142  2142 W SpnOverride: test mccmncspn = 26203ptt-mobile, name = ptt-mobile
06-21 23:13:48.853  2142  2142 W SpnOverride: test mccmncspn = 466017-Mobile, name = 7-Mobile
06-21 23:13:48.853  2142  2142 W SpnOverride: test mccmncspn = 46601, name = 
06-21 23:13:48.853  2142  2142 W SpnOverride: test mccmncspn = 46692, name = 
06-21 23:13:48.853  2142  2142 W SpnOverride: test mccmncspn = 20404, name = 
06-21 23:13:48.853  2142  2142 W SpnOverride: test mccmncspn = 45403, name = 
06-21 23:13:48.853  2142  2142 W SpnOverride: test mccmncspn = 46001, name = 
06-21 23:13:48.853  2142  2142 W SpnOverride: test mccmncspn = 46001, name = 
06-21 23:13:48.853  2142  2142 W SpnOverride: test mccmncspn = 204048.ta , name = 8.ta
06-21 23:13:48.854  2142  2142 W SpnOverride: test mccmncspn = 20404, name = 
06-21 23:13:48.854  2142  2142 W SpnOverride: test mccmncspn = 46001Alibaba, name = 
06-21 23:13:48.854  2142  2142 W SpnOverride: test mccmncspn = 46001, name = 
06-21 23:13:48.854  2142  2142 W SpnOverride: test mccmncspn = 42503Rami Levy, name = Rami Levy
06-21 23:13:48.854  2142  2142 W SpnOverride: test mccmncspn = 46001, name = 
06-21 23:13:48.854  2142  2142 W SpnOverride: test mccmncspn = 46003, name = 
06-21 23:13:48.854  2142  2142 W SpnOverride: test mccmncspn = 46009, name = 
06-21 23:13:48.854  2142  2142 D SpnOverride: loadVirtualSpnOverridesByImsi
