06-21 23:13:33.499  1175  1175 D LocSvc_LBSProxy: injectFeatureConfig:393]: Enter
06-21 23:13:33.499  1175  1175 V LocSvc_LocApiBase: locallog:119] LocOpen Mask: 0
06-21 23:13:33.500  1175  1175 D LocSvc_LBSApiBase: addAdapter:31]: Adapter added: 0x7a68a42188
06-21 23:13:33.500  1175  1221 V LocSvc_LocApiBase: locallog:119] LocOpen Mask: 0
06-21 23:13:33.500  1175  1175 D LocSvc_LBSAdapterBase: LBSAdapterBase:30]: LBSAdapterBase created: 0x7a68a42188
06-21 23:13:33.500  1175  1221 D LocSvc_ApiV02: convertMask:2027]: adapter mask = 0
06-21 23:13:33.500  1175  1221 D LocSvc_ApiV02: open:267]: 0x0 Enter mMask: 0; mask: 0; newMask: 0           mQmiMask: 0 qmiMask: 0
06-21 23:13:33.500  1175  1175 D LocSvc_LBSProxy: locallog:390]:LBSProxyInjectFeatureConfig
06-21 23:13:33.500  1175  1221 V LocSvc_ApiV02: open:275]: reference to this = 0x7a68a54000 passed in 
06-21 23:13:33.500  1175  1221 D LocSvc_ApiV02: adjustMaskForNoSession:474]: before qmiMask=0
06-21 23:13:33.500  1175  1221 D LocSvc_ApiV02: adjustMaskForNoSession:483]: after qmiMask=0
06-21 23:13:33.500  1175  1221 I LocSvc_api_v02: locClientOpen:1962]: Service instance id is -1
06-21 23:13:33.500  1175  1175 D LocSvc_LBSProxy: injectFeatureConfig:395]: Exit
06-21 23:13:33.500  1175  1175 D LocSvc_DualCtx: injectFeatureConfig:141]: Exit
06-21 23:13:33.500  1175  1175 V LocSvc_LocApiBase: locallog:119] LocOpen Mask: 0
06-21 23:13:33.500  1175  1221 I LocSvc_api_v02: ---> locClientOpenInstance line 1845 loc client open
06-21 23:13:33.500  1175  1175 V LocSvc_IzatApiBase: addAdapter: this is 0th adapter
06-21 23:13:33.500  1175  1175 D LocSvc_xtra2: IzatPcidAdapter:23] IzatPcidAdapter created.
06-21 23:13:33.500  1175  1175 D LocSvc_xtra2: open:208] open mode=2 nv file=/data/vendor/location/xtra/xtra.sqlite
06-21 23:13:33.503  1175  1221 E QMI_FW  : QMUXD: WARNING qmi_qmux_if_pwr_up_init failed! rc=-6
06-21 23:13:33.503  1175  1221 V LocSvc_api_v02: locClientQmiCtrlPointInit:1721]: qmi_client_get_service() rc: 0 
06-21 23:13:33.503  1175  1221 V LocSvc_api_v02: locClientQmiCtrlPointInit:1730]: passing the pointer 0x7a6860d000 to qmi_client_init 
06-21 23:13:33.503  1175  1221 V LocSvc_api_v02: locClientQmiCtrlPointInit:1752]: passing the pointer 0x7a6860d000 toqmi_client_register_error_cb 
06-21 23:13:33.503  1175  1221 V LocSvc_api_v02: locClientOpenInstance:1849] locClientQmiCtrlPointInit returned 0
06-21 23:13:33.503  1175  1221 V LocSvc_api_v02: validateRequest:1111]: reqId = 33
06-21 23:13:33.503  1175  1221 V LocSvc_api_v02: validateRequest:1654]: reqId=33, len = 8
06-21 23:13:33.503  1175  1221 V LocSvc_api_v02: locClientSendReq:2113] sending reqId= 33, len = 8
06-21 23:13:33.503  1175  1221 I LocSvc_api_v02: ---> locClientSendReq line 2119 QMI_LOC_REG_EVENTS_REQ_V02
06-21 23:13:33.507  1049  1049 I Netd    : Setting up BandwidthController hooks: 54.2ms
06-21 23:13:33.507  1049  1049 I Netd    : Setting up IdletimerController hooks: 0.1ms
06-21 23:13:33.507  1049  1049 E IptablesRestoreController: IptablesRestoreController::execute(): *filter
06-21 23:13:33.507  1049  1049 E IptablesRestoreController: -S
06-21 23:13:33.507  1049  1049 E IptablesRestoreController: COMMIT
06-21 23:13:33.507  1049  1049 E IptablesRestoreController: IptablesRestoreController::execute(): *filter
06-21 23:13:33.507  1049  1049 E IptablesRestoreController: :bw_INPUT -
06-21 23:13:33.507  1049  1049 E IptablesRestoreController: :bw_OUTPUT -
06-21 23:13:33.507  1049  1049 E IptablesRestoreController: :bw_FORWARD -
06-21 23:13:33.507  1049  1049 E IptablesRestoreController: :bw_happy_box -
06-21 23:13:33.507  1049  1049 E IptablesRestoreController: :bw_penalty_box -
06-21 23:13:33.507  1049  1049 E IptablesRestoreController: :bw_data_saver -
06-21 23:13:33.507  1049  1049 E IptablesRestoreController: :bw_costly_shared -
06-21 23:13:33.507  1049  1049 E IptablesRestoreController: COMMIT
06-21 23:13:33.507  1049  1049 E IptablesRestoreController: *raw
06-21 23:13:33.507  1049  1049 E IptablesRestoreController: :bw_raw_PREROUTING -
06-21 23:13:33.507  1049  1049 E IptablesRestoreController: COMMIT
06-21 23:13:33.507  1049  1049 E IptablesRestoreController: *mangle
06-21 23:13:33.507  1049  1049 E IptablesRestoreController: :bw_mangle_POSTROUTING -
06-21 23:13:33.507  1049  1049 E IptablesRestoreController: COMMIT
06-21 23:13:33.512  1173  1173 D slim_daemon: [QMISLIM] slim_QSQmiSvc_Register: QMI-SLIM Service started
06-21 23:13:33.513  1173  1173 I slim_daemon: [QMISLIM] slim_QSQmiSvcTask_Init: QMI-SLIM Service Task Initialized
06-21 23:13:33.513  1173  1173 D slim_daemon: [QMISLIM] slim_QSQmiSvcTask_SetPeerMask: Configuring client mask: 6
06-21 23:13:33.513  1173  1173 V slim_daemon: [QMILOC] get: Entering function
06-21 23:13:33.513  1173  1173 D LocSvc_DualCtx: getLocFgContext:87]: querying ContextBase with tCreator
06-21 23:13:33.513  1173  1173 D LocSvc_DualCtx: getLocFgContext:89]: creating msgTask with tCreator
06-21 23:13:33.513  1173  1173 D LocSvc_CtxBase: getLBSProxy:177]: getLBSProxy libname: liblbs_core.so
06-21 23:13:33.513  1173  1173 D LocSvc_CtxBase: getLBSProxy:193]: Exiting
06-21 23:13:33.514  1173  1173 D GPS_UTILS: loc_get_target_baseband:95]: Baseband: sdm
06-21 23:13:33.514  1173  1173 D GPS_UTILS: cat /sys/devices/soc0/hw_platform: MTP
06-21 23:13:33.514  1173  1173 D GPS_UTILS: cat /sys/devices/soc0/soc_id: 321
06-21 23:13:33.514  1173  1173 D GPS_UTILS: loc_get_auto_platform_name:123]: Autoplatform name: 
06-21 23:13:33.514  1173  1173 E GPS_UTILS: open failed: /target: No such file or directory
06-21 23:13:33.514  1173  1173 W GPS_UTILS: HAL: loc_get_target returned 3
06-21 23:13:33.515  1173  1173 D LocSvc_utils_cfg: loc_read_conf: using /vendor/etc/gps.conf
06-21 23:13:33.515  1173  1173 D LocSvc_utils_cfg: loc_read_conf_r:283]: num_params: 2
06-21 23:13:33.515  1173  1173 D LocSvc_utils_cfg: loc_set_config_entry: PARAM DEBUG_LEVEL = 5
06-21 23:13:33.515  1173  1173 D LocSvc_utils_cfg: loc_read_conf_r:287]: fgets returned NULL
06-21 23:13:33.515  1173  1173 D LocSvc_utils_cfg: loc_read_conf: using /vendor/etc/gps.conf
06-21 23:13:33.515  1173  1173 D LocSvc_utils_cfg: loc_read_conf_r:283]: num_params: 1
06-21 23:13:33.515  1173  1173 D LocSvc_utils_cfg: loc_set_config_entry: PARAM AP_TIMESTAMP_UNCERTAINTY = 10
06-21 23:13:33.515  1173  1173 D LocSvc_utils_cfg: loc_read_conf_r:283]: num_params: 2
06-21 23:13:33.515  1173  1173 D LocSvc_utils_cfg: loc_set_config_entry: PARAM DEBUG_LEVEL = 5
06-21 23:13:33.515  1173  1173 D LocSvc_utils_cfg: loc_read_conf_r:287]: fgets returned NULL
06-21 23:13:33.516  1173  1173 D LocSvc_IzatApiBase: IzatApiBase:29]: IzatApiBase created
06-21 23:13:33.516  1173  1173 D LocSvc_IzatApiV02: IzatApiV02:42]: IzatApiV02 created. locApiProxy:0x781722f660, izatApiV02:0x7817227000
06-21 23:13:33.516  1173  1173 D GPS_UTILS: LocApiProxyV02:23]: LocApiProxyV02 created:0x781722f660, mLBSApi:0x7817275700, mIzatApi:0x7817227000, 
06-21 23:13:33.516  1173  1173 D LocSvc_LBSApiBase: LBSApiBase:23]:LBSApiBase created. lbsApi:0x7817275830
06-21 23:13:33.516  1173  1173 D LocSvc_LBSApiV02: LBSApiV02:47]: LBSApiV02 created. lbsapi: 0x7817275700; locApiProxy:0x781722f660
06-21 23:13:33.516  1173  1173 D LocSvc_DualCtx: getLocFgContext:95]: mInjectContext is FgContext
06-21 23:13:33.516  1173  1173 D LocSvc_DualCtx: injectFeatureConfig:135]: Enter
06-21 23:13:33.516  1173  1173 D LocSvc_DualCtx: injectFeatureConfig:138]: Calling LBSProxy (0x781722d130) to inject feature config
06-21 23:13:33.516  1173  1173 D LocSvc_LBSProxy: injectFeatureConfig:393]: Enter
06-21 23:13:33.516  1173  1173 V LocSvc_LocApiBase: locallog:119] LocOpen Mask: 0
06-21 23:13:33.516  1173  1173 D LocSvc_LBSApiBase: addAdapter:31]: Adapter added: 0x7817242608
06-21 23:13:33.516  1173  1173 D LocSvc_LBSAdapterBase: LBSAdapterBase:30]: LBSAdapterBase created: 0x7817242608
06-21 23:13:33.516  1173  1173 D LocSvc_LBSProxy: locallog:390]:LBSProxyInjectFeatureConfig
06-21 23:13:33.516  1173  1173 D LocSvc_LBSProxy: injectFeatureConfig:395]: Exit
06-21 23:13:33.516  1173  1173 D LocSvc_DualCtx: injectFeatureConfig:141]: Exit
06-21 23:13:33.516  1173  1173 V LocSvc_LocApiBase: locallog:119] LocOpen Mask: 30c00
06-21 23:13:33.516  1173  1173 D LocSvc_LBSApiBase: addAdapter:31]: Adapter added: 0x7817243780
06-21 23:13:33.516  1173  1173 D LocSvc_LBSAdapterBase: LBSAdapterBase:30]: LBSAdapterBase created: 0x7817243780
06-21 23:13:33.516  1173  1173 D slim_daemon: [SLIM] ClientListener: ClientListener created. ClientListener: 0x78172437b8
06-21 23:13:33.516  1173  1173 D slim_daemon: [QMILOC] QLClientListener: QLClientListener created.
06-21 23:13:33.516  1173  1173 V slim_daemon: [SLIM] slimOpen: Entering function
06-21 23:13:33.516  1173  1173 D slim_daemon: [SLIM] slim_InternalOpen: client=1 instance=0
06-21 23:13:33.516  1173  1173 D slim_daemon: [QMILOC] handleOpenResponse: QMI-LOC client connection opened
06-21 23:13:33.516  1173  1173 D slim_daemon: [SLIM] slim_CoreOpenClientConnection: request OK.
06-21 23:13:33.516  1173  1173 V slim_daemon: [MAIN] openClientConnection: Entering function
06-21 23:13:33.517  1173  1173 D slim_daemon: [SLIM] slim_ServiceStatusAddClient: adding client 1 (1).
06-21 23:13:33.517  1173  1173 D slim_daemon: [SLIM] No pending timeout events
06-21 23:13:33.517  1173  1173 V slim_daemon: [MAIN] run: Got IPC: 9902 from 0
06-21 23:13:33.517  1173  1173 D slim_daemon: [SLIM] No pending timeout events
06-21 23:13:33.518  1173  1245 V LocSvc_LocApiBase: locallog:119] LocOpen Mask: 30c00
06-21 23:13:33.518  1173  1245 D LocSvc_ApiV02: convertMask:2027]: adapter mask = 199680
06-21 23:13:33.518  1173  1245 D LocSvc_ApiV02: open:267]: 0x0 Enter mMask: 0; mask: 30c00; newMask: 30c00           mQmiMask: 0 qmiMask: 396288
06-21 23:13:33.518  1173  1245 V LocSvc_ApiV02: open:275]: reference to this = 0x7817275700 passed in 
06-21 23:13:33.518  1048  1048 W ADebug  : Failed to get property persist.sys.media.traces
06-21 23:13:33.518  1173  1245 D LocSvc_ApiV02: adjustMaskForNoSession:474]: before qmiMask=396288
06-21 23:13:33.518  1173  1245 D LocSvc_ApiV02: adjustMaskForNoSession:483]: after qmiMask=396288
06-21 23:13:33.518  1173  1245 I LocSvc_api_v02: locClientOpen:1962]: Service instance id is -1
06-21 23:13:33.518  1173  1245 I LocSvc_api_v02: ---> locClientOpenInstance line 1845 loc client open
06-21 23:13:33.523  1173  1245 E QMI_FW  : QMUXD: WARNING qmi_qmux_if_pwr_up_init failed! rc=-6
06-21 23:13:33.523  1173  1245 V LocSvc_api_v02: locClientQmiCtrlPointInit:1721]: qmi_client_get_service() rc: 0 
06-21 23:13:33.523  1173  1245 V LocSvc_api_v02: locClientQmiCtrlPointInit:1730]: passing the pointer 0x7816e22100 to qmi_client_init 
06-21 23:13:33.523  1173  1245 V LocSvc_api_v02: locClientQmiCtrlPointInit:1752]: passing the pointer 0x7816e22100 toqmi_client_register_error_cb 
06-21 23:13:33.523  1173  1245 V LocSvc_api_v02: locClientOpenInstance:1849] locClientQmiCtrlPointInit returned 0
06-21 23:13:33.523  1173  1245 V LocSvc_api_v02: validateRequest:1111]: reqId = 33
06-21 23:13:33.523  1173  1245 V LocSvc_api_v02: validateRequest:1654]: reqId=33, len = 8
06-21 23:13:33.523  1173  1245 V LocSvc_api_v02: locClientSendReq:2113] sending reqId= 33, len = 8
06-21 23:13:33.523  1173  1245 I LocSvc_api_v02: ---> locClientSendReq line 2119 QMI_LOC_REG_EVENTS_REQ_V02
06-21 23:13:33.526  1028  1028 W ADebug  : Failed to get property persist.sys.media.traces
06-21 23:13:33.527  1175  1175 D LocSvc_xtra2: open:222] openDB success
06-21 23:13:33.527  1175  1175 D LocSvc_xtra2: readNvItem:244] readItem name=xtra_modem_boot_time
06-21 23:13:33.528  1175  1175 D LocSvc_xtra2: readNvItem:260] item found value=239
06-21 23:13:33.528  1175  1175 D LocSvc_xtra2: saveNvItem:227] save NV item name=xtra_modem_boot_time value=32
06-21 23:13:33.541  1173  1173 V slim_daemon: [MAIN] run: Got IPC: 9902 from 0
06-21 23:13:33.541  1173  1173 D slim_daemon: [QMISLIM] slim_QSQmiSvcClt_ProcessReq: Got request: msg=32 h=0:1
06-21 23:13:33.541  1173  1173 D slim_daemon: [QMISLIM] QSQmiSvcTask_NewCallback: Creating callback: this node=2 remote peer=1
06-21 23:13:33.541  1173  1173 D slim_daemon: [QMISLIM] QSQmiSvcTaskSvcCb_Open: Disabling remote providers for client 1 (2)
06-21 23:13:33.541  1173  1173 I slim_daemon: [QMISLIM] QSQmiSvcTaskSvcCb_Open: Forwarding open request: flags=2 client_id=2 peer=1
06-21 23:13:33.541  1173  1173 D slim_daemon: [SLIM] slim_InternalOpen: client=2 instance=0
06-21 23:13:33.541  1173  1173 D slim_daemon: [QMISLIM] QSQmiSvcTask_SlimCb: SLIM CB: task=1 clt=2
06-21 23:13:33.541  1173  1173 I slim_daemon: [QMISLIM] slim_QSQmiSvcTask_HandleIpc: IPC_SLIM_QS_TO_TASK_SLIM_CALLBACK_MSG
06-21 23:13:33.541  1173  1173 D slim_daemon: [QMISLIM] QSQmiSvcClt_HandleSlimResponse: OPEN_RESP: status=0
06-21 23:13:33.541  1173  1173 D slim_daemon: [SLIM] slim_CoreOpenClientConnection: request OK.
06-21 23:13:33.541  1173  1173 V slim_daemon: [MAIN] openClientConnection: Entering function
06-21 23:13:33.541  1173  1173 D slim_daemon: [SLIM] slim_ServiceStatusAddClient: adding client 2 (2).
06-21 23:13:33.541  1173  1173 D slim_daemon: [SLIM] No pending timeout events
06-21 23:13:33.541  1173  1173 D slim_daemon: [QMISLIM] QSQmiSvcClt_ProcessRegisterReq: Client registered: h=0:1
06-21 23:13:33.541  1173  1173 D slim_daemon: [QMISLIM] slim_QSQmiSvcClt_ProcessReq: Request 32 result 1
06-21 23:13:33.541  1173  1173 D slim_daemon: [SLIM] No pending timeout events
06-21 23:13:33.544  1175  1175 D LocSvc_xtra2: saveNvItem:238] save NV item success.
06-21 23:13:33.544  1175  1175 D LocSvc_xtra2: updateModemBootTime:272] modem boot/reboot time set to 32 sec
06-21 23:13:33.544  1175  1175 D LocSvc_xtra2: XtraUserAgent:39] system boot/reboot. set modem boot time as 32 sec
06-21 23:13:33.544  1175  1175 D LocSvc_xtra2: XtraDataRequest:111] XtraDataRequest created.
06-21 23:13:33.544  1175  1175 D LocSvc_xtra2: XtraTimeRequest:34] XtraTimeRequest created.
06-21 23:13:33.544  1175  1175 D LocSvc_DualCtx: getLocFgContext:87]: querying ContextBase with tCreator
06-21 23:13:33.544  1175  1175 V LocSvc_LocApiBase: locallog:119] LocOpen Mask: 20
06-21 23:13:33.544  1175  1175 V LocSvc_IzatApiBase: addAdapter: this is 1th adapter
06-21 23:13:33.544  1175  1175 D LocSvc_xtra2: XtraConfig:29] XtraConfig created. TARGET_BUILD_VARIANT_USER:0
06-21 23:13:33.544  1175  1175 D LocSvc_utils_cfg: loc_read_conf: using /vendor/etc/gps.conf
06-21 23:13:33.544  1175  1175 D LocSvc_utils_cfg: loc_read_conf_r:283]: num_params: 9
06-21 23:13:33.545  1175  1175 D LocSvc_utils_cfg: loc_set_config_entry: PARAM XTRA_VERSION_CHECK = 0
06-21 23:13:33.545  1175  1175 D LocSvc_utils_cfg: loc_set_config_entry: PARAM NTP_SERVER = time.izatcloud.net
06-21 23:13:33.545  1175  1175 D LocSvc_utils_cfg: loc_set_config_entry: PARAM XTRA_CA_PATH = /system/etc/security/cacerts
06-21 23:13:33.545  1175  1175 D LocSvc_utils_cfg: loc_set_config_entry: PARAM CAPABILITIES = 55
06-21 23:13:33.545  1175  1175 D LocSvc_utils_cfg: loc_read_conf_r:287]: fgets returned NULL
06-21 23:13:33.545  1175  1175 D LocSvc_utils_cfg: loc_read_conf_r:283]: num_params: 2
06-21 23:13:33.545  1175  1175 D LocSvc_utils_cfg: loc_set_config_entry: PARAM DEBUG_LEVEL = 5
06-21 23:13:33.545  1175  1175 D LocSvc_utils_cfg: loc_read_conf_r:287]: fgets returned NULL
06-21 23:13:33.545  1175  1175 D LocSvc_xtra2: XtraConfig:73] XTRA_VERSION_CHECK is 0
06-21 23:13:33.545  1175  1175 D LocSvc_xtra2: XtraConfig:77] CAPABILITIES is 55. LOC_GPS_CAPABILITY_ON_DEMAND_TIME is 1.
06-21 23:13:33.545  1175  1175 D LocSvc_xtra2: XtraConfig:85] read NTP_SERVER from /vendor/etc/gps.conf : time.izatcloud.net
06-21 23:13:33.545  1175  1175 D LocSvc_xtra2: XtraConfig:91] NTP_SERVER_2 is empty in /vendor/etc/gps.conf.
06-21 23:13:33.545  1175  1175 D LocSvc_xtra2: XtraConfig:99] NTP_SERVER_3 is empty in /vendor/etc/gps.conf.
06-21 23:13:33.545  1175  1175 D LocSvc_xtra2: updateNtpServers:265] Ntp server Size:1 : time.izatcloud.net, , 
06-21 23:13:33.545  1175  1175 D LocSvc_xtra2: XtraConfig:113] read XTRA_CA_PATH from /vendor/etc/gps.conf : /system/etc/security/cacerts
06-21 23:13:33.546  1175  1175 D LocSvc_xtra2: XtraConfig:117] XTRA_TEST_ENABLED = 0
06-21 23:13:33.546  1175  1175 D LocSvc_xtra2: XtraConfig:121] XTRA_SYSTEM_TIME_INJECT = 0
06-21 23:13:33.546  1175  1175 D LocSvc_xtra2: XtraConfig:124] XTRA_DISABLE_MP_DOWNLOAD_TIMER = 1
06-21 23:13:33.546  1175  1175 D LocSvc_xtra2: XtraConfig:170] NTP interval is 86400 sec.
06-21 23:13:33.546  1175  1175 D LocSvc_xtra2: XtraConfig:177] XTRA_INTERVAL = 604800 sec
06-21 23:13:33.546  1175  1175 D LocSvc_xtra2: XtraConfig:181] RETRY_INTERVAL_BASE = 240 sec
06-21 23:13:33.546  1175  1175 D LocSvc_xtra2: XtraConfig:185] XTRA_RETRY_LONG_INTERVAL = 86400 sec
06-21 23:13:33.546  1175  1175 D LocSvc_xtra2: XtraConfig:189] XTRA_RETRY_TIMES_CAP = 12
06-21 23:13:33.546  1175  1175 D LocSvc_xtra2: XtraConfig:192] NTP_RETRY_TIMEs_CAP = 3
06-21 23:13:33.546  1175  1175 D LocSvc_xtra2: XtraConfig:196] XTRA_UA_MANUFACTURER = 
06-21 23:13:33.546  1175  1175 D LocSvc_xtra2: XtraConfig:199] XTRA_UA_MODEL = 
06-21 23:13:33.546  1175  1175 D LocSvc_xtra2: XtraConfig:202] XTRA_UA_CARRIER = 
06-21 23:13:33.546  1175  1175 D LocSvc_xtra2: XtraConfig:205] XTRA_UA_BRAND = 
06-21 23:13:33.546  1175  1175 D LocSvc_xtra2: XtraConfig:209] XTRA_THTROTTLE_ENABLED = 1, config value = 1, USER = 0
06-21 23:13:33.546  1175  1175 D LocSvc_xtra2: XtraTimer:16] XtraTimer xtra timer created.
06-21 23:13:33.546  1175  1175 D LocSvc_xtra2: XtraTimer:16] XtraTimer ntp timer created.
06-21 23:13:33.546  1175  1175 D LocSvc_xtra2: XtraTimer:16] XtraTimer xtra retry timer created.
06-21 23:13:33.546  1175  1175 D LocSvc_xtra2: XtraTimer:16] XtraTimer ntp retry timer created.
06-21 23:13:33.546  1175  1175 D LocSvc_xtra2: XtraTimer:16] XtraTimer ntp delay timer created.
06-21 23:13:33.546  1175  1175 D LocSvc_xtra2: XtraTimer:16] XtraTimer bootup_delay_timer created.
06-21 23:13:33.546  1175  1175 D LocSvc_xtra2: XtraTimer:16] XtraTimer handshake_retry_timer created.
06-21 23:13:33.546  1175  1175 D LocSvc_xtra2: XtraClient:93] XtraClient created.
06-21 23:13:33.546  1175  1175 D LocSvc_xtra2: readNvItem:244] readItem name=xtradownloadtime
06-21 23:13:33.546  1049  1049 E IptablesRestoreController: IptablesRestoreController::execute(): *filter
06-21 23:13:33.546  1049  1049 E IptablesRestoreController: -A bw_INPUT -m owner --socket-exists
06-21 23:13:33.546  1049  1049 E IptablesRestoreController: -A bw_OUTPUT -m owner --socket-exists
06-21 23:13:33.546  1049  1049 E IptablesRestoreController: -A bw_costly_shared --jump bw_penalty_box
06-21 23:13:33.546  1049  1049 E IptablesRestoreController: -A bw_penalty_box --jump bw_happy_box
06-21 23:13:33.546  1049  1049 E IptablesRestoreController: -A bw_happy_box --jump bw_data_saver
06-21 23:13:33.546  1049  1049 E IptablesRestoreController: -A bw_data_saver -j RETURN
06-21 23:13:33.546  1049  1049 E IptablesRestoreController: -I bw_happy_box -m owner --uid-owner 0-9999 --jump RETURN
06-21 23:13:33.546  1049  1049 E IptablesRestoreController: COMMIT
06-21 23:13:33.546  1049  1049 E IptablesRestoreController: *raw
06-21 23:13:33.546  1049  1049 E IptablesRestoreController: -A bw_raw_PREROUTING -m owner --socket-exists
06-21 23:13:33.546  1049  1049 E IptablesRestoreController: COMMIT
06-21 23:13:33.546  1049  1049 E IptablesRestoreController: *mangle
06-21 23:13:33.546  1049  1049 E IptablesRestoreController: -A bw_mangle_POSTROUTING -m owner --socket-exists
06-21 23:13:33.546  1049  1049 E IptablesRestoreController: COMMIT
06-21 23:13:33.547  1028  1028 D AndroidRuntime: >>>>>> START com.android.internal.os.ZygoteInit uid 0 <<<<<<
06-21 23:13:33.547  1175  1175 D LocSvc_xtra2: readNvItem:260] item found value=1529582287
06-21 23:13:33.547  1175  1175 D LocSvc_xtra2: stop:55] time xtra timer not started yet.
06-21 23:13:33.547  1175  1175 D LocSvc_xtra2: start:31] start timer xtra timer, waiting 593074000 ms...
06-21 23:13:33.548  1048  1048 I mediaserver: ServiceManager: 0xe7f18b80
06-21 23:13:33.548  1048  1048 W BatteryNotifier: batterystats service unavailable!
06-21 23:13:33.548  1175  1175 E LocSvc_LocIpc: send:170] cannot send to socket. reason:Connection refused
06-21 23:13:33.548  1175  1175 D LocSvc_xtra2: start:31] start timer handshake_retry_timer, waiting 1000 ms...
06-21 23:13:33.548  1175  1175 D LocSvc_xtra2: XtraHolder:40] XTRA initialized.
06-21 23:13:33.560   709   922 D SDM     : DisplayBase::BuildLayerStackStats: LayerStack layer_count: 2, app_layer_count: 1, gpu_target_index: 1, display type: 0
06-21 23:13:33.561  1175  1221 V LocSvc_api_v02: locClientSendReq:2131] qmi_client_send_msg_sync returned 0
06-21 23:13:33.562  1175  1221 V LocSvc_api_v02: convertQmiResponseToLocStatus:821]: result = 0, error = 0, status = 0
06-21 23:13:33.562  1175  1221 D LocSvc_api_v02: locClientOpenInstance:1906]: returning handle = 0x7a6860d000, user_handle=0x2, status = 0
06-21 23:13:33.562  1175  1221 I LocSvc_api_v02: ---> locClientSupportMsgCheck line 2238 QMI_LOC_GET_SUPPORTED_MSGS_REQ_V02
06-21 23:13:33.562  1049  1049 I Netd    : Disabling bandwidth control: 55.1ms
06-21 23:13:33.565  1049  1049 I Netd    : Initializing RouteController: 3.4ms
06-21 23:13:33.566  1049  1049 E Netd    : Unable to create netlink socket: Protocol not supported
06-21 23:13:33.566  1049  1049 W Netd    : Unable to open qlog quota socket, check if xt_quota2 can send via UeventHandler
06-21 23:13:33.567  1173  1245 V LocSvc_api_v02: locClientSendReq:2131] qmi_client_send_msg_sync returned 0
06-21 23:13:33.567  1173  1245 V LocSvc_api_v02: convertQmiResponseToLocStatus:821]: result = 0, error = 0, status = 0
06-21 23:13:33.567  1173  1245 D LocSvc_api_v02: locClientOpenInstance:1906]: returning handle = 0x7816e22100, user_handle=0x2, status = 0
06-21 23:13:33.567  1173  1245 I LocSvc_api_v02: ---> locClientSupportMsgCheck line 2238 QMI_LOC_GET_SUPPORTED_MSGS_REQ_V02
06-21 23:13:33.572  1175  1221 V LocSvc_api_v02: locClientSupportMsgCheck:2249] qmi_client_send_msg_sync returned 0
06-21 23:13:33.572  1175  1221 V LocSvc_api_v02: convertQmiResponseToLocStatus:821]: result = 0, error = 0, status = 0
06-21 23:13:33.572  1175  1221 V LocSvc_api_v02: locClientSupportMsgCheck:2262]eLOC_CLIENT_SUCCESS == status
06-21 23:13:33.572  1175  1221 V LocSvc_api_v02: locClientSupportMsgCheck:2268]: supportedMsgChecked is 7
06-21 23:13:33.572  1175  1221 V LocSvc_api_v02: validateRequest:1111]: reqId = 157
06-21 23:13:33.572  1175  1221 V LocSvc_api_v02: validateRequest:1654]: reqId=157, len = 4
06-21 23:13:33.572  1175  1221 V LocSvc_api_v02: locClientSendReq:2113] sending reqId= 157, len = 4
06-21 23:13:33.572  1175  1221 I LocSvc_api_v02: ---> locClientSendReq line 2119 QMI_LOC_QUERY_AON_CONFIG_REQ_V02
06-21 23:13:33.576  1173  1245 V LocSvc_api_v02: locClientSupportMsgCheck:2249] qmi_client_send_msg_sync returned 0
06-21 23:13:33.576  1173  1245 V LocSvc_api_v02: convertQmiResponseToLocStatus:821]: result = 0, error = 0, status = 0
06-21 23:13:33.576  1173  1245 V LocSvc_api_v02: locClientSupportMsgCheck:2262]eLOC_CLIENT_SUCCESS == status
06-21 23:13:33.576  1173  1245 V LocSvc_api_v02: locClientSupportMsgCheck:2268]: supportedMsgChecked is 7
06-21 23:13:33.576  1173  1245 V LocSvc_api_v02: validateRequest:1111]: reqId = 157
06-21 23:13:33.576  1173  1245 V LocSvc_api_v02: validateRequest:1654]: reqId=157, len = 4
06-21 23:13:33.576  1173  1245 V LocSvc_api_v02: locClientSendReq:2113] sending reqId= 157, len = 4
06-21 23:13:33.576  1173  1245 I LocSvc_api_v02: ---> locClientSendReq line 2119 QMI_LOC_QUERY_AON_CONFIG_REQ_V02
06-21 23:13:33.576  1175  1221 V LocSvc_api_v02: locClientSendReq:2131] qmi_client_send_msg_sync returned 0
06-21 23:13:33.576  1175  1221 V LocSvc_api_v02: convertQmiResponseToLocStatus:821]: result = 0, error = 0, status = 0
06-21 23:13:33.576  1175  1244 V LocSvc_api_v02: locClientIndCb:931]: Indication: msg_id=157 buf_len=21 pCallbackData = 0x7a6860d000
06-21 23:13:33.576  1175  1244 V LocSvc_api_v02: locClientGetSizeByRespIndId:2307]: resp ind Id 157 size = 20
06-21 23:13:33.576  1175  1244 V LocSvc_api_v02: locClientGetSizeAndTypeByIndId:722]: indId 157 is a resp size = 20
06-21 23:13:33.576  1175  1244 I LocSvc_ApiV02: <--- globalRespCb line 141 QMI_LOC_QUERY_AON_CONFIG_REQ_V02
06-21 23:13:33.576  1175  1244 V LocSvc_ApiV02: globalRespCb:146] client = 0x7a6860d000, resp id = 157, client cookie ptr = 0x7a68a54000
06-21 23:13:33.576  1175  1221 D LocSvc_api_v02: loc_free_slot:296]: freeing slot 0
06-21 23:13:33.576  1175  1221 D LocSvc_ApiV02: open:350]: Query AON config succeeded. aonCapability is 63.
06-21 23:13:33.576  1175  1221 D LocSvc_ApiV02: open:354]: LB 1.0 is supported.
06-21 23:13:33.576  1175  1221 D LocSvc_ApiV02: open:358]: LB 1.5 is supported.
06-21 23:13:33.576  1175  1221 D LocSvc_ApiV02: open:364]: LB 2.0 is supported.
06-21 23:13:33.576  1175  1221 D LocSvc_ApiV02: open:370]: DBT 2.0 is supported.
06-21 23:13:33.576  1175  1221 D LocSvc_ApiV02: open:375]: Updating tracking TBF on the fly is supported.
06-21 23:13:33.576  1175  1221 D LocSvc_ApiV02: open:382]: OTB is supported.
06-21 23:13:33.577  1175  1221 V LocSvc_ApiV02: open:393]: supportedMsgList is 127. 
06-21 23:13:33.577  1175  1221 V LocSvc_api_v02: validateRequest:1111]: reqId = 169
06-21 23:13:33.577  1175  1221 V LocSvc_api_v02: validateRequest:1654]: reqId=169, len = 1
06-21 23:13:33.577  1175  1221 V LocSvc_api_v02: locClientSendReq:2113] sending reqId= 169, len = 1
06-21 23:13:33.577  1175  1221 I LocSvc_api_v02: ---> locClientSendReq line 2119 QMI_LOC_GET_SUPPORTED_FEATURE_REQ_V02
06-21 23:13:33.579  1173  1247 V LocSvc_api_v02: locClientIndCb:931]: Indication: msg_id=157 buf_len=21 pCallbackData = 0x7816e22100
06-21 23:13:33.579  1173  1247 V LocSvc_api_v02: locClientGetSizeByRespIndId:2307]: resp ind Id 157 size = 20
06-21 23:13:33.579  1173  1247 V LocSvc_api_v02: locClientGetSizeAndTypeByIndId:722]: indId 157 is a resp size = 20
06-21 23:13:33.579  1173  1247 I LocSvc_ApiV02: <--- globalRespCb line 141 QMI_LOC_QUERY_AON_CONFIG_REQ_V02
06-21 23:13:33.579  1173  1247 V LocSvc_ApiV02: globalRespCb:146] client = 0x7816e22100, resp id = 157, client cookie ptr = 0x7817275700
06-21 23:13:33.579  1175  1244 V LocSvc_api_v02: locClientIndCb:931]: Indication: msg_id=169 buf_len=12 pCallbackData = 0x7a6860d000
06-21 23:13:33.579  1175  1244 V LocSvc_api_v02: locClientGetSizeByRespIndId:2307]: resp ind Id 169 size = 108
06-21 23:13:33.579  1175  1244 V LocSvc_api_v02: locClientGetSizeAndTypeByIndId:722]: indId 169 is a resp size = 108
06-21 23:13:33.579  1175  1244 I LocSvc_ApiV02: <--- globalRespCb line 141 QMI_LOC_GET_SUPPORTED_FEATURE_REQ_V02
06-21 23:13:33.579  1175  1244 V LocSvc_ApiV02: globalRespCb:146] client = 0x7a6860d000, resp id = 169, client cookie ptr = 0x7a68a54000
06-21 23:13:33.579  1175  1221 V LocSvc_api_v02: locClientSendReq:2131] qmi_client_send_msg_sync returned 0
06-21 23:13:33.579  1175  1221 V LocSvc_api_v02: convertQmiResponseToLocStatus:821]: result = 0, error = 0, status = 0
06-21 23:13:33.580  1175  1221 D LocSvc_api_v02: loc_free_slot:296]: freeing slot 0
06-21 23:13:33.580  1175  1221 D LocSvc_ApiV02: open:417:0]: Got list of features supported of length:1 
06-21 23:13:33.580  1175  1221 D LocSvc_ApiV02: Bit-mask of supported features at index:0 is 7
06-21 23:13:33.580  1175  1221 D LocSvc_ApiV02: open:451]: Exit mMask: 0; mask: 0 mQmiMask: 0 qmiMask: 0
06-21 23:13:33.580  1175  1221 D LocSvc_ApiV02: cacheGnssMeasurementSupport:4596]: set GNSS measurement.
06-21 23:13:33.580  1175  1221 V LocSvc_api_v02: validateRequest:1111]: reqId = 136
06-21 23:13:33.580  1175  1221 V LocSvc_api_v02: validateRequest:1654]: reqId=136, len = 32
06-21 23:13:33.580  1175  1221 V LocSvc_api_v02: locClientSendReq:2113] sending reqId= 136, len = 32
06-21 23:13:33.580  1175  1221 I LocSvc_api_v02: ---> locClientSendReq line 2119 QMI_LOC_SET_GNSS_CONSTELL_REPORT_CONFIG_V02
06-21 23:13:33.580  1173  1245 V LocSvc_api_v02: locClientSendReq:2131] qmi_client_send_msg_sync returned 0
06-21 23:13:33.580  1173  1245 V LocSvc_api_v02: convertQmiResponseToLocStatus:821]: result = 0, error = 0, status = 0
06-21 23:13:33.580  1173  1245 D LocSvc_api_v02: loc_free_slot:296]: freeing slot 0
06-21 23:13:33.580  1173  1245 D LocSvc_ApiV02: open:350]: Query AON config succeeded. aonCapability is 63.
06-21 23:13:33.580  1173  1245 D LocSvc_ApiV02: open:354]: LB 1.0 is supported.
06-21 23:13:33.580  1173  1245 D LocSvc_ApiV02: open:358]: LB 1.5 is supported.
06-21 23:13:33.580  1173  1245 D LocSvc_ApiV02: open:364]: LB 2.0 is supported.
06-21 23:13:33.580  1173  1245 D LocSvc_ApiV02: open:370]: DBT 2.0 is supported.
06-21 23:13:33.580  1173  1245 D LocSvc_ApiV02: open:375]: Updating tracking TBF on the fly is supported.
06-21 23:13:33.580  1173  1245 D LocSvc_ApiV02: open:382]: OTB is supported.
06-21 23:13:33.580  1173  1245 V LocSvc_ApiV02: open:393]: supportedMsgList is 127. 
06-21 23:13:33.580  1173  1245 V LocSvc_api_v02: validateRequest:1111]: reqId = 169
06-21 23:13:33.580  1173  1245 V LocSvc_api_v02: validateRequest:1654]: reqId=169, len = 1
06-21 23:13:33.580  1173  1245 V LocSvc_api_v02: locClientSendReq:2113] sending reqId= 169, len = 1
06-21 23:13:33.580  1173  1245 I LocSvc_api_v02: ---> locClientSendReq line 2119 QMI_LOC_GET_SUPPORTED_FEATURE_REQ_V02
06-21 23:13:33.582  1175  1221 V LocSvc_api_v02: locClientSendReq:2131] qmi_client_send_msg_sync returned 0
06-21 23:13:33.582  1175  1221 V LocSvc_api_v02: convertQmiResponseToLocStatus:821]: result = 0, error = 0, status = 0
06-21 23:13:33.582  1175  1244 V LocSvc_api_v02: locClientIndCb:931]: Indication: msg_id=136 buf_len=7 pCallbackData = 0x7a6860d000
06-21 23:13:33.582  1175  1244 V LocSvc_api_v02: locClientGetSizeByRespIndId:2307]: resp ind Id 136 size = 4
06-21 23:13:33.582  1175  1244 V LocSvc_api_v02: locClientGetSizeAndTypeByIndId:722]: indId 136 is a resp size = 4
06-21 23:13:33.582  1175  1244 I LocSvc_ApiV02: <--- globalRespCb line 141 QMI_LOC_SET_GNSS_CONSTELL_REPORT_CONFIG_V02
06-21 23:13:33.582  1175  1244 V LocSvc_ApiV02: globalRespCb:146] client = 0x7a6860d000, resp id = 136, client cookie ptr = 0x7a68a54000
06-21 23:13:33.582  1175  1221 D LocSvc_api_v02: loc_free_slot:296]: freeing slot 0
06-21 23:13:33.582  1175  1221 D LocSvc_ApiV02: cacheGnssMeasurementSupport:4630]: Set GNSS constellation succeeded.
06-21 23:13:33.582  1175  1221 V LocSvc_ApiV02: cacheGnssMeasurementSupport:4635]: mGnssMeasurementSupported is 1
06-21 23:13:33.582  1175  1221 D LocSvc_utils_cfg: loc_read_conf: using /vendor/etc/izat.conf
06-21 23:13:33.582  1175  1221 D LocSvc_utils_cfg: loc_read_conf_r:283]: num_params: 4
06-21 23:13:33.582  1175  1221 D LocSvc_utils_cfg: loc_set_config_entry: PARAM GTP_CELL_PROC = MODEM
06-21 23:13:33.582  1175  1221 D LocSvc_utils_cfg: loc_set_config_entry: PARAM GTP_CELL = BASIC
06-21 23:13:33.582  1175  1221 D LocSvc_utils_cfg: loc_set_config_entry: PARAM GTP_WIFI = BASIC
06-21 23:13:33.582  1175  1221 D LocSvc_utils_cfg: loc_set_config_entry: PARAM SAP = BASIC
06-21 23:13:33.582  1175  1221 D LocSvc_utils_cfg: loc_read_conf_r:283]: num_params: 2
06-21 23:13:33.582  1175  1221 D LocSvc_utils_cfg: loc_read_conf_r:287]: fgets returned NULL
06-21 23:13:33.582  1175  1221 D LocSvc_LBSProxy: injectFeatureConfig:317]: GTP_CELL_PROC set to MODEM
06-21 23:13:33.582  1175  1221 D LocSvc_LBSProxy: injectFeatureConfig:319]: GTP CELL mode set to BASIC
06-21 23:13:33.582  1175  1221 D LocSvc_LBSProxy: injectFeatureConfig:339]: GTP WIFI mode set to BASIC
06-21 23:13:33.582  1175  1221 D LocSvc_LBSProxy: injectFeatureConfig:359]: Setting SAP to mode: BASIC
06-21 23:13:33.582  1175  1221 V LocSvc_api_v02: validateRequest:1111]: reqId = 132
06-21 23:13:33.582  1175  1221 V LocSvc_api_v02: validateRequest:1654]: reqId=132, len = 8
06-21 23:13:33.582  1175  1221 V LocSvc_api_v02: locClientSendReq:2113] sending reqId= 132, len = 8
06-21 23:13:33.582  1175  1221 I LocSvc_api_v02: ---> locClientSendReq line 2119 QMI_LOC_SET_PREMIUM_SERVICES_CONFIG_REQ_V02
06-21 23:13:33.583  1175  1221 V LocSvc_api_v02: locClientSendReq:2131] qmi_client_send_msg_sync returned 0
06-21 23:13:33.583  1175  1221 V LocSvc_api_v02: convertQmiResponseToLocStatus:821]: result = 0, error = 0, status = 0
06-21 23:13:33.583  1175  1244 V LocSvc_api_v02: locClientIndCb:931]: Indication: msg_id=132 buf_len=7 pCallbackData = 0x7a6860d000
06-21 23:13:33.583  1175  1244 V LocSvc_api_v02: locClientGetSizeByRespIndId:2307]: resp ind Id 132 size = 4
06-21 23:13:33.583  1175  1244 V LocSvc_api_v02: locClientGetSizeAndTypeByIndId:722]: indId 132 is a resp size = 4
06-21 23:13:33.583  1175  1244 I LocSvc_ApiV02: <--- globalRespCb line 141 QMI_LOC_SET_PREMIUM_SERVICES_CONFIG_REQ_V02
06-21 23:13:33.584  1175  1244 V LocSvc_ApiV02: globalRespCb:146] client = 0x7a6860d000, resp id = 132, client cookie ptr = 0x7a68a54000
06-21 23:13:33.584  1175  1221 D LocSvc_api_v02: loc_free_slot:296]: freeing slot 0
06-21 23:13:33.584  1175  1221 V LocSvc_api_v02: validateRequest:1111]: reqId = 132
06-21 23:13:33.584  1175  1221 V LocSvc_api_v02: validateRequest:1654]: reqId=132, len = 8
06-21 23:13:33.584  1175  1221 V LocSvc_api_v02: locClientSendReq:2113] sending reqId= 132, len = 8
06-21 23:13:33.584  1175  1221 I LocSvc_api_v02: ---> locClientSendReq line 2119 QMI_LOC_SET_PREMIUM_SERVICES_CONFIG_REQ_V02
06-21 23:13:33.586  1173  1247 V LocSvc_api_v02: locClientIndCb:931]: Indication: msg_id=169 buf_len=12 pCallbackData = 0x7816e22100
06-21 23:13:33.586  1173  1247 V LocSvc_api_v02: locClientGetSizeByRespIndId:2307]: resp ind Id 169 size = 108
06-21 23:13:33.586  1173  1247 V LocSvc_api_v02: locClientGetSizeAndTypeByIndId:722]: indId 169 is a resp size = 108
06-21 23:13:33.586  1173  1247 I LocSvc_ApiV02: <--- globalRespCb line 141 QMI_LOC_GET_SUPPORTED_FEATURE_REQ_V02
06-21 23:13:33.586  1173  1247 V LocSvc_ApiV02: globalRespCb:146] client = 0x7816e22100, resp id = 169, client cookie ptr = 0x7817275700
06-21 23:13:33.587  1175  1244 V LocSvc_api_v02: locClientIndCb:931]: Indication: msg_id=132 buf_len=7 pCallbackData = 0x7a6860d000
06-21 23:13:33.587  1175  1244 V LocSvc_api_v02: locClientGetSizeByRespIndId:2307]: resp ind Id 132 size = 4
06-21 23:13:33.587  1175  1244 V LocSvc_api_v02: locClientGetSizeAndTypeByIndId:722]: indId 132 is a resp size = 4
06-21 23:13:33.587  1175  1244 I LocSvc_ApiV02: <--- globalRespCb line 141 QMI_LOC_SET_PREMIUM_SERVICES_CONFIG_REQ_V02
06-21 23:13:33.587  1175  1244 V LocSvc_ApiV02: globalRespCb:146] client = 0x7a6860d000, resp id = 132, client cookie ptr = 0x7a68a54000
06-21 23:13:33.587  1175  1221 V LocSvc_api_v02: locClientSendReq:2131] qmi_client_send_msg_sync returned 0
06-21 23:13:33.587  1175  1221 V LocSvc_api_v02: convertQmiResponseToLocStatus:821]: result = 0, error = 0, status = 0
06-21 23:13:33.587  1175  1221 D LocSvc_api_v02: loc_free_slot:296]: freeing slot 0
06-21 23:13:33.587  1175  1221 V LocSvc_api_v02: validateRequest:1111]: reqId = 132
06-21 23:13:33.587  1175  1221 V LocSvc_api_v02: validateRequest:1654]: reqId=132, len = 8
06-21 23:13:33.587  1175  1221 V LocSvc_api_v02: locClientSendReq:2113] sending reqId= 132, len = 8
06-21 23:13:33.587  1175  1221 I LocSvc_api_v02: ---> locClientSendReq line 2119 QMI_LOC_SET_PREMIUM_SERVICES_CONFIG_REQ_V02
06-21 23:13:33.587  1173  1245 V LocSvc_api_v02: locClientSendReq:2131] qmi_client_send_msg_sync returned 0
06-21 23:13:33.587  1173  1245 V LocSvc_api_v02: convertQmiResponseToLocStatus:821]: result = 0, error = 0, status = 0
06-21 23:13:33.587  1173  1245 D LocSvc_api_v02: loc_free_slot:296]: freeing slot 0
06-21 23:13:33.587  1173  1245 D LocSvc_ApiV02: open:417:0]: Got list of features supported of length:1 
06-21 23:13:33.587  1173  1245 D LocSvc_ApiV02: Bit-mask of supported features at index:0 is 7
06-21 23:13:33.587  1173  1245 D LocSvc_ApiV02: open:451]: Exit mMask: 30c00; mask: 30c00 mQmiMask: 396288 qmiMask: 396288
06-21 23:13:33.587  1173  1245 D LocSvc_ApiV02: cacheGnssMeasurementSupport:4596]: set GNSS measurement.
06-21 23:13:33.587  1173  1245 V LocSvc_api_v02: validateRequest:1111]: reqId = 136
06-21 23:13:33.587  1173  1245 V LocSvc_api_v02: validateRequest:1654]: reqId=136, len = 32
06-21 23:13:33.587  1173  1245 V LocSvc_api_v02: locClientSendReq:2113] sending reqId= 136, len = 32
06-21 23:13:33.587  1173  1245 I LocSvc_api_v02: ---> locClientSendReq line 2119 QMI_LOC_SET_GNSS_CONSTELL_REPORT_CONFIG_V02
06-21 23:13:33.588  1175  1221 V LocSvc_api_v02: locClientSendReq:2131] qmi_client_send_msg_sync returned 0
06-21 23:13:33.588  1175  1221 V LocSvc_api_v02: convertQmiResponseToLocStatus:821]: result = 0, error = 0, status = 0
06-21 23:13:33.588  1175  1244 V LocSvc_api_v02: locClientIndCb:931]: Indication: msg_id=132 buf_len=7 pCallbackData = 0x7a6860d000
06-21 23:13:33.588  1175  1244 V LocSvc_api_v02: locClientGetSizeByRespIndId:2307]: resp ind Id 132 size = 4
06-21 23:13:33.588  1175  1244 V LocSvc_api_v02: locClientGetSizeAndTypeByIndId:722]: indId 132 is a resp size = 4
06-21 23:13:33.588  1175  1244 I LocSvc_ApiV02: <--- globalRespCb line 141 QMI_LOC_SET_PREMIUM_SERVICES_CONFIG_REQ_V02
06-21 23:13:33.588  1175  1244 V LocSvc_ApiV02: globalRespCb:146] client = 0x7a6860d000, resp id = 132, client cookie ptr = 0x7a68a54000
06-21 23:13:33.589  1175  1221 D LocSvc_api_v02: loc_free_slot:296]: freeing slot 0
06-21 23:13:33.589  1173  1247 V LocSvc_api_v02: locClientIndCb:931]: Indication: msg_id=136 buf_len=7 pCallbackData = 0x7816e22100
06-21 23:13:33.589  1173  1247 V LocSvc_api_v02: locClientGetSizeByRespIndId:2307]: resp ind Id 136 size = 4
06-21 23:13:33.589  1173  1247 V LocSvc_api_v02: locClientGetSizeAndTypeByIndId:722]: indId 136 is a resp size = 4
06-21 23:13:33.589  1173  1247 I LocSvc_ApiV02: <--- globalRespCb line 141 QMI_LOC_SET_GNSS_CONSTELL_REPORT_CONFIG_V02
06-21 23:13:33.589  1173  1247 V LocSvc_ApiV02: globalRespCb:146] client = 0x7816e22100, resp id = 136, client cookie ptr = 0x7817275700
06-21 23:13:33.589  1175  1221 V LocSvc_LocApiBase: locallog:119] LocOpen Mask: 20
06-21 23:13:33.590  1175  1221 V LocSvc_LocApiBase: locallog:119] LocOpen Mask: 20
06-21 23:13:33.590  1175  1221 D LocSvc_ApiV02: convertMask:2027]: adapter mask = 32
06-21 23:13:33.590  1175  1221 D LocSvc_ApiV02: open:267]: 0x7a6860d000 Enter mMask: 0; mask: 20; newMask: 20           mQmiMask: 0 qmiMask: 48
06-21 23:13:33.590  1175  1221 D LocSvc_ApiV02: registerEventMask:467]: mQmiMask=0 qmiMask=48
06-21 23:13:33.590  1175  1221 V LocSvc_api_v02: validateRequest:1111]: reqId = 33
06-21 23:13:33.590  1175  1221 V LocSvc_api_v02: validateRequest:1654]: reqId=33, len = 8
06-21 23:13:33.590  1175  1221 V LocSvc_api_v02: locClientSendReq:2113] sending reqId= 33, len = 8
06-21 23:13:33.590  1175  1221 I LocSvc_api_v02: ---> locClientSendReq line 2119 QMI_LOC_REG_EVENTS_REQ_V02
06-21 23:13:33.590  1173  1245 V LocSvc_api_v02: locClientSendReq:2131] qmi_client_send_msg_sync returned 0
06-21 23:13:33.590  1173  1245 V LocSvc_api_v02: convertQmiResponseToLocStatus:821]: result = 0, error = 0, status = 0
06-21 23:13:33.590  1173  1245 D LocSvc_api_v02: loc_free_slot:296]: freeing slot 0
06-21 23:13:33.590  1173  1245 D LocSvc_ApiV02: cacheGnssMeasurementSupport:4630]: Set GNSS constellation succeeded.
06-21 23:13:33.590  1173  1245 V LocSvc_ApiV02: cacheGnssMeasurementSupport:4635]: mGnssMeasurementSupported is 1
06-21 23:13:33.590  1173  1245 D LocSvc_utils_cfg: loc_read_conf: using /vendor/etc/izat.conf
06-21 23:13:33.590  1173  1245 D LocSvc_utils_cfg: loc_read_conf_r:283]: num_params: 4
06-21 23:13:33.590  1173  1245 D LocSvc_utils_cfg: loc_set_config_entry: PARAM GTP_CELL_PROC = MODEM
06-21 23:13:33.590  1173  1245 D LocSvc_utils_cfg: loc_set_config_entry: PARAM GTP_CELL = BASIC
06-21 23:13:33.590  1173  1245 D LocSvc_utils_cfg: loc_set_config_entry: PARAM GTP_WIFI = BASIC
06-21 23:13:33.590  1173  1245 D LocSvc_utils_cfg: loc_set_config_entry: PARAM SAP = BASIC
06-21 23:13:33.590  1173  1245 D LocSvc_utils_cfg: loc_read_conf_r:283]: num_params: 2
06-21 23:13:33.590  1173  1245 D LocSvc_utils_cfg: loc_read_conf_r:287]: fgets returned NULL
06-21 23:13:33.590  1173  1245 D LocSvc_LBSProxy: injectFeatureConfig:317]: GTP_CELL_PROC set to MODEM
06-21 23:13:33.590  1173  1245 D LocSvc_LBSProxy: injectFeatureConfig:319]: GTP CELL mode set to BASIC
06-21 23:13:33.590  1173  1245 D LocSvc_LBSProxy: injectFeatureConfig:339]: GTP WIFI mode set to BASIC
06-21 23:13:33.590  1173  1245 D LocSvc_LBSProxy: injectFeatureConfig:359]: Setting SAP to mode: BASIC
06-21 23:13:33.590  1173  1245 V LocSvc_api_v02: validateRequest:1111]: reqId = 132
06-21 23:13:33.590  1173  1245 V LocSvc_api_v02: validateRequest:1654]: reqId=132, len = 8
06-21 23:13:33.590  1173  1245 V LocSvc_api_v02: locClientSendReq:2113] sending reqId= 132, len = 8
06-21 23:13:33.590  1173  1245 I LocSvc_api_v02: ---> locClientSendReq line 2119 QMI_LOC_SET_PREMIUM_SERVICES_CONFIG_REQ_V02
06-21 23:13:33.592  1173  1247 V LocSvc_api_v02: locClientIndCb:931]: Indication: msg_id=132 buf_len=7 pCallbackData = 0x7816e22100
06-21 23:13:33.592  1175  1221 V LocSvc_api_v02: locClientSendReq:2131] qmi_client_send_msg_sync returned 0
06-21 23:13:33.592  1175  1221 V LocSvc_api_v02: convertQmiResponseToLocStatus:821]: result = 0, error = 0, status = 0
06-21 23:13:33.592  1175  1221 D LocSvc_ApiV02: open:451]: Exit mMask: 20; mask: 20 mQmiMask: 48 qmiMask: 48
06-21 23:13:33.592  1175  1221 V LocSvc_ApiV02: cacheGnssMeasurementSupport:4635]: mGnssMeasurementSupported is 1
06-21 23:13:33.592  1175  1221 V LocSvc_LocApiBase: locallog:119] LocOpen Mask: 20
06-21 23:13:33.592  1175  1221 D LocSvc_ApiV02: convertMask:2027]: adapter mask = 32
06-21 23:13:33.592  1175  1221 D LocSvc_ApiV02: open:267]: 0x7a6860d000 Enter mMask: 20; mask: 20; newMask: 20           mQmiMask: 48 qmiMask: 48
06-21 23:13:33.592  1175  1221 D LocSvc_ApiV02: open:451]: Exit mMask: 20; mask: 20 mQmiMask: 48 qmiMask: 48
06-21 23:13:33.592  1175  1221 V LocSvc_ApiV02: cacheGnssMeasurementSupport:4635]: mGnssMeasurementSupported is 1
06-21 23:13:33.592  1175  1221 V LocSvc_LocApiBase: locallog:119] LocOpen Mask: 20
06-21 23:13:33.593  1175  1221 D LocSvc_ApiV02: convertMask:2027]: adapter mask = 32
06-21 23:13:33.593  1175  1221 D LocSvc_ApiV02: open:267]: 0x7a6860d000 Enter mMask: 20; mask: 20; newMask: 20           mQmiMask: 48 qmiMask: 48
06-21 23:13:33.593  1175  1221 D LocSvc_ApiV02: open:451]: Exit mMask: 20; mask: 20 mQmiMask: 48 qmiMask: 48
06-21 23:13:33.593  1175  1221 V LocSvc_ApiV02: cacheGnssMeasurementSupport:4635]: mGnssMeasurementSupported is 1
06-21 23:13:33.593  1173  1245 V LocSvc_api_v02: locClientSendReq:2131] qmi_client_send_msg_sync returned 0
06-21 23:13:33.593  1173  1245 V LocSvc_api_v02: convertQmiResponseToLocStatus:821]: result = 0, error = 0, status = 0
06-21 23:13:33.593  1173  1247 V LocSvc_api_v02: locClientGetSizeByRespIndId:2307]: resp ind Id 132 size = 4
06-21 23:13:33.593  1173  1247 V LocSvc_api_v02: locClientGetSizeAndTypeByIndId:722]: indId 132 is a resp size = 4
06-21 23:13:33.593  1173  1247 I LocSvc_ApiV02: <--- globalRespCb line 141 QMI_LOC_SET_PREMIUM_SERVICES_CONFIG_REQ_V02
06-21 23:13:33.593  1173  1247 V LocSvc_ApiV02: globalRespCb:146] client = 0x7816e22100, resp id = 132, client cookie ptr = 0x7817275700
06-21 23:13:33.593  1173  1245 D LocSvc_api_v02: loc_free_slot:296]: freeing slot 0
06-21 23:13:33.593  1173  1245 V LocSvc_api_v02: validateRequest:1111]: reqId = 132
06-21 23:13:33.593  1173  1245 V LocSvc_api_v02: validateRequest:1654]: reqId=132, len = 8
06-21 23:13:33.593  1173  1245 V LocSvc_api_v02: locClientSendReq:2113] sending reqId= 132, len = 8
06-21 23:13:33.593  1173  1245 I LocSvc_api_v02: ---> locClientSendReq line 2119 QMI_LOC_SET_PREMIUM_SERVICES_CONFIG_REQ_V02
06-21 23:13:33.601  1173  1247 V LocSvc_api_v02: locClientIndCb:931]: Indication: msg_id=132 buf_len=7 pCallbackData = 0x7816e22100
06-21 23:13:33.601  1173  1247 V LocSvc_api_v02: locClientGetSizeByRespIndId:2307]: resp ind Id 132 size = 4
06-21 23:13:33.601  1173  1247 V LocSvc_api_v02: locClientGetSizeAndTypeByIndId:722]: indId 132 is a resp size = 4
06-21 23:13:33.601  1173  1247 I LocSvc_ApiV02: <--- globalRespCb line 141 QMI_LOC_SET_PREMIUM_SERVICES_CONFIG_REQ_V02
06-21 23:13:33.601  1173  1247 V LocSvc_ApiV02: globalRespCb:146] client = 0x7816e22100, resp id = 132, client cookie ptr = 0x7817275700
06-21 23:13:33.601  1173  1245 V LocSvc_api_v02: locClientSendReq:2131] qmi_client_send_msg_sync returned 0
06-21 23:13:33.601  1173  1245 V LocSvc_api_v02: convertQmiResponseToLocStatus:821]: result = 0, error = 0, status = 0
06-21 23:13:33.601  1173  1245 D LocSvc_api_v02: loc_free_slot:296]: freeing slot 0
06-21 23:13:33.601  1173  1245 V LocSvc_api_v02: validateRequest:1111]: reqId = 132
06-21 23:13:33.601  1173  1245 V LocSvc_api_v02: validateRequest:1654]: reqId=132, len = 8
06-21 23:13:33.601  1173  1245 V LocSvc_api_v02: locClientSendReq:2113] sending reqId= 132, len = 8
06-21 23:13:33.601  1173  1245 I LocSvc_api_v02: ---> locClientSendReq line 2119 QMI_LOC_SET_PREMIUM_SERVICES_CONFIG_REQ_V02
06-21 23:13:33.602  1173  1245 V LocSvc_api_v02: locClientSendReq:2131] qmi_client_send_msg_sync returned 0
06-21 23:13:33.602  1173  1247 V LocSvc_api_v02: locClientIndCb:931]: Indication: msg_id=132 buf_len=7 pCallbackData = 0x7816e22100
06-21 23:13:33.602  1173  1247 V LocSvc_api_v02: locClientGetSizeByRespIndId:2307]: resp ind Id 132 size = 4
06-21 23:13:33.602  1173  1247 V LocSvc_api_v02: locClientGetSizeAndTypeByIndId:722]: indId 132 is a resp size = 4
06-21 23:13:33.602  1173  1247 I LocSvc_ApiV02: <--- globalRespCb line 141 QMI_LOC_SET_PREMIUM_SERVICES_CONFIG_REQ_V02
06-21 23:13:33.602  1173  1247 V LocSvc_ApiV02: globalRespCb:146] client = 0x7816e22100, resp id = 132, client cookie ptr = 0x7817275700
06-21 23:13:33.602  1173  1245 V LocSvc_api_v02: convertQmiResponseToLocStatus:821]: result = 0, error = 0, status = 0
06-21 23:13:33.602  1173  1245 D LocSvc_api_v02: loc_free_slot:296]: freeing slot 0
06-21 23:13:33.602  1173  1245 V LocSvc_LocApiBase: locallog:119] LocOpen Mask: 30c00
06-21 23:13:33.602  1173  1245 V LocSvc_LocApiBase: locallog:119] LocOpen Mask: 30c00
06-21 23:13:33.602  1173  1245 D LocSvc_ApiV02: convertMask:2027]: adapter mask = 199680
06-21 23:13:33.602  1173  1245 D LocSvc_ApiV02: open:267]: 0x7816e22100 Enter mMask: 30c00; mask: 30c00; newMask: 30c00           mQmiMask: 396288 qmiMask: 396288
06-21 23:13:33.602  1173  1245 D LocSvc_ApiV02: open:451]: Exit mMask: 30c00; mask: 30c00 mQmiMask: 396288 qmiMask: 396288
06-21 23:13:33.602  1173  1245 V LocSvc_ApiV02: cacheGnssMeasurementSupport:4635]: mGnssMeasurementSupported is 1
06-21 23:13:33.602  1173  1245 V LocSvc_LocApiBase: locallog:119] LocOpen Mask: 30c00
06-21 23:13:33.602  1173  1245 D LocSvc_ApiV02: convertMask:2027]: adapter mask = 199680
06-21 23:13:33.602  1173  1245 D LocSvc_ApiV02: open:267]: 0x7816e22100 Enter mMask: 30c00; mask: 30c00; newMask: 30c00           mQmiMask: 396288 qmiMask: 396288
06-21 23:13:33.602  1173  1245 D LocSvc_ApiV02: open:451]: Exit mMask: 30c00; mask: 30c00 mQmiMask: 396288 qmiMask: 396288
06-21 23:13:33.602  1173  1245 V LocSvc_ApiV02: cacheGnssMeasurementSupport:4635]: mGnssMeasurementSupported is 1
06-21 23:13:33.604  1049  1049 D MDnsDS  : MDnsSdListener::Hander starting up
06-21 23:13:33.607  1049  1266 D MDnsDS  : MDnsSdListener starting to monitor
06-21 23:13:33.607  1049  1266 D MDnsDS  : Going to poll with pollCount 1
06-21 23:13:33.608  1054  1054 D LocSvc_LBSProxy: checkIfLocationExtendedClientExists] File Exists
06-21 23:13:33.611  1038  1038 W ADebug  : Failed to get property persist.sys.media.traces
06-21 23:13:33.612  1054  1054 I ServiceManagement: Removing namespace from process name vendor.qti.gnss@1.1-service to gnss@1.1-servic.
06-21 23:13:33.613  1049  1049 I Netd    : Registering NetdNativeService: 7.7ms
06-21 23:13:33.613  1049  1049 I Netd    : Starting CommandListener: 0.5ms
06-21 23:13:33.616  1028  1028 I zygote  : option[0]=-Xzygote
06-21 23:13:33.616  1028  1028 I zygote  : option[1]=-Xusetombstonedtraces
06-21 23:13:33.616  1028  1028 I zygote  : option[2]=exit
06-21 23:13:33.616  1028  1028 I zygote  : option[3]=vfprintf
06-21 23:13:33.616  1028  1028 I zygote  : option[4]=sensitiveThread
06-21 23:13:33.616  1028  1028 I zygote  : option[5]=-verbose:gc
06-21 23:13:33.616  1028  1028 I zygote  : option[6]=-Xms8m
06-21 23:13:33.616  1028  1028 I zygote  : option[7]=-Xmx512m
06-21 23:13:33.616  1028  1028 I zygote  : option[8]=-XX:HeapGrowthLimit=256m
06-21 23:13:33.616  1028  1028 I zygote  : option[9]=-XX:HeapMinFree=512k
06-21 23:13:33.616  1028  1028 I zygote  : option[10]=-XX:HeapMaxFree=8m
06-21 23:13:33.616  1028  1028 I zygote  : option[11]=-XX:HeapTargetUtilization=0.75
06-21 23:13:33.616  1028  1028 I zygote  : option[12]=-Xusejit:true
06-21 23:13:33.616  1028  1028 I zygote  : option[13]=-Xjitsaveprofilinginfo
06-21 23:13:33.616  1028  1028 I zygote  : option[14]=-agentlib:jdwp=transport=dt_android_adb,suspend=n,server=y
06-21 23:13:33.616  1028  1028 I zygote  : option[15]=-Xlockprofthreshold:500
06-21 23:13:33.616  1028  1028 I zygote  : option[16]=-Ximage-compiler-option
06-21 23:13:33.616  1028  1028 I zygote  : option[17]=--runtime-arg
06-21 23:13:33.616  1028  1028 I zygote  : option[18]=-Ximage-compiler-option
06-21 23:13:33.616  1028  1028 I zygote  : option[19]=-Xms64m
06-21 23:13:33.616  1028  1028 I zygote  : option[20]=-Ximage-compiler-option
06-21 23:13:33.616  1028  1028 I zygote  : option[21]=--runtime-arg
06-21 23:13:33.616  1028  1028 I zygote  : option[22]=-Ximage-compiler-option
06-21 23:13:33.616  1028  1028 I zygote  : option[23]=-Xmx64m
06-21 23:13:33.616  1028  1028 I zygote  : option[24]=-Ximage-compiler-option
06-21 23:13:33.616  1028  1028 I zygote  : option[25]=--image-classes=/system/etc/preloaded-classes
