06-21 23:13:32.911  1017  1017 E ThermalEngine: open/sys/class/power_supply/battery/system_temp_level failed2
06-21 23:13:32.911  1017  1017 E ThermalEngine: Unable to init battery charging mitigation to 0
06-21 23:13:32.911  1017  1017 I ThermalEngine: sensors_manager_init: Init
06-21 23:13:32.911  1016  1094 V /vendor/bin/vppservice: vendor/qcom/proprietary/adsprpc/src/fastrpc_apps_user.c:1264: /dsp/fastrpc_shell_3 load failed 45, searching...
06-21 23:13:32.914  1058  1058 I CLD80211: /system/vendor/bin/cnss-daemon: initialized exit socket pair
06-21 23:13:32.914  1058  1058 I CLD80211: /system/vendor/bin/cnss-daemon: nlctrl family id: 16 group: svc_msgs mcast_id: 19
06-21 23:13:32.917  1017  1098 E ThermalEngine: socket creation success
06-21 23:13:32.920  1017  1074 I ThermalEngine: Mitigation:vdd_restriction[ADSP]:0 pending QMI request succeded
06-21 23:13:32.925  1056  1056 I mpower_manager: wait for sdcard readly, sleeping 10s
06-21 23:13:32.930  1024  1024 W ADebug  : Failed to get property persist.sys.media.traces
06-21 23:13:32.934  1016  1094 V /vendor/bin/vppservice: vendor/qcom/proprietary/adsprpc/src/fastrpc_apps_user.c:1372: create user pd with attributes 0 domain 3
06-21 23:13:32.935  1017  1072 I ThermalEngine: MODEM thermal mitigation available.
06-21 23:13:32.946  1058  1101 E QMI_FW  : QMUXD: WARNING qmi_qmux_if_pwr_up_init failed! rc=-6
06-21 23:13:32.947  1046  1046 W ADebug  : Failed to get property persist.sys.media.traces
06-21 23:13:32.955  1019  1026 V /vendor/bin/cdsprpcd: vendor/qcom/proprietary/adsprpc/src/sysmon_cdsp_imp.c:50: Failed to open CDSP L3 frequency userspace governor (No such file or directory)
06-21 23:13:32.962   751   796 D PerMgrSrv: modem state: is on-line, add client cnss-daemon
06-21 23:13:32.962   751   796 D PerMgrSrv: cnss-daemon registered
06-21 23:13:32.962  1024  1024 D AndroidRuntime: >>>>>> START com.android.internal.os.ZygoteInit uid 0 <<<<<<
06-21 23:13:32.962  1058  1058 D PerMgrLib: cnss-daemon successfully registered for modem
06-21 23:13:32.962  1058  1058 D PerMgrLib: cnss-daemon voting for modem
06-21 23:13:32.962   751   796 D PerMgrSrv: cnss-daemon voting for modem
06-21 23:13:32.962   751   796 D PerMgrSrv: modem num voters is 2
06-21 23:13:32.968  1082  1082 E         : NativeMonitor instantiate ...... 
06-21 23:13:32.968  1082  1082 W         : NativeMonitor start the server ...... 
06-21 23:13:32.968  1082  1082 W         : waiting for connection
06-21 23:13:32.971  1017  1096 I ThermalEngine: qmi: Instance id 157 for fusion TS
06-21 23:13:32.978  1060  1060 I ssgtzd  : Serving TZD interface
06-21 23:13:32.983  1019  1026 V /vendor/bin/cdsprpcd: vendor/qcom/proprietary/adsprpc/src/sysmon_cdsp_imp.c:50: Failed to open CDSP L3 frequency userspace governor (No such file or directory)
06-21 23:13:32.992  1017  1098 E ThermalEngine: read error 0. buf:[add@/devices/virtual/thermal/cooling_device17 ACTION=add DEVPATH=/devices/virtual/thermal/cooling_device17 SUBSYSTEM=thermal SEQNUM=6536 ]
06-21 23:13:32.997   700   700 E audio_route: Control 'MADONOFF Switch' doesn't exist - skipping
06-21 23:13:32.997   700   700 E audio_route: unknown enum value string ZERO for ctl CDC_IF TX13 MUX
06-21 23:13:32.997   700   700 E audio_route: Control 'TX13 INP MUX' doesn't exist - skipping
06-21 23:13:32.998   700   700 E audio_route: Control 'AIF4_MAD Mixer SLIM TX12' doesn't exist - skipping
06-21 23:13:32.998   700   700 E audio_route: Control 'CPE AFE MAD Enable' doesn't exist - skipping
06-21 23:13:32.999   700   700 E audio_route: Control 'EC BUF MUX INP' doesn't exist - skipping
06-21 23:13:32.999   700   700 E audio_route: unknown enum value string ZERO for ctl SPK ASP TX1 Source
06-21 23:13:33.000   700   700 E audio_route: unknown enum value string ZERO for ctl SPK ASP TX2 Source
06-21 23:13:33.000   700   700 E audio_route: unknown enum value string ZERO for ctl RCV ASP TX1 Source
06-21 23:13:33.000   700   700 E audio_route: unknown enum value string ZERO for ctl RCV ASP TX2 Source
06-21 23:13:33.010  1017  1072 I ThermalEngine: Mitigation:modem[MODEM]:0 pending QMI request succeded
06-21 23:13:33.016   747   747 I tftp_server: pid=747 tid=747 tftp-server : INF :[tftp_server.c, 524] rcvd request [1] [84] [1] [0] [46]
06-21 23:13:33.016   700   700 E audio_route: Control 'EC BUF MUX INP' doesn't exist - skipping
06-21 23:13:33.016   700   700 E audio_route: Control 'MADONOFF Switch' doesn't exist - skipping
06-21 23:13:33.016   700   700 E audio_route: Control 'AIF4_MAD Mixer SLIM TX12' doesn't exist - skipping
06-21 23:13:33.016   700   700 E audio_route: Control 'CPE AFE MAD Enable' doesn't exist - skipping
06-21 23:13:33.017   747  1132 I tftp_server: pid=747 tid=1132 tftp-server : INF :[tftp_server_utils.c, 113] file [readwrite/ota_firewall/ruleset] : [/vendor/rfs/msm/mpss/readwrite/ota_firewall/ruleset]
06-21 23:13:33.017   747  1132 I tftp_server: pid=747 tid=1132 tftp-server : INF :[tftp_server.c, 1044] OACK options : [7680, 200, 10, 4, 0, 0, 0, 0]
06-21 23:13:33.017   747  1132 I tftp_server: pid=747 tid=1132 tftp-server : INF :[tftp_os_la.c, 59] open : [-1] [-1] [384] [0] [/vendor/rfs/msm/mpss/readwrite/ota_firewall/ruleset]
06-21 23:13:33.017   747  1132 E tftp_server: pid=747 tid=1132 tftp-server : ERR :[tftp_os_la.c, 65] open failed: [2] [No such file or directory]
06-21 23:13:33.017   747  1132 E tftp_server: pid=747 tid=1132 tftp-server : ERR :[tftp_server.c, 1519] open failed : [-2] [Unknown error -2]
06-21 23:13:33.017   747  1132 E tftp_server: pid=747 tid=1132 tftp-server : ERR :[tftp_protocol.c, 1146] sending error-pkt. Code = 1, Msg = Err=2 String=No such file or directory
06-21 23:13:33.019   749   797 E pd-mapper-svc: Recieved request to get domain list
06-21 23:13:33.019   749   797 I pd-mapper-svc: Provider:[avs]
06-21 23:13:33.019   749   797 I pd-mapper-svc: Domain:[adsp]
06-21 23:13:33.019   749   797 I pd-mapper-svc: SubDom:[audio_pd]
06-21 23:13:33.019   749   797 I pd-mapper-svc: Adding :msm/adsp/audio_pd: to response
06-21 23:13:33.024   747  1089 I tftp_server: pid=747 tid=1089 tftp-server : INF :[tftp_server.c, 1315] WRQ stats : total-blocks = 1 : total-bytes = 5 : 5 timedout-pkts = 0, wrong-pkts = 0
06-21 23:13:33.024   747  1089 I tftp_server: pid=747 tid=1089 tftp-server : INF :[tftp_server.c, 1319] WRQ time stats : Total : [TX, RX] = [379, 75601, 4148163976]
06-21 23:13:33.024   747  1089 I tftp_server: pid=747 tid=1089 tftp-server : INF :[tftp_server.c, 1323] WRQ time stats : Tx [Min, Max] = [119, 260]
06-21 23:13:33.024   747  1089 I tftp_server: pid=747 tid=1089 tftp-server : INF :[tftp_server.c, 1327] WRQ time stats : Rx [Min, Max] = [75601, 75601]
06-21 23:13:33.034  1018  1064 E /vendor/bin/adsprpcd: vendor/qcom/proprietary/adsprpc/src/apps_std_imp.c:695:Error 45: fopen failed for testsig-0xe2ef4e84.so. (No such file or directory)
06-21 23:13:33.035  1018  1064 E /vendor/bin/adsprpcd: vendor/qcom/proprietary/adsprpc/src/apps_std_imp.c:695:Error 45: fopen failed for testsig.so. (No such file or directory)
06-21 23:13:33.054  1046  1046 I mediametrics: ServiceManager: 0x7384233700
06-21 23:13:33.054  1046  1046 D MediaAnalyticsService: MediaAnalyticsService created
06-21 23:13:33.054  1046  1046 D MediaAnalyticsService: MediaAnalyticsService::newSummarizerSet
06-21 23:13:33.061  1017  1098 E ThermalEngine: read error 0. buf:[add@/devices/virtual/thermal/cooling_device18 ACTION=add DEVPATH=/devices/virtual/thermal/cooling_device18 SUBSYSTEM=thermal SEQNUM=6539 ]
06-21 23:13:33.063   749   797 E pd-mapper-svc: Recieved request to get domain list
06-21 23:13:33.063   749   797 I pd-mapper-svc: Provider:[kernel]
06-21 23:13:33.063   749   797 I pd-mapper-svc: Domain:[modem]
06-21 23:13:33.063   749   797 I pd-mapper-svc: SubDom:[wlan_pd]
06-21 23:13:33.063   749   797 I pd-mapper-svc: Adding :msm/modem/wlan_pd: to response
06-21 23:13:33.064   747   747 I tftp_server: pid=747 tid=747 tftp-server : INF :[tftp_server.c, 524] rcvd request [1] [84] [1] [0] [49]
06-21 23:13:33.068  1109  1109 E Diag_Lib: diag_mdlog: command = f
06-21 23:13:33.068  1109  1109 E Diag_Lib: diag_mdlog: command = o
06-21 23:13:33.068  1109  1109 E Diag_Lib: diag_mdlog: command = s
06-21 23:13:33.068  1109  1109 E Diag_Lib: diag_mdlog: command = n
06-21 23:13:33.068  1109  1109 E Diag_Lib: diag_mdlog: command = w
06-21 23:13:33.068  1109  1109 E Diag_Lib: diag_mdlog: Directory /sdcard is not accessible with errno 2 ret: -1
06-21 23:13:33.069  1080  1080 I gatekeeperd: Starting gatekeeperd...
06-21 23:13:33.073  1051  1051 I wificond: wificond is starting up...
06-21 23:13:33.073  1051  1051 I wificond: InitializeIcuOrDie...
06-21 23:13:33.077  1045  1045 W ADebug  : Failed to get property persist.sys.media.traces
06-21 23:13:33.079  1017  1072 I ThermalEngine: Mitigation:vdd_restriction[MODEM]:0 pending QMI request succeded
06-21 23:13:33.081   747   747 I tftp_server: pid=747 tid=747 tftp-server : INF :[tftp_server.c, 524] rcvd request [1] [90] [1] [0] [72]
06-21 23:13:33.083  1017  1072 I ThermalEngine: Mitigation:modem_proc[MODEM]:0 pending QMI request succeded
06-21 23:13:33.085  1017  1072 I ThermalEngine: Mitigation:modem_proc_current[MODEM]:0 pending QMI request succeded
06-21 23:13:33.085  1017  1098 E ThermalEngine: read error 0. buf:[add@/devices/virtual/thermal/cooling_device19 ACTION=add DEVPATH=/devices/virtual/thermal/cooling_device19 SUBSYSTEM=thermal SEQNUM=6560 ]
06-21 23:13:33.089  1018  1064 E /vendor/bin/adsprpcd: vendor/qcom/proprietary/adsprpc/src/apps_std_imp.c:695:Error 45: fopen failed for custom_sm_ecns_1.so.1. (No such file or directory)
06-21 23:13:33.089  1017  1072 I ThermalEngine: Mitigation:modem_skin[MODEM]:0 pending QMI request succeded
06-21 23:13:33.090  1018  1064 E /vendor/bin/adsprpcd: vendor/qcom/proprietary/adsprpc/src/apps_std_imp.c:695:Error 45: fopen failed for custom_dm_ecns_1.so.1. (No such file or directory)
06-21 23:13:33.094  1018  1064 E /vendor/bin/adsprpcd: vendor/qcom/proprietary/adsprpc/src/apps_std_imp.c:695:Error 45: fopen failed for custom_sm_ecns_2.so.1. (No such file or directory)
06-21 23:13:33.094  1013  1013 E QMI_FW  : QMUXD: WARNING qmi_qmux_if_pwr_up_init failed! rc=-6
06-21 23:13:33.099  1017  1098 E ThermalEngine: read error 0. buf:[add@/devices/virtual/thermal/cooling_device20 ACTION=add DEVPATH=/devices/virtual/thermal/cooling_device20 SUBSYSTEM=thermal SEQNUM=6562 ]
06-21 23:13:33.099  1077  1077 I TLOC    : [main       ]"TLOC DAEMON main thread"
06-21 23:13:33.099  1077  1077 D TLOC    : [TLOCDaemon ]"---------- TLOC Daemon Starts ----------"
06-21 23:13:33.100  1124  1124 D LOGKIT  : boot time = 18-06-21-23:13:33
06-21 23:13:33.100  1124  1124 D LOGKIT  : Log Level = 3
06-21 23:13:33.100  1124  1124 D LOGKIT  : start
06-21 23:13:33.100  1124  1124 D LOGKIT  : test sdcard mount: 0
06-21 23:13:33.100  1124  1124 D LOGKIT  : mount finish
06-21 23:13:33.103  1062  1062 D LocSvc_launcher: cap_data.permitted: 192
06-21 23:13:33.104  1062  1062 D LocSvc_launcher: Parent- pid: 1062, uid: 1021, euid: 1021, gid: 1021, egid: 1021
06-21 23:13:33.104  1018  1064 E /vendor/bin/adsprpcd: vendor/qcom/proprietary/adsprpc/src/apps_std_imp.c:695:Error 45: fopen failed for custom_dm_ecns_2.so.1. (No such file or directory)
06-21 23:13:33.105  1017  1098 E ThermalEngine: read error 0. buf:[add@/devices/virtual/thermal/cooling_device21 ACTION=add DEVPATH=/devices/virtual/thermal/cooling_device21 SUBSYSTEM=thermal SEQNUM=6563 ]
06-21 23:13:33.106  1062  1146 D LocSvc_utils_cfg: loc_read_conf: using /vendor/etc/izat.conf
06-21 23:13:33.109  1062  1146 D LocSvc_utils_cfg: loc_read_conf_r:283]: num_params: 1
06-21 23:13:33.111  1088  1088 I /system/bin/tombstoned: tombstoned successfully initialized
06-21 23:13:33.112  1049  1049 I Netd    : Netd 1.0 starting
06-21 23:13:33.114  1077  1077 D TLOC    : [TLOCChannel]"The channel was initialized successfully for TLOCD"
06-21 23:13:33.115  1077  1077 D TLOC    : [TLOCChannel]"The channel was initialized successfully for TLOCL"
06-21 23:13:33.115  1077  1077 D TLOC    : [TLOCChannel]"The channel was initialized successfully for MODEM"
06-21 23:13:33.115  1077  1077 D TLOC    : [TLOCChannel]"TLOCChannel was initialized successfully"
06-21 23:13:33.115  1077  1077 D TLOC    : [TLOCChannel] "TLOCChannel is already initialized"
06-21 23:13:33.117  1049  1049 D TetherController: Setting IP forward enable = 0
06-21 23:13:33.119  1050  1135 I ServiceManager: Waiting for service package_native...
06-21 23:13:33.120  1016  1123 E /vendor/bin/vppservice: vendor/qcom/proprietary/adsprpc/src/apps_std_imp.c:695:Error 45: fopen failed for testsig-0xe2ef4e84.so. (No such file or directory)
06-21 23:13:33.122   747  1137 I tftp_server: pid=747 tid=1137 tftp-server : INF :[tftp_server_utils.c, 113] file [readonly/firmware/image/wlanmdsp.mbn] : [/vendor/rfs/msm/mpss/readonly/firmware/image/wl
06-21 23:13:33.124  1045  1045 V MediaUtils: physMem: 3851923456
06-21 23:13:33.124  1045  1045 V MediaUtils: requested limit: 770384680
06-21 23:13:33.124  1045  1045 V MediaUtils: cfi shadow size: 2147483648
06-21 23:13:33.124  1045  1045 V MediaUtils: actual limit: 2917868328
06-21 23:13:33.124  1045  1045 V MediaUtils: original limits: -1/-1
06-21 23:13:33.124  1045  1045 V MediaUtils: new limits: 2917868328/-1
06-21 23:13:33.126  1062  1146 D LocSvc_utils_cfg: loc_set_config_entry: PARAM IZAT_DEBUG_LEVEL = 5
06-21 23:13:33.126  1062  1146 D LocSvc_utils_cfg: loc_read_conf_r:283]: num_params: 2
06-21 23:13:33.126  1062  1146 D LocSvc_utils_cfg: loc_read_conf_r:287]: fgets returned NULL
06-21 23:13:33.126  1062  1146 V QCALOG  : [MessageQ] creating server socket
06-21 23:13:33.126  1062  1146 V QCALOG  : [MessageQ] binding to [/data/vendor/location/mq/location-mq-s]
06-21 23:13:33.127  1062  1146 V QCALOG  : [MessageQ] binding server socket to name [/data/vendor/location/mq/location-mq-s]
06-21 23:13:33.127  1062  1146 D QCALOG  : [location-mq] SRV Socket-Opend
06-21 23:13:33.128  1062  1062 D GPS_UTILS: loc_get_platform_name:109]: Target name: sdm845
06-21 23:13:33.128  1062  1062 D GPS_UTILS: loc_get_target_baseband:95]: Baseband: sdm
06-21 23:13:33.128  1062  1062 D GPS_UTILS: loc_identify_lean_target:219]: lean target: 
06-21 23:13:33.128  1062  1062 D LocSvc_launcher: main:279]: lean target:0
06-21 23:13:33.128  1062  1062 D GPS_UTILS: loc_get_auto_platform_name:123]: Autoplatform name: 
06-21 23:13:33.128  1062  1062 D LocSvc_utils_cfg: loc_read_conf: using /vendor/etc/izat.conf
06-21 23:13:33.128  1062  1062 D LocSvc_utils_cfg: loc_read_conf_r:283]: num_params: 9
06-21 23:13:33.128  1062  1062 D LocSvc_utils_cfg: loc_set_config_entry: PARAM GTP_CELL_PROC = MODEM
06-21 23:13:33.128  1062  1062 D LocSvc_utils_cfg: loc_set_config_entry: PARAM GTP_CELL = BASIC
06-21 23:13:33.128  1062  1062 D LocSvc_utils_cfg: loc_set_config_entry: PARAM GTP_WIFI = BASIC
06-21 23:13:33.128  1062  1062 D LocSvc_utils_cfg: loc_set_config_entry: PARAM GTP_WAA = DISABLED
06-21 23:13:33.128  1062  1062 D LocSvc_utils_cfg: loc_set_config_entry: PARAM SAP = BASIC
06-21 23:13:33.128  1062  1062 D LocSvc_utils_cfg: loc_set_config_entry: PARAM ODCPI = BASIC
06-21 23:13:33.128  1062  1062 D LocSvc_utils_cfg: loc_set_config_entry: PARAM FREE_WIFI_SCAN_INJECT = BASIC
06-21 23:13:33.128  1062  1062 D LocSvc_utils_cfg: loc_set_config_entry: PARAM SUPL_WIFI = BASIC
06-21 23:13:33.128  1062  1062 D LocSvc_utils_cfg: loc_set_config_entry: PARAM WIFI_SUPPLICANT_INFO = BASIC
06-21 23:13:33.128  1062  1062 D LocSvc_utils_cfg: loc_read_conf_r:283]: num_params: 2
06-21 23:13:33.128  1062  1062 D LocSvc_utils_cfg: loc_read_conf_r:287]: fgets returned NULL
06-21 23:13:33.128  1062  1062 D LocSvc_launcher: main:290]: Setting GTP WIFI to mode: BASIC
06-21 23:13:33.128  1062  1062 D LocSvc_launcher: main:321]: Setting GTP CELL to mode: BASIC
06-21 23:13:33.128  1062  1062 D LocSvc_launcher: main:356]: GTP WAA DISABLED
06-21 23:13:33.128  1062  1062 D LocSvc_launcher: main:370]: Setting SAP to mode: BASIC
06-21 23:13:33.128  1062  1062 D LocSvc_launcher: main:384]: Setting ODCPI to mode: BASIC
06-21 23:13:33.128  1062  1062 D LocSvc_launcher: main:398]: Setting FREE_WIFI_SCAN_INJECT to mode: BASIC
06-21 23:13:33.128  1062  1062 D LocSvc_launcher: main:412]: Setting SUPL_WIFI to mode: BASIC
06-21 23:13:33.128  1062  1062 D LocSvc_launcher: main:426]: Setting WIFI_SUPPLICANT_INFO to mode: BASIC
06-21 23:13:33.128  1062  1062 D LocSvc_launcher: main:438]: izat_service_mask: f441
06-21 23:13:33.128  1062  1062 D LocSvc_launcher: GIDs from parent: 
06-21 23:13:33.128  1062  1062 D LocSvc_launcher: 1010 
06-21 23:13:33.128  1062  1062 D LocSvc_launcher: 2002 
06-21 23:13:33.128  1062  1062 D LocSvc_launcher: 3003 
06-21 23:13:33.128  1062  1062 D LocSvc_launcher: 
06-21 23:13:33.128  1062  1062 D LocSvc_utils_cfg: loc_read_conf_r:283]: num_params: 1
06-21 23:13:33.128  1062  1062 D LocSvc_utils_cfg: loc_set_config_entry: PARAM PROCESS_NAME = DR_AP_Service
06-21 23:13:33.128  1062  1062 D LocSvc_launcher: Process name:DR_AP_Service
06-21 23:13:33.128  1062  1062 D LocSvc_utils_cfg: loc_read_conf_r:283]: num_params: 1
06-21 23:13:33.128  1062  1062 D LocSvc_utils_cfg: loc_set_config_entry: PARAM PROCESS_NAME = garden_app
06-21 23:13:33.128  1062  1062 D LocSvc_launcher: Process name:garden_app
06-21 23:13:33.128  1062  1062 D LocSvc_utils_cfg: loc_read_conf_r:283]: num_params: 1
06-21 23:13:33.128  1062  1062 D LocSvc_utils_cfg: loc_set_config_entry: PARAM PROCESS_NAME = gpsone_daemon
06-21 23:13:33.128  1062  1062 D LocSvc_launcher: Process name:gpsone_daemon
06-21 23:13:33.128  1062  1062 D LocSvc_utils_cfg: loc_read_conf_r:283]: num_params: 1
06-21 23:13:33.128  1062  1062 D LocSvc_utils_cfg: loc_set_config_entry: PARAM PROCESS_NAME = lowi-server
06-21 23:13:33.128  1062  1062 D LocSvc_launcher: Process name:lowi-server
06-21 23:13:33.128  1062  1062 D LocSvc_utils_cfg: loc_read_conf_r:283]: num_params: 1
06-21 23:13:33.128  1062  1062 D LocSvc_utils_cfg: loc_set_config_entry: PARAM PROCESS_NAME = xtwifi-inet-agent
06-21 23:13:33.128  1062  1062 D LocSvc_launcher: Process name:xtwifi-inet-agent
06-21 23:13:33.128  1062  1062 D LocSvc_utils_cfg: loc_read_conf_r:283]: num_params: 1
06-21 23:13:33.129  1062  1062 D LocSvc_utils_cfg: loc_set_config_entry: PARAM PROCESS_NAME = xtwifi-client
06-21 23:13:33.129  1062  1062 D LocSvc_launcher: Process name:xtwifi-client
06-21 23:13:33.129  1062  1062 D LocSvc_utils_cfg: loc_read_conf_r:283]: num_params: 1
06-21 23:13:33.129  1062  1062 D LocSvc_utils_cfg: loc_set_config_entry: PARAM PROCESS_NAME = slim_daemon
06-21 23:13:33.129  1062  1062 D LocSvc_launcher: Process name:slim_daemon
06-21 23:13:33.129  1062  1062 D LocSvc_utils_cfg: loc_read_conf_r:283]: num_params: 1
06-21 23:13:33.129  1062  1062 D LocSvc_utils_cfg: loc_set_config_entry: PARAM PROCESS_NAME = xtra-daemon
06-21 23:13:33.129  1062  1062 D LocSvc_launcher: Process name:xtra-daemon
06-21 23:13:33.129  1062  1062 D LocSvc_utils_cfg: loc_read_conf_r:283]: num_params: 1
06-21 23:13:33.129  1062  1062 D LocSvc_utils_cfg: loc_read_conf_r:287]: fgets returned NULL
06-21 23:13:33.129  1062  1062 D LocSvc_launcher: proc_list_length = 8
06-21 23:13:33.129  1062  1062 D LocSvc_utils_cfg: loc_read_conf_r:283]: num_params: 10
06-21 23:13:33.129  1062  1062 D LocSvc_utils_cfg: loc_set_config_entry: PARAM PROCESS_NAME = DR_AP_Service
06-21 23:13:33.129  1062  1062 D LocSvc_utils_cfg: loc_set_config_entry: PARAM PROCESS_ARGUMENT = 
06-21 23:13:33.129  1062  1062 D LocSvc_utils_cfg: loc_set_config_entry: PARAM PROCESS_STATE = DISABLED
06-21 23:13:33.129  1062  1062 D LocSvc_utils_cfg: loc_set_config_entry: PARAM PROCESS_GROUPS = gps diag
06-21 23:13:33.129  1062  1062 D LocSvc_utils_cfg: loc_set_config_entry: PARAM PREMIUM_FEATURE = 0
06-21 23:13:33.129  1062  1062 D LocSvc_utils_cfg: loc_set_config_entry: PARAM IZAT_FEATURE_MASK = 0
06-21 23:13:33.129  1062  1062 D LocSvc_utils_cfg: loc_set_config_entry: PARAM PLATFORMS = all
06-21 23:13:33.129  1062  1062 D LocSvc_utils_cfg: loc_set_config_entry: PARAM BASEBAND = all
06-21 23:13:33.129  1062  1062 D LocSvc_utils_cfg: loc_set_config_entry: PARAM LEAN_TARGETS = DISABLED
06-21 23:13:33.129  1062  1062 D LocSvc_utils_cfg: loc_set_config_entry: PARAM HARDWARE_TYPE = automotive
06-21 23:13:33.129  1062  1062 D LocSvc_launcher: main:546]: Process DR_AP_Service is disabled in conf file
06-21 23:13:33.129  1062  1062 D LocSvc_utils_cfg: loc_read_conf_r:283]: num_params: 10
06-21 23:13:33.129  1062  1062 D LocSvc_utils_cfg: loc_set_config_entry: PARAM PROCESS_NAME = garden_app
06-21 23:13:33.129  1062  1062 D LocSvc_utils_cfg: loc_set_config_entry: PARAM PROCESS_ARGUMENT = -l 0 -T 1
06-21 23:13:33.129  1062  1062 D LocSvc_utils_cfg: loc_set_config_entry: PARAM PROCESS_STATE = ENABLED
06-21 23:13:33.129  1062  1062 D LocSvc_utils_cfg: loc_set_config_entry: PARAM PROCESS_GROUPS = gps diag
06-21 23:13:33.129  1062  1062 D LocSvc_utils_cfg: loc_set_config_entry: PARAM PREMIUM_FEATURE = 0
06-21 23:13:33.129  1062  1062 D LocSvc_utils_cfg: loc_set_config_entry: PARAM IZAT_FEATURE_MASK = 0
06-21 23:13:33.129  1062  1062 D LocSvc_utils_cfg: loc_set_config_entry: PARAM PLATFORMS = all
06-21 23:13:33.129  1062  1062 D LocSvc_utils_cfg: loc_set_config_entry: PARAM BASEBAND = all
06-21 23:13:33.129  1062  1062 D LocSvc_utils_cfg: loc_set_config_entry: PARAM LEAN_TARGETS = DISABLED
06-21 23:13:33.129  1062  1062 D LocSvc_utils_cfg: loc_set_config_entry: PARAM HARDWARE_TYPE = automotive
06-21 23:13:33.129  1062  1062 D LocSvc_launcher: main:552]: Process garden_app is enabled in conf file
06-21 23:13:33.129  1062  1062 D LocSvc_misc_utils: loc_util_split_string:51]: raw string: gps diag
06-21 23:13:33.129  1062  1062 D LocSvc_misc_utils: loc_util_split_string:60]: split string: gps
06-21 23:13:33.129  1062  1062 D LocSvc_misc_utils: loc_util_split_string:60]: split string: diag
06-21 23:13:33.129  1062  1062 D LocSvc_misc_utils: loc_util_split_string:74]: num_split_strings: 2
06-21 23:13:33.129  1062  1062 D LocSvc_launcher: main:579]:Group gps = 1021 matches child_group: 1021
06-21 23:13:33.129  1062  1062 D LocSvc_launcher: main:579]:Group diag = 2002 matches child_group: 2002
06-21 23:13:33.129  1062  1062 D LocSvc_misc_utils: loc_util_split_string:51]: raw string: all
06-21 23:13:33.129  1062  1062 D LocSvc_misc_utils: loc_util_split_string:60]: split string: all
06-21 23:13:33.129  1062  1062 D LocSvc_misc_utils: loc_util_split_string:74]: num_split_strings: 1
06-21 23:13:33.129  1062  1062 D LocSvc_launcher: main:587]: Enabled for all targets
06-21 23:13:33.129  1062  1062 D LocSvc_misc_utils: loc_util_split_string:51]: raw string: all
06-21 23:13:33.129  1062  1062 D LocSvc_misc_utils: loc_util_split_string:60]: split string: all
06-21 23:13:33.129  1062  1062 D LocSvc_misc_utils: loc_util_split_string:74]: num_split_strings: 1
06-21 23:13:33.129  1062  1062 D LocSvc_launcher: main:615]: Enabled for all basebands
06-21 23:13:33.129  1062  1062 D LocSvc_misc_utils: loc_util_split_string:51]: raw string: automotive
06-21 23:13:33.129  1062  1062 D LocSvc_misc_utils: loc_util_split_string:60]: split string: automotive
06-21 23:13:33.129  1062  1062 D LocSvc_misc_utils: loc_util_split_string:74]: num_split_strings: 1
06-21 23:13:33.129  1062  1062 D LocSvc_misc_utils: loc_util_split_string:51]: raw string: DISABLED
06-21 23:13:33.129  1062  1062 D LocSvc_misc_utils: loc_util_split_string:60]: split string: DISABLED
06-21 23:13:33.129  1062  1062 D LocSvc_misc_utils: loc_util_split_string:74]: num_split_strings: 1
06-21 23:13:33.129  1062  1062 D LocSvc_launcher: main:810]: Process garden_app is disabled
06-21 23:13:33.129  1062  1062 D LocSvc_utils_cfg: loc_read_conf_r:283]: num_params: 10
06-21 23:13:33.129  1062  1062 D LocSvc_utils_cfg: loc_set_config_entry: PARAM PROCESS_NAME = gpsone_daemon
06-21 23:13:33.129  1062  1062 D LocSvc_utils_cfg: loc_set_config_entry: PARAM PROCESS_ARGUMENT = 
06-21 23:13:33.129  1062  1062 D LocSvc_utils_cfg: loc_set_config_entry: PARAM PROCESS_STATE = ENABLED
06-21 23:13:33.129  1062  1062 D LocSvc_utils_cfg: loc_set_config_entry: PARAM PROCESS_GROUPS = inet
06-21 23:13:33.129  1062  1062 D LocSvc_utils_cfg: loc_set_config_entry: PARAM PREMIUM_FEATURE = 0
06-21 23:13:33.129  1062  1062 D LocSvc_utils_cfg: loc_set_config_entry: PARAM IZAT_FEATURE_MASK = 0
06-21 23:13:33.129  1062  1062 D LocSvc_utils_cfg: loc_set_config_entry: PARAM PLATFORMS = msm7630_fusion
06-21 23:13:33.129  1062  1062 D LocSvc_utils_cfg: loc_set_config_entry: PARAM BASEBAND = svlte2a sglte sglte2
06-21 23:13:33.129  1062  1062 D LocSvc_utils_cfg: loc_set_config_entry: PARAM LEAN_TARGETS = DISABLED
06-21 23:13:33.129  1062  1062 D LocSvc_utils_cfg: loc_set_config_entry: PARAM HARDWARE_TYPE = all
06-21 23:13:33.129  1062  1062 D LocSvc_launcher: main:552]: Process gpsone_daemon is enabled in conf file
06-21 23:13:33.129  1062  1062 D LocSvc_misc_utils: loc_util_split_string:51]: raw string: inet
06-21 23:13:33.129  1062  1062 D LocSvc_misc_utils: loc_util_split_string:60]: split string: inet
06-21 23:13:33.129  1062  1062 D LocSvc_misc_utils: loc_util_split_string:74]: num_split_strings: 1
06-21 23:13:33.129  1062  1062 D LocSvc_launcher: main:579]:Group inet = 3003 matches child_group: 3003
06-21 23:13:33.129  1062  1062 D LocSvc_misc_utils: loc_util_split_string:51]: raw string: msm7630_fusion
06-21 23:13:33.129  1062  1062 D LocSvc_misc_utils: loc_util_split_string:60]: split string: msm7630_fusion
06-21 23:13:33.130  1062  1062 D LocSvc_misc_utils: loc_util_split_string:74]: num_split_strings: 1
06-21 23:13:33.130  1062  1062 D LocSvc_misc_utils: loc_util_split_string:51]: raw string: svlte2a sglte sglte2
06-21 23:13:33.130  1062  1062 D LocSvc_misc_utils: loc_util_split_string:60]: split string: svlte2a
06-21 23:13:33.130  1062  1062 D LocSvc_misc_utils: loc_util_split_string:60]: split string: sglte
06-21 23:13:33.130  1062  1062 D LocSvc_misc_utils: loc_util_split_string:60]: split string: sglte2
06-21 23:13:33.130  1062  1062 D LocSvc_misc_utils: loc_util_split_string:74]: num_split_strings: 3
06-21 23:13:33.130  1062  1062 D LocSvc_misc_utils: loc_util_split_string:51]: raw string: all
06-21 23:13:33.130  1062  1062 D LocSvc_misc_utils: loc_util_split_string:60]: split string: all
06-21 23:13:33.130  1062  1062 D LocSvc_misc_utils: loc_util_split_string:74]: num_split_strings: 1
06-21 23:13:33.130  1062  1062 D LocSvc_launcher: main:650]: Enabled for all auto platforms
06-21 23:13:33.130  1062  1062 D LocSvc_misc_utils: loc_util_split_string:51]: raw string: DISABLED
06-21 23:13:33.130  1062  1062 D LocSvc_misc_utils: loc_util_split_string:60]: split string: DISABLED
06-21 23:13:33.130  1062  1062 D LocSvc_misc_utils: loc_util_split_string:74]: num_split_strings: 1
06-21 23:13:33.130  1062  1062 D LocSvc_launcher: main:810]: Process gpsone_daemon is disabled
06-21 23:13:33.130  1062  1062 D LocSvc_utils_cfg: loc_read_conf_r:283]: num_params: 10
06-21 23:13:33.130  1062  1062 D LocSvc_utils_cfg: loc_set_config_entry: PARAM PROCESS_NAME = lowi-server
06-21 23:13:33.130  1062  1062 D LocSvc_utils_cfg: loc_set_config_entry: PARAM PROCESS_ARGUMENT = 
06-21 23:13:33.130  1062  1062 D LocSvc_utils_cfg: loc_set_config_entry: PARAM PROCESS_STATE = ENABLED
06-21 23:13:33.130  1062  1062 D LocSvc_utils_cfg: loc_set_config_entry: PARAM PROCESS_GROUPS = gps net_admin wifi inet oem_2901
06-21 23:13:33.130  1062  1062 D LocSvc_utils_cfg: loc_set_config_entry: PARAM PREMIUM_FEATURE = 0
06-21 23:13:33.130  1062  1062 D LocSvc_utils_cfg: loc_set_config_entry: PARAM IZAT_FEATURE_MASK = 62211
06-21 23:13:33.130  1062  1062 D LocSvc_utils_cfg: loc_set_config_entry: PARAM PLATFORMS = all
06-21 23:13:33.130  1062  1062 D LocSvc_utils_cfg: loc_set_config_entry: PARAM BASEBAND = all
06-21 23:13:33.130  1062  1062 D LocSvc_utils_cfg: loc_set_config_entry: PARAM LEAN_TARGETS = DISABLED
06-21 23:13:33.130  1062  1062 D LocSvc_utils_cfg: loc_set_config_entry: PARAM HARDWARE_TYPE = all
06-21 23:13:33.130  1062  1062 D LocSvc_launcher: main:552]: Process lowi-server is enabled in conf file
06-21 23:13:33.130  1062  1062 D LocSvc_misc_utils: loc_util_split_string:51]: raw string: gps net_admin wifi inet oem_2901
06-21 23:13:33.130  1062  1062 D LocSvc_misc_utils: loc_util_split_string:60]: split string: gps
06-21 23:13:33.130  1062  1062 D LocSvc_misc_utils: loc_util_split_string:60]: split string: net_admin
06-21 23:13:33.130  1062  1062 D LocSvc_misc_utils: loc_util_split_string:60]: split string: wifi
06-21 23:13:33.130  1062  1062 D LocSvc_misc_utils: loc_util_split_string:60]: split string: inet
06-21 23:13:33.130  1062  1062 D LocSvc_misc_utils: loc_util_split_string:60]: split string: oem_2901
06-21 23:13:33.130  1062  1062 D LocSvc_misc_utils: loc_util_split_string:74]: num_split_strings: 5
06-21 23:13:33.130  1062  1062 D LocSvc_launcher: main:579]:Group gps = 1021 matches child_group: 1021
06-21 23:13:33.130  1062  1062 D LocSvc_launcher: main:579]:Group net_admin = 3005 matches child_group: 3005
06-21 23:13:33.130  1062  1062 D LocSvc_launcher: main:579]:Group wifi = 1010 matches child_group: 1010
06-21 23:13:33.130  1062  1062 D LocSvc_launcher: main:579]:Group inet = 3003 matches child_group: 3003
06-21 23:13:33.130  1062  1062 D LocSvc_launcher: main:579]:Group oem_2901 = 2901 matches child_group: 2901
06-21 23:13:33.130  1062  1062 D LocSvc_misc_utils: loc_util_split_string:51]: raw string: all
06-21 23:13:33.130  1062  1062 D LocSvc_misc_utils: loc_util_split_string:60]: split string: all
06-21 23:13:33.130  1062  1062 D LocSvc_misc_utils: loc_util_split_string:74]: num_split_strings: 1
06-21 23:13:33.130  1062  1062 D LocSvc_launcher: main:587]: Enabled for all targets
06-21 23:13:33.130  1062  1062 D LocSvc_misc_utils: loc_util_split_string:51]: raw string: all
06-21 23:13:33.130  1062  1062 D LocSvc_misc_utils: loc_util_split_string:60]: split string: all
06-21 23:13:33.130  1062  1062 D LocSvc_misc_utils: loc_util_split_string:74]: num_split_strings: 1
06-21 23:13:33.130  1062  1062 D LocSvc_launcher: main:615]: Enabled for all basebands
06-21 23:13:33.130  1062  1062 D LocSvc_misc_utils: loc_util_split_string:51]: raw string: all
06-21 23:13:33.130  1062  1062 D LocSvc_misc_utils: loc_util_split_string:60]: split string: all
06-21 23:13:33.130  1062  1062 D LocSvc_misc_utils: loc_util_split_string:74]: num_split_strings: 1
06-21 23:13:33.130  1062  1062 D LocSvc_launcher: main:650]: Enabled for all auto platforms
06-21 23:13:33.130  1062  1062 D LocSvc_misc_utils: loc_util_split_string:51]: raw string: DISABLED
06-21 23:13:33.130  1062  1062 D LocSvc_misc_utils: loc_util_split_string:60]: split string: DISABLED
06-21 23:13:33.130  1062  1062 D LocSvc_misc_utils: loc_util_split_string:74]: num_split_strings: 1
06-21 23:13:33.130  1062  1062 D LocSvc_launcher: main:790]: lowi-server not a premium feature. Enabled
06-21 23:13:33.130  1062  1062 D LocSvc_launcher: main] Parsing Process_Arguments from Configuration: 
06-21 23:13:33.130  1062  1062 D LocSvc_launcher:  
06-21 23:13:33.130  1062  1062 D LocSvc_misc_utils: loc_util_split_string:51]: raw string: 
06-21 23:13:33.130  1062  1062 D LocSvc_misc_utils: 
06-21 23:13:33.130  1062  1062 D LocSvc_misc_utils: loc_util_split_string:60]: split string: 
06-21 23:13:33.130  1062  1062 D LocSvc_misc_utils: 
06-21 23:13:33.130  1062  1062 D LocSvc_misc_utils: loc_util_split_string:74]: num_split_strings: 1
06-21 23:13:33.130  1062  1062 D LocSvc_utils_cfg: loc_read_conf_r:283]: num_params: 10
06-21 23:13:33.130  1062  1062 D LocSvc_utils_cfg: loc_set_config_entry: PARAM PROCESS_NAME = xtwifi-inet-agent
06-21 23:13:33.130  1062  1062 D LocSvc_utils_cfg: loc_set_config_entry: PARAM PROCESS_ARGUMENT = 
06-21 23:13:33.130  1062  1062 D LocSvc_utils_cfg: loc_set_config_entry: PARAM PROCESS_STATE = ENABLED
06-21 23:13:33.130  1062  1062 D LocSvc_utils_cfg: loc_set_config_entry: PARAM PROCESS_GROUPS = inet gps
06-21 23:13:33.130  1062  1062 D LocSvc_utils_cfg: loc_set_config_entry: PARAM PREMIUM_FEATURE = 1
06-21 23:13:33.130  1062  1062 D LocSvc_utils_cfg: loc_set_config_entry: PARAM IZAT_FEATURE_MASK = 3855
06-21 23:13:33.130  1062  1062 D LocSvc_utils_cfg: loc_set_config_entry: PARAM PLATFORMS = all
06-21 23:13:33.130  1062  1062 D LocSvc_utils_cfg: loc_set_config_entry: PARAM BASEBAND = all
06-21 23:13:33.130  1062  1062 D LocSvc_utils_cfg: loc_set_config_entry: PARAM LEAN_TARGETS = DISABLED
06-21 23:13:33.130  1062  1062 D LocSvc_utils_cfg: loc_set_config_entry: PARAM HARDWARE_TYPE = all
06-21 23:13:33.130  1062  1062 D LocSvc_launcher: main:552]: Process xtwifi-inet-agent is enabled in conf file
06-21 23:13:33.130  1062  1062 D LocSvc_misc_utils: loc_util_split_string:51]: raw string: inet gps
06-21 23:13:33.130  1062  1062 D LocSvc_misc_utils: loc_util_split_string:60]: split string: inet
06-21 23:13:33.130  1062  1062 D LocSvc_misc_utils: loc_util_split_string:60]: split string: gps
06-21 23:13:33.130  1062  1062 D LocSvc_misc_utils: loc_util_split_string:74]: num_split_strings: 2
06-21 23:13:33.130  1062  1062 D LocSvc_launcher: main:579]:Group inet = 3003 matches child_group: 3003
06-21 23:13:33.130  1062  1062 D LocSvc_launcher: main:579]:Group gps = 1021 matches child_group: 1021
06-21 23:13:33.130  1062  1062 D LocSvc_misc_utils: loc_util_split_string:51]: raw string: all
06-21 23:13:33.130  1062  1062 D LocSvc_misc_utils: loc_util_split_string:60]: split string: all
06-21 23:13:33.130  1062  1062 D LocSvc_misc_utils: loc_util_split_string:74]: num_split_strings: 1
06-21 23:13:33.130  1062  1062 D LocSvc_launcher: main:587]: Enabled for all targets
06-21 23:13:33.130  1062  1062 D LocSvc_misc_utils: loc_util_split_string:51]: raw string: all
06-21 23:13:33.130  1062  1062 D LocSvc_misc_utils: loc_util_split_string:60]: split string: all
06-21 23:13:33.131  1062  1062 D LocSvc_misc_utils: loc_util_split_string:74]: num_split_strings: 1
06-21 23:13:33.131  1062  1062 D LocSvc_launcher: main:615]: Enabled for all basebands
06-21 23:13:33.131  1062  1062 D LocSvc_misc_utils: loc_util_split_string:51]: raw string: all
06-21 23:13:33.131  1062  1062 D LocSvc_misc_utils: loc_util_split_string:60]: split string: all
06-21 23:13:33.131  1062  1062 D LocSvc_misc_utils: loc_util_split_string:74]: num_split_strings: 1
06-21 23:13:33.131  1062  1062 D LocSvc_launcher: main:650]: Enabled for all auto platforms
06-21 23:13:33.131  1062  1062 D LocSvc_misc_utils: loc_util_split_string:51]: raw string: DISABLED
06-21 23:13:33.131  1062  1062 D LocSvc_misc_utils: loc_util_split_string:60]: split string: DISABLED
06-21 23:13:33.131  1062  1062 D LocSvc_misc_utils: loc_util_split_string:74]: num_split_strings: 1
06-21 23:13:33.131  1062  1062 D LocSvc_launcher: main:688]: Enabled. xtwifi-inet-agent has service mask: f0f
06-21 23:13:33.131  1062  1062 D LocSvc_launcher: main:773]: xtwifi-inet-agent args
06-21 23:13:33.131  1062  1062 D LocSvc_launcher: main:776]: k: 0, xtwifi-inet-agent
06-21 23:13:33.131  1062  1062 D LocSvc_launcher: main:776]: k: 1, --gtp-wifi
06-21 23:13:33.131  1062  1062 D LocSvc_launcher: main:776]: k: 2, BASIC
06-21 23:13:33.131  1062  1062 D LocSvc_launcher: main:776]: k: 3, --gtp-modem-cell
06-21 23:13:33.131  1062  1062 D LocSvc_launcher: main:776]: k: 4, BASIC
06-21 23:13:33.131  1062  1062 D LocSvc_launcher: main:776]: k: 5, --gtp-ap-cell
06-21 23:13:33.131  1062  1062 D LocSvc_launcher: main:776]: k: 6, DISABLED
06-21 23:13:33.131  1062  1062 D LocSvc_launcher: main:776]: k: 7, --gtp-waa
06-21 23:13:33.131  1062  1062 D LocSvc_launcher: main:776]: k: 8, DISABLED
06-21 23:13:33.131   747  1137 I tftp_server: pid=747 tid=1137 tftp-server : INF :[tftp_server.c, 1044] OACK options : [7680, 200, 3302204, 10, 0, 0, 0, 0]
06-21 23:13:33.131  1062  1062 D LocSvc_launcher: main:780]: 
06-21 23:13:33.131   747  1137 I tftp_server: pid=747 tid=1137 tftp-server : INF :[tftp_os_la.c, 59] open : [-1] [-1] [384] [0] [/vendor/rfs/msm/mpss/readonly/firmware/image/wlanmdsp.mbn]
06-21 23:13:33.131  1062  1062 D LocSvc_launcher: main] Parsing Process_Arguments from Configuration: 
06-21 23:13:33.131  1062  1062 D LocSvc_launcher:  
06-21 23:13:33.131  1062  1062 D LocSvc_misc_utils: loc_util_split_string:51]: raw string: 
06-21 23:13:33.131  1062  1062 D LocSvc_misc_utils: 
06-21 23:13:33.131  1062  1062 D LocSvc_misc_utils: loc_util_split_string:60]: split string: 
06-21 23:13:33.131  1062  1062 D LocSvc_misc_utils: 
06-21 23:13:33.131  1062  1062 D LocSvc_misc_utils: loc_util_split_string:74]: num_split_strings: 1
06-21 23:13:33.131  1062  1062 D LocSvc_utils_cfg: loc_read_conf_r:283]: num_params: 10
06-21 23:13:33.131  1062  1062 D LocSvc_utils_cfg: loc_set_config_entry: PARAM PROCESS_NAME = xtwifi-client
06-21 23:13:33.131  1062  1062 D LocSvc_utils_cfg: loc_set_config_entry: PARAM PROCESS_ARGUMENT = 
06-21 23:13:33.131  1062  1062 D LocSvc_utils_cfg: loc_set_config_entry: PARAM PROCESS_STATE = ENABLED
06-21 23:13:33.132  1062  1062 D LocSvc_utils_cfg: loc_set_config_entry: PARAM PROCESS_GROUPS = wifi inet gps system oem_2952
06-21 23:13:33.132  1062  1062 D LocSvc_utils_cfg: loc_set_config_entry: PARAM PREMIUM_FEATURE = 1
06-21 23:13:33.132  1062  1062 D LocSvc_utils_cfg: loc_set_config_entry: PARAM IZAT_FEATURE_MASK = 3855
06-21 23:13:33.132  1062  1062 D LocSvc_utils_cfg: loc_set_config_entry: PARAM PLATFORMS = all
06-21 23:13:33.132  1062  1062 D LocSvc_utils_cfg: loc_set_config_entry: PARAM BASEBAND = all
06-21 23:13:33.132  1062  1062 D LocSvc_utils_cfg: loc_set_config_entry: PARAM LEAN_TARGETS = DISABLED
06-21 23:13:33.132  1062  1062 D LocSvc_utils_cfg: loc_set_config_entry: PARAM HARDWARE_TYPE = all
06-21 23:13:33.132  1062  1062 D LocSvc_launcher: main:552]: Process xtwifi-client is enabled in conf file
06-21 23:13:33.132  1062  1062 D LocSvc_misc_utils: loc_util_split_string:51]: raw string: wifi inet gps system oem_2952
06-21 23:13:33.132  1062  1062 D LocSvc_misc_utils: loc_util_split_string:60]: split string: wifi
06-21 23:13:33.132  1062  1062 D LocSvc_misc_utils: loc_util_split_string:60]: split string: inet
06-21 23:13:33.132  1062  1062 D LocSvc_misc_utils: loc_util_split_string:60]: split string: gps
06-21 23:13:33.132  1062  1062 D LocSvc_misc_utils: loc_util_split_string:60]: split string: system
06-21 23:13:33.132  1062  1062 D LocSvc_misc_utils: loc_util_split_string:60]: split string: oem_2952
06-21 23:13:33.132  1062  1062 D LocSvc_misc_utils: loc_util_split_string:74]: num_split_strings: 5
06-21 23:13:33.132  1062  1062 D LocSvc_launcher: main:579]:Group wifi = 1010 matches child_group: 1010
06-21 23:13:33.132  1062  1062 D LocSvc_launcher: main:579]:Group inet = 3003 matches child_group: 3003
06-21 23:13:33.132  1062  1062 D LocSvc_launcher: main:579]:Group gps = 1021 matches child_group: 1021
06-21 23:13:33.132  1062  1062 D LocSvc_launcher: main:579]:Group system = 1000 matches child_group: 1000
06-21 23:13:33.132  1062  1062 D LocSvc_launcher: main:579]:Group oem_2952 = 2952 matches child_group: 2952
06-21 23:13:33.132  1062  1062 D LocSvc_misc_utils: loc_util_split_string:51]: raw string: all
06-21 23:13:33.132  1062  1062 D LocSvc_misc_utils: loc_util_split_string:60]: split string: all
06-21 23:13:33.132  1062  1062 D LocSvc_misc_utils: loc_util_split_string:74]: num_split_strings: 1
06-21 23:13:33.132  1062  1062 D LocSvc_launcher: main:587]: Enabled for all targets
06-21 23:13:33.132  1062  1062 D LocSvc_misc_utils: loc_util_split_string:51]: raw string: all
06-21 23:13:33.132  1062  1062 D LocSvc_misc_utils: loc_util_split_string:60]: split string: all
06-21 23:13:33.132  1062  1062 D LocSvc_misc_utils: loc_util_split_string:74]: num_split_strings: 1
06-21 23:13:33.132  1062  1062 D LocSvc_launcher: main:615]: Enabled for all basebands
06-21 23:13:33.133  1062  1062 D LocSvc_misc_utils: loc_util_split_string:51]: raw string: all
06-21 23:13:33.133  1062  1062 D LocSvc_misc_utils: loc_util_split_string:60]: split string: all
06-21 23:13:33.133  1062  1062 D LocSvc_misc_utils: loc_util_split_string:74]: num_split_strings: 1
06-21 23:13:33.133  1062  1062 D LocSvc_launcher: main:650]: Enabled for all auto platforms
06-21 23:13:33.133  1062  1062 D LocSvc_misc_utils: loc_util_split_string:51]: raw string: DISABLED
06-21 23:13:33.133  1062  1062 D LocSvc_misc_utils: loc_util_split_string:60]: split string: DISABLED
06-21 23:13:33.133  1062  1062 D LocSvc_misc_utils: loc_util_split_string:74]: num_split_strings: 1
06-21 23:13:33.133  1062  1062 D LocSvc_launcher: main:688]: Enabled. xtwifi-client has service mask: f0f
06-21 23:13:33.133  1062  1062 D LocSvc_launcher: main:773]: xtwifi-client args
06-21 23:13:33.133  1062  1062 D LocSvc_launcher: main:776]: k: 0, xtwifi-client
06-21 23:13:33.133  1062  1062 D LocSvc_launcher: main:776]: k: 1, --gtp-wifi
06-21 23:13:33.133  1062  1062 D LocSvc_launcher: main:776]: k: 2, BASIC
06-21 23:13:33.133  1062  1062 D LocSvc_launcher: main:776]: k: 3, --gtp-modem-cell
06-21 23:13:33.133  1062  1062 D LocSvc_launcher: main:776]: k: 4, BASIC
06-21 23:13:33.133  1062  1062 D LocSvc_launcher: main:776]: k: 5, --gtp-ap-cell
06-21 23:13:33.133  1062  1062 D LocSvc_launcher: main:776]: k: 6, DISABLED
06-21 23:13:33.133  1062  1062 D LocSvc_launcher: main:776]: k: 7, --gtp-waa
06-21 23:13:33.133  1062  1062 D LocSvc_launcher: main:776]: k: 8, DISABLED
06-21 23:13:33.133  1062  1062 D LocSvc_launcher: main:780]: 
06-21 23:13:33.133  1062  1062 D LocSvc_launcher: main] Parsing Process_Arguments from Configuration: 
06-21 23:13:33.133  1062  1062 D LocSvc_launcher:  
06-21 23:13:33.133  1062  1062 D LocSvc_misc_utils: loc_util_split_string:51]: raw string: 
06-21 23:13:33.133  1062  1062 D LocSvc_misc_utils: 
06-21 23:13:33.133  1062  1062 D LocSvc_misc_utils: loc_util_split_string:60]: split string: 
06-21 23:13:33.133  1062  1062 D LocSvc_misc_utils: 
06-21 23:13:33.133  1062  1062 D LocSvc_misc_utils: loc_util_split_string:74]: num_split_strings: 1
06-21 23:13:33.133  1062  1062 D LocSvc_utils_cfg: loc_read_conf_r:283]: num_params: 10
06-21 23:13:33.133  1062  1062 D LocSvc_utils_cfg: loc_set_config_entry: PARAM PROCESS_NAME = slim_daemon
06-21 23:13:33.133  1062  1062 D LocSvc_utils_cfg: loc_set_config_entry: PARAM PROCESS_ARGUMENT = 
06-21 23:13:33.133   747   747 I tftp_server: pid=747 tid=747 tftp-server : INF :[tftp_server.c, 524] rcvd request [1] [90] [1] [0] [75]
06-21 23:13:33.133  1062  1062 D LocSvc_utils_cfg: loc_set_config_entry: PARAM PROCESS_STATE = ENABLED
06-21 23:13:33.133  1062  1062 D LocSvc_utils_cfg: loc_set_config_entry: PARAM PROCESS_GROUPS = gps oem_2901 can
06-21 23:13:33.133  1062  1062 D LocSvc_utils_cfg: loc_set_config_entry: PARAM PREMIUM_FEATURE = 1
06-21 23:13:33.136  1044  1044 W ADebug  : Failed to get property persist.sys.media.traces
06-21 23:13:33.137   747  1137 I tftp_server: pid=747 tid=1137 tftp-server : INF :[tftp_protocol.c, 703] Recd END OF TRANSFER pkt. Code = 9, Msg = End of Transfer
06-21 23:13:33.137   747  1137 I tftp_server: pid=747 tid=1137 tftp-server : INF :[tftp_server.c, 1152] RRQ stats : sent_size = 0 total-blocks = 0 total-bytes = 0 timedout-pkts = 0, wrong-pkts = 0
06-21 23:13:33.137   747  1137 I tftp_server: pid=747 tid=1137 tftp-server : INF :[tftp_server.c, 1156] RRQ time stats : Total : [TX, RX] = [140, 5769]
06-21 23:13:33.137   747  1137 I tftp_server: pid=747 tid=1137 tftp-server : INF :[tftp_server.c, 1162] RRQ time stats : Tx/Rx [Min, Max] = [140, 140, 5769, 5769]
06-21 23:13:33.137   747  1137 I tftp_server: pid=747 tid=1137 tftp-server : INF :[tftp_server.c, 1178] RRQ was successfully processed.
06-21 23:13:33.138  1044  1044 I mediaserver: ServiceManager: 0xf65188a0
06-21 23:13:33.139  1049  1049 E IptablesRestoreController: IptablesRestoreController::execute(): *filter
06-21 23:13:33.139  1049  1049 E IptablesRestoreController: :INPUT -
06-21 23:13:33.139  1049  1049 E IptablesRestoreController: -F INPUT
06-21 23:13:33.139  1049  1049 E IptablesRestoreController: :bw_INPUT -
06-21 23:13:33.139  1049  1049 E IptablesRestoreController: -A INPUT -j bw_INPUT
06-21 23:13:33.139  1049  1049 E IptablesRestoreController: :fw_INPUT -
06-21 23:13:33.139  1049  1049 E IptablesRestoreController: -A INPUT -j fw_INPUT
06-21 23:13:33.139  1049  1049 E IptablesRestoreController: :firewall -
06-21 23:13:33.139  1049  1049 E IptablesRestoreController: -A INPUT -j firewall
06-21 23:13:33.139  1049  1049 E IptablesRestoreController: COMMIT
06-21 23:13:33.142  1018  1064 E /vendor/bin/adsprpcd: vendor/qcom/proprietary/adsprpc/src/apps_std_imp.c:695:Error 45: fopen failed for custom_qm_ecns_1.so.1. (No such file or directory)
06-21 23:13:33.142  1018  1064 E /vendor/bin/adsprpcd: vendor/qcom/proprietary/adsprpc/src/apps_std_imp.c:695:Error 45: fopen failed for custom_qm_ecns_2.so.1. (No such file or directory)
06-21 23:13:33.162  1062  1062 E LocSvc_launcher: sig_handler_chld:159]: Received SIGCHLD
06-21 23:13:33.163  1016  1123 E /vendor/bin/vppservice: vendor/qcom/proprietary/adsprpc/src/apps_std_imp.c:695:Error 45: fopen failed for testsig.so. (No such file or directory)
06-21 23:13:33.165  1062  1062 D LocSvc_launcher: Child xtwifi-inet-agent created with pid: 1169
06-21 23:13:33.165  1062  1062 D LocSvc_launcher: main:908]: Forking child: 5, name: xtwifi-client
06-21 23:13:33.166   747  1136 I tftp_server: pid=747 tid=1136 tftp-server : INF :[tftp_server_utils.c, 113] file [readwrite/ota_firewall/ruleset] : [/vendor/rfs/msm/mpss/readwrite/ota_firewall/ruleset]
06-21 23:13:33.167   747  1136 I tftp_server: pid=747 tid=1136 tftp-server : INF :[tftp_server.c, 1044] OACK options : [7680, 200, 0, 10, 0, 0, 0, 0]
06-21 23:13:33.167   747  1136 I tftp_server: pid=747 tid=1136 tftp-server : INF :[tftp_os_la.c, 59] open : [-1] [-1] [384] [0] [/vendor/rfs/msm/mpss/readwrite/ota_firewall/ruleset]
06-21 23:13:33.167   747  1136 E tftp_server: pid=747 tid=1136 tftp-server : ERR :[tftp_os_la.c, 65] open failed: [2] [No such file or directory]
06-21 23:13:33.167   747  1136 E tftp_server: pid=747 tid=1136 tftp-server : ERR :[tftp_server.c, 1519] open failed : [-2] [Unknown error -2]
06-21 23:13:33.167   747  1136 E tftp_server: pid=747 tid=1136 tftp-server : ERR :[tftp_protocol.c, 1146] sending error-pkt. Code = 1, Msg = Err=2 String=No such file or directory
06-21 23:13:33.167  1169  1169 D LocSvc_launcher: Child born- pid: 1169, uid: 1021, euid: 1021, gid: 1021, egid: 1021
06-21 23:13:33.167  1169  1169 D LocSvc_launcher: main:923]: Groups set
06-21 23:13:33.167  1169  1169 D LocSvc_launcher: GIDs from child:
06-21 23:13:33.167  1169  1169 D LocSvc_launcher: 1021 
06-21 23:13:33.167  1169  1169 D LocSvc_launcher: 3003 
06-21 23:13:33.167  1169  1169 D LocSvc_launcher: 
06-21 23:13:33.168  1062  1062 D LocSvc_launcher: Child xtwifi-client created with pid: 1171
06-21 23:13:33.168  1169  1169 E LocSvc_launcher: 
06-21 23:13:33.168  1169  1169 E LocSvc_launcher: Error! execvp() returned. Something is wrong. Could not start xtwifi-inet-agent,Error: 13 [Permission denied]
06-21 23:13:33.168  1062  1062 D LocSvc_launcher: main:908]: Forking child: 6, name: slim_daemon
06-21 23:13:33.170  1062  1062 D LocSvc_launcher: Child slim_daemon created with pid: 1173
06-21 23:13:33.171  1062  1062 D LocSvc_launcher: main:908]: Forking child: 7, name: xtra-daemon
06-21 23:13:33.171  1062  1062 E LocSvc_launcher: sig_handler_chld:159]: Received SIGCHLD
06-21 23:13:33.171  1171  1171 D LocSvc_launcher: Child born- pid: 1171, uid: 1021, euid: 1021, gid: 1021, egid: 1021
06-21 23:13:33.171  1171  1171 D LocSvc_launcher: main:923]: Groups set
06-21 23:13:33.171  1171  1171 D LocSvc_launcher: GIDs from child:
06-21 23:13:33.171  1171  1171 D LocSvc_launcher: 1000 
06-21 23:13:33.171  1171  1171 D LocSvc_launcher: 1010 
06-21 23:13:33.171  1171  1171 D LocSvc_launcher: 1021 
06-21 23:13:33.171  1173  1173 D LocSvc_launcher: Child born- pid: 1173, uid: 1021, euid: 1021, gid: 1021, egid: 1021
06-21 23:13:33.171  1171  1171 D LocSvc_launcher: 2952 
06-21 23:13:33.171  1173  1173 D LocSvc_launcher: main:923]: Groups set
06-21 23:13:33.171  1171  1171 D LocSvc_launcher: 3003 
06-21 23:13:33.171  1173  1173 D LocSvc_launcher: GIDs from child:
06-21 23:13:33.171  1173  1173 D LocSvc_launcher: 1021 
06-21 23:13:33.171  1171  1171 D LocSvc_launcher: 
06-21 23:13:33.171  1173  1173 D LocSvc_launcher: 2901 
06-21 23:13:33.171  1173  1173 D LocSvc_launcher: 
06-21 23:13:33.172  1171  1171 E LocSvc_launcher: 
06-21 23:13:33.172  1171  1171 E LocSvc_launcher: Error! execvp() returned. Something is wrong. Could not start xtwifi-client,Error: 13 [Permission denied]
06-21 23:13:33.173  1062  1062 D LocSvc_launcher: Child xtra-daemon created with pid: 1175
06-21 23:13:33.173  1062  1062 D LocSvc_launcher: main:833]: Child_id: 1162; child name: lowi-server
06-21 23:13:33.173  1062  1062 E LocSvc_launcher: main:840]: Exit status: 1. Restarting
06-21 23:13:33.173  1062  1062 E LocSvc_launcher: main:849]: Restarting lowi-server. Number of restarts: 1
06-21 23:13:33.173  1062  1062 D LocSvc_launcher: main:833]: Child_id: 1169; child name: xtwifi-inet-agent
06-21 23:13:33.173  1062  1062 E LocSvc_launcher: main:840]: Exit status: 1. Restarting
06-21 23:13:33.173  1062  1062 E LocSvc_launcher: main:849]: Restarting xtwifi-inet-agent. Number of restarts: 1
06-21 23:13:33.173  1062  1062 D LocSvc_launcher: main:833]: Child_id: 1171; child name: xtwifi-client
06-21 23:13:33.173  1062  1062 D LocSvc_launcher: main:882]: Either the xtwifi-client did not exit or waitpid returned error
06-21 23:13:33.173  1062  1062 D LocSvc_launcher: main:833]: Child_id: 1173; child name: slim_daemon
06-21 23:13:33.173  1062  1062 D LocSvc_launcher: main:882]: Either the slim_daemon did not exit or waitpid returned error
06-21 23:13:33.173  1062  1062 D LocSvc_launcher: main:833]: Child_id: 1175; child name: xtra-daemon
06-21 23:13:33.173  1062  1062 D LocSvc_launcher: main:882]: Either the xtra-daemon did not exit or waitpid returned error
